07-25 10:34:54.423  1268  1945 I Lyric   : zuma_isp_subgraph.cc:518: preview_mesh_warp: Pipeline (ID: (instance_id: 1979), IPs: [ MeshWarp ], Max Outputs: 1, IPConnections: [ ], Usecase: Realtime)
07-25 10:34:54.423  1268  1945 I Lyric   : zuma_isp_subgraph.cc:520: video_mesh_warp: Pipeline (ID: (instance_id: 1980), IPs: [ MeshWarp ], Max Outputs: 1, IPConnections: [ ], Usecase: Video)
07-25 10:34:54.423  1268  1945 I Lyric   : zuma_isp_subgraph.cc:522: mesh_warp_for_snapshot_exceeding_video: Pipeline (ID: (instance_id: 1981), IPs: [ MeshWarp ], Max Outputs: 1, IPConnections: [ ], Usecase: Snapshot)
07-25 10:34:54.423  1268  1945 I Lyric   : zuma_isp_subgraph.cc:525: pipeline_info_for_dsnr_snapshot_mesh_warp: Pipeline (ID: (instance_id: 1982), IPs: [ MeshWarp ], Max Outputs: 1, IPConnections: [ ], Usecase: SnapshotForDsnr)
07-25 10:34:54.423  1268  1945 I Lyric   : zuma_isp_subgraph.cc:528: post_itsc_scaler: Pipeline (ID: (instance_id: 1983), IPs: [ Scaler ], Max Outputs: 0, IPConnections: [ ], Usecase: PostItsc)
07-25 10:34:54.423  1268  1945 I Lyric   : zuma_isp_subgraph.cc:530: preview_scaler: Pipeline (ID: (instance_id: 1984), IPs: [ Scaler ], Max Outputs: 0, IPConnections: [ ], Usecase: Realtime)
07-25 10:34:54.423  1268  1945 I Lyric   : zuma_isp_subgraph.cc:532: video_scaler: Pipeline (ID: (instance_id: 1985), IPs: [ Scaler ], Max Outputs: 0, IPConnections: [ ], Usecase: Video)
07-25 10:34:54.423  1268  1945 I Lyric   : zuma_isp_subgraph.cc:534: scaler_for_snapshot_exceeding_video: Pipeline (ID: (instance_id: 1986), IPs: [ Scaler ], Max Outputs: 0, IPConnections: [ ], Usecase: Snapshot)
07-25 10:34:54.423  1268  1945 I Lyric   : zuma_isp_subgraph.cc:537: recomp_scaler: Pipeline (ID: (instance_id: 1987), IPs: [ Scaler ], Max Outputs: 0, IPConnections: [ ], Usecase: Recomposition)
07-25 10:34:54.423  1268  1945 I Lyric   : zuma_isp_subgraph.cc:539: pipeline_info_for_dsnr_snapshot_scaler: Pipeline (ID: (instance_id: 1988), IPs: [ Scaler ], Max Outputs: 0, IPConnections: [ ], Usecase: SnapshotForDsnr)
07-25 10:34:54.423  1268  1945 I Lyric   : zuma_isp_subgraph.cc:543: pipeline_info_for_throttled_scaled_streams_raw_to_yuv: Pipeline (ID: (instance_id: 1989), IPs: [ RawToYuv ], Max Outputs: 1, IPConnections: [ ], Usecase: Realtime)
07-25 10:34:54.423  1268  1945 I Lyric   : zuma_isp_subgraph.cc:546: pipeline_info_for_throttled_recomposition_scaler: Pipeline (ID: (instance_id: 1990), IPs: [ Scaler ], Max Outputs: 0, IPConnections: [ ], Usecase: Recomposition)
07-25 10:34:54.423  1268  1945 I Lyric   : zuma_isp_subgraph.cc:549: pipeline_info_for_throttled_preview_scaler: Pipeline (ID: (instance_id: 1991), IPs: [ Scaler ], Max Outputs: 0, IPConnections: [ ], Usecase: Realtime)
07-25 10:34:54.423  1268  1945 I Lyric   : zuma_like_isp_front_end_subgraph.cc:175: FrontEndNode PoolAllocator(raw_allocator) took 11.312us to initialize
07-25 10:34:54.423  1268  1945 I Lyric   : unified_zuma_front_end_controller.cc:1049: LMP DDS crop enabled: false, debug property value: false, AutoCal crop enabled: false, YUV to framework enabled: false
07-25 10:34:54.423  1268  1945 I Lyric   : whi_like_isp_back_end_core_subgraph.cc:821: RawToYuvNode is configured to output consumer type 3 fmt: HalImageFormat{ pixel_format = YCBCR_420_888, stride_alignment = 16, num_buffers = 1 } for Front
07-25 10:34:54.423  1268  2154 I Lyric   : direct_channel_motion_sensor_data_streamer.cc:490: gravity direct channel created.
07-25 10:34:54.423  1268  1945 I Lyric   : whi_like_isp_back_end_core_subgraph.cc:921: RawToYuvNode for snapshot exceeding video is configured to output consumer type 2 fmt: HalImageFormat{ pixel_format = YCBCR_420_SPN_10B, stride_alignment = 64, num_buffers = 1 } for Front
07-25 10:34:54.423  1268  1945 I Lyric   : whi_like_isp_back_end_core_subgraph.cc:1744: Align map output not enabled!
07-25 10:34:54.424  1268  1945 I Lyric   : camera_device_session_manager_base.cc:1434: Stream 1 limited to 7 inflight requests
07-25 10:34:54.424  1268  1945 I Lyric   : camera_device_session_manager_base.cc:1434: Stream 0 limited to 7 inflight requests
07-25 10:34:54.424  1268  1945 I Lyric   : camera_device_session_manager_base.cc:1444: Front frontend limited to 3 inflight requests
07-25 10:34:54.424  1268  1945 I Lyric   : generic_subgraph.cc:3126: camera_id = 5; is_front_camera = 1; is_1p_camera_app = 1; video_call = 0
07-25 10:34:54.424  1268  1945 W Lyric   : auto_white_balance_node.cc:307: cam5_awb does not have available actuator controller for fetching the latest actuator target position.
07-25 10:34:54.424  1268  1945 I Lyric   : auto_exposure_node.cc:622: cam5_ae: CPU affinity setting: Medium Core
07-25 10:34:54.425  1268  1988 I Lyric   : multicam_graph.cc:1297: AE is connected to multicam routing node for camera Front(5)
07-25 10:34:54.425  1268  1988 I Lyric   : multicam_graph.cc:1305: AWB is connected to multicam routing node for camera Front(5)
07-25 10:34:54.425  1268  1988 I Lyric   : multicam_graph.cc:1325: number of video bokeh nodes connected to multicam routing node = 0
07-25 10:34:54.425  1268  1988 I Lyric   : multicam_graph.cc:1328: number of rectiface nodes connected to multicam routing node = 0
07-25 10:34:54.425  1268  1988 I Lyric   : multicam_graph.cc:1331: number of EIS nodes connected to multicam routing node = 0
07-25 10:34:54.425  1268  1988 I Lyric   : whi_like_isp_back_end_core_subgraph.cc:189: RawToYuvNode(Front) output size: {width: 1600, height: 1200}
07-25 10:34:54.425  1268  1988 I Lyric   : multicam_controller_base.cc:1263: FOV transition patcipant camera: Front (id: 5)
07-25 10:34:54.425  1268  1988 I Lyric   : multicam_controller_base.cc:1547: There is only one camera Front participant, make a static vote for lead role
07-25 10:34:54.425  1268  1988 W Lyric   : multicam_defs.h:458: Can't found CameraFov for 
07-25 10:34:54.425  1268  1988 I Lyric   : multicam_controller_base.cc:1399: Lead camera is not locked. System property value: 
07-25 10:34:54.425  1268  1988 I Lyric   : multicam_controller_base.cc:1361: Allocated context: 0xb400007bb150d430 for logical camera: FrontMultiFov, enable 3a overwrite: 0, enable FTR: 0, enable device state transition: 0, enable tele in pip: 0, max active camera number: 1
07-25 10:34:54.425  1268  1988 I Lyric   : camera_device_session_manager_base.cc:588: Successfully constructed graph: top_graph_for_camera_FrontMultiFov, graph class: MulticamGraph, graph_configuration:
07-25 10:34:54.425  1268  1988 I Lyric   : graph_configuration.cc:378: {type: Streaminfo, stream_id: 1, camera_id: Front, format: RAW10, width: 3648, height: 684, usage: [Protected], stream_type: Output, use_case: Default, data_space: DataSpace(Custom)::Depth, is_framework_physical_stream: 1, dynamic_range_profile: Standard, intended_for_max_resolution_mode: 0, group_id: -1, is_tunable: 0}
07-25 10:34:54.425  1268  1988 I Lyric   : graph_configuration.cc:378: {type: Streaminfo, stream_id: 0, camera_id: Front, format: YCBCR_420_888, width: 1600, height: 1200, usage: [Protected], stream_type: Output, use_case: Default, data_space: DataSpace(Color)::(Standard: BT601_625, Transfer: SMPTE_170M, Range: Full), is_framework_physical_stream: 1, dynamic_range_profile: Standard, intended_for_max_resolution_mode: 0, group_id: -1, is_tunable: 1}
07-25 10:34:54.425  1268  1988 I Lyric   : graph_configuration.cc:381: {type: StreamConfigurationMode, Front: Normal}
07-25 10:34:54.425  1268  1988 I Lyric   : camera_performance_analyzer.cc:21: [CPA] CPA-Lite is enabled.
07-25 10:34:54.425  1268  1988 I Lyric   : graph_runner_deferring_work_queue.cc:120: GraphRunner: Using GraphRunnerDeferringWorkQueue
07-25 10:34:54.425  1268  1988 I Lyric   : graph_runner_deferring_work_queue.cc:122: Thread pool config , Input Priority: High, affinity: Auto, process group: CameraServicePerformance, # of threads: 12
07-25 10:34:54.425  1268  1988 I Lyric   : graph_runner_deferring_work_queue.cc:122: Thread pool config , Input Priority: Normal, affinity: Auto, process group: CameraServicePerformance, # of threads: 7
07-25 10:34:54.425  1268  1988 I Lyric   : graph_runner_deferring_work_queue.cc:122: Thread pool config , Input Priority: Realtime, affinity: Auto, process group: CameraServicePerformance, # of threads: 3
07-25 10:34:54.425  1268  1988 I Lyric   : camera_device_session_manager_base.cc:665: CameraMode: 12
07-25 10:34:54.425  1268  1988 I Lyric   : camera_device_session_manager_base.cc:889: Attempting to start graph:top_graph_for_camera_FrontMultiFov
07-25 10:34:54.426  1268  1765 I Lyric   : sensor_node.cc:493: cam5_sensor SensorNode starting for sensor: DOKKAEBI, camera: Front
07-25 10:34:54.426  1268  1988 I Lyric   : camera_device_session_manager_base.cc:893: Successfully started graph:top_graph_for_camera_FrontMultiFov
07-25 10:34:54.426  1268  1765 W Lyric   : fe_node.cc:794: cam5_frontend Failed to get pdaf calibration data
07-25 10:34:54.426  1268  1765 I Lyric   : unified_zuma_front_end_controller.cc:1049: LMP DDS crop enabled: false, debug property value: false, AutoCal crop enabled: false, YUV to framework enabled: false
07-25 10:34:54.426  1268  3869 I Lyric   : lyric_basic_capture_session.cc:79: LyricBasicCaptureSession created
07-25 10:34:54.427  1268  1763 I G3ACoordinator: awb_session_config_parser_lyric.cc:245: sensor_mode ptr [0xb400007bf12e76e8], sobek_enabled [false], post_process [0]
07-25 10:34:54.427  1268  1763 I G3ACoordinator: awb_session_config_parser_lyric.cc:285: Map sensor mode property: sobek_enabled [false], hdr_mode [0]
07-25 10:34:54.427  1268  1763 I G3ACoordinator: awb_session_config_parser_lyric.cc:210: Map sensor name [DOKKAEBI] binning_factor [1 1] mode_index [5] to GCam sensor ID [1]
07-25 10:34:54.427  1268  1763 I G3ACoordinator: awb_session_config_parser_lyric.cc:145: Fail to read calibration data for camera[front normal]]. Use the default LED decision in tuning!
07-25 10:34:54.427  1268  1763 I G3ACoordinator: awb_engine.cc:428: Use lut file ghawb_para_lut_front_normal.binarypb
07-25 10:34:54.427  1268  1763 I G3ACoordinator: awb_engine.cc:481: Camera 5 Initial decision [2.018429 1 1.3979698] CCT [5407] CCM [1.7672 -0.45425 -0.31295, -0.1125 1.247 -0.1345, 0.073 -0.798 1.725, 0 0 0, 1->1]
07-25 10:34:54.427  1268  1765 I Lyric   : per_camera_barrier_impl.cc:47: Blocker for FeControllerBlockCam5ToStartExp0#0 acquired
07-25 10:34:54.427  1268  1765 I Lyric   : unified_zuma_front_end_controller.cc:1098: [CAM5] Ready to acquire driver context for sensor DOKKAEBI, mode_index 5, csi-ch 6, at (3840x2736). With a normal lens at front position.
07-25 10:34:54.427  1268  1765 I Lyric   : zuma_fe_driver.cc:943: Power Context acquired in FE driver.
07-25 10:34:54.427  1268  1765 I Lyric   : zuma_fe_driver.cc:1170: [ISPFE] Enabling the device
07-25 10:34:54.642     0     0 I trusty  : logging.cc: 79: ***: :219: Command Received: AuthenticationEvaluate
07-25 10:34:54.681     0     0 I trusty  : logging.cc: 83: ***: :123: FixedPointWarpRescale source buffer is not mapped to DSP, expect slower runtime performance.
07-25 10:34:54.681     0     0 I trusty  : logging.cc: 83: ***: :123: FixedPointWarpRescale source buffer is not mapped to DSP, expect slower runtime performance.
07-25 10:34:54.681     0     0 I trusty  : logging.cc: 83: ***: :123: FixedPointWarpRescale source buffer is not mapped to DSP, expect slower runtime performance.
07-25 10:34:54.429  1268  1764 I Lyric   : rgbp_driver.cc:449: Ip version: 0x1050001
07-25 10:34:54.429  1268  1764 I Lyric   : mcfp_driver.cc:804: Ip version: 0x10050000
07-25 10:34:54.429  1268  1764 I Lyric   : yuvp_driver.cc:529: Ip version: 0x1050001
07-25 10:34:54.429  1268  1764 I Lyric   : zuma_be_core_driver_impl.cc:542: Successfully powered up BeCore block.
07-25 10:34:54.699     0     0 I trusty  : logging.cc: 83: ***: :89: ExtractFaceThumbnail source buffer is not mapped to DSP, expect slower runtime performance.
07-25 10:34:54.430  1659  2397 D BackgroundInstallControlService: Package event received: 0
07-25 10:34:54.430  1268  1765 I Lyric   : zuma_fe_resetter.cc:146: FrontEnd: SW Reset begins.
07-25 10:34:54.432  1268  1764 I Lyric   : zuma_secure_operation_controller.cc:71: ZumaSecureOperationController: Requested secure session for zuma-mcfp
07-25 10:34:54.432  1268  1765 I Lyric   : zuma_fe_resetter.cc:157: FrontEnd: SW Reset done: rstctl_status = 0x0
07-25 10:34:54.432  1268 17495 I Lyric   : lwis_event_thread.cc:209: LwEv:FePdma event thread is starting . . .
07-25 10:34:54.432  1268  1765 I Lyric   : zuma_lmp_driver.cc:382: Configuring global system CSRs
07-25 10:34:54.433  1268 17496 I Lyric   : lwis_event_thread.cc:209: LwEv:FeLmp event thread is starting . . .
07-25 10:34:54.433  1268  1765 I Lyric   : zuma_csis_core_driver.cc:198: CSIS Core: ebuf_free_byte_size: 0x75800, ebuf_fifo_intf0_ctl0: 0x967b5c2e
07-25 10:34:54.433  1268  1763 W G3ACoordinator: awb_engine.cc:525: Failed to register data types in data manager.
07-25 10:34:54.433  1268  1763 I G3ACoordinator: awb_engine.cc:528: [2, 5] AwbEngine_2_5 initialized
07-25 10:34:54.433  1268  1763 I Lyric   : motion_sensor_controller_proxy.cc:438: MotionSensor context requests resource change to normal.
07-25 10:34:54.434  1268 17489 I Lyric   : binder_sensor_vsync_reader.cc:40: Enabled BinderSensorVsyncReader, cam_vsync_id: 1
07-25 10:34:54.434  1268  1764 I Lyric   : zuma_secure_operation_controller.cc:71: ZumaSecureOperationController: Requested secure session for zuma-rgbp
07-25 10:34:54.434  1268 17497 I Lyric   : lwis_event_thread.cc:209: LwEv:FePhyLink event thread is starting . . .
07-25 10:34:54.435  1268  1763 I G3ACoordinator: ae_session_config_parser_lyric.cc:201: ispfe_raw_input_resolution [width:3648, height:2736]
07-25 10:34:54.435  1268  1763 I G3ACoordinator: ae_session_config_parser_lyric.cc:254: Map sensor mode property: sobek_enabled = false, g3a_session_info.hdr_mode = 0, sensor_mode_property 0
07-25 10:34:54.435  1268  1763 I G3ACoordinator: ae_session_config_parser_lyric.cc:266: Map sensor name [DOKKAEBI], binning_factor [1, 1] and mode_index [5] to GCam sensor ID [1]
07-25 10:34:54.435  1268  1763 I G3ACoordinator: ae_session_config_parser_lyric.cc:352: Pre-LSC AE stats status: disabled
07-25 10:34:54.435  1268  1763 I G3ACoordinator: ae_engine.cc:319: session_type 2
07-25 10:34:54.435  1268  1763 I G3ACoordinator: ae_engine.cc:2726: GABC fatp_enable_ = 0
07-25 10:34:54.435  1268  1763 I G3ACoordinator: ae_engine.cc:393: [0, 5] AeEngine_0_5 initialized
07-25 10:34:54.436  1268  1763 W Lyric   : auto_exposure_node.cc:1011: cam5_ae failed to acquire eco context: UNAVAILABLE: Not able to create valid eco proxy client
07-25 10:34:54.436  1268  1763 E Lyric   : auto_exposure_node.cc:1046: cam5_ae: Failed to get tof context: INTERNAL: attempt to acquire context with no clients
07-25 10:34:54.436  1268  1957 I Lyric   : spectral_driver.cc:325: Flicker sampling has been enabled.
07-25 10:34:54.744     0     0 I trusty  : logging.cc: 83: ***: :89: ExtractFaceThumbnail source buffer is not mapped to DSP, expect slower runtime performance.
07-25 10:34:54.744     0     0 I trusty  : logging.cc: 83: ***: :89: ExtractFaceThumbnail source buffer is not mapped to DSP, expect slower runtime performance.
07-25 10:34:54.744     0     0 I trusty  : logging.cc: 83: ***: :89: ExtractFaceThumbnail source buffer is not mapped to DSP, expect slower runtime performance.
07-25 10:34:54.744     0     0 I trusty  : logging.cc: 83: ***: :89: ExtractFaceThumbnail source buffer is not mapped to DSP, expect slower runtime performance.
07-25 10:34:54.744     0     0 I trusty  : logging.cc: 79: ***: :219: Command Received: AuthenticationDecide
07-25 10:34:54.744     0     0 I trusty  : logging.cc: 79: ***: :158: Auth decision: authenticated
07-25 10:34:54.744     0     0 I trusty  : INFO: trusty/user/app/keymint/ipc_manager.rs:503 Accepted connection from uuid 8db26df6-9e77-4f61-b3c2-b88a788cbac2.
07-25 10:34:54.744     0     0 I trusty  : [GF_TA][I][gf_tee_storage][trusty_file_open] 0 LHBM_auth_att.so 0
07-25 10:34:54.744     0     0 I trusty  : file_delete():1110: file 8db26df69e774f61b3c2b88a788cbac2/LHBM_auth_att.so not found
07-25 10:34:54.436  1268  1764 I Lyric   : zuma_secure_operation_controller.cc:71: ZumaSecureOperationController: Requested secure session for zuma-yuvp
07-25 10:34:54.436  1268  1763 I Lyric   : page_release_controller.cc:109: Disabling page releasing.
07-25 10:34:54.436  1268  1764 I Lyric   : raw_to_yuv_node.cc:759: Starting node cam5_raw_to_yuv with Pipeline (ID: (instance_id: 1976), IPs: [ RawToYuv ], Max Outputs: 1, IPConnections: [ ], Usecase: Realtime) on camera 5
07-25 10:34:54.437  1268  1956 I Lyric   : spectral_driver.cc:151: Ambient light sampling enabled with mode: 2 stream consumer count: 0
07-25 10:34:54.440  1268  2154 I Lyric   : binder_environment_sensor_reader.cc:78: Enabled BinderEnvironmentSensorReader, type: device_orientation
07-25 10:34:54.440  1268  2154 I Lyric   : motion_sensor_controller_proxy.cc:472: Start to create all sensor readers, enable direct channel: 1, support async query: 0, sample streaming period: 5ms
07-25 10:34:54.442  1268  3869 I Lyric   : camera_powerhal.cc:174: SetPowerBoost Trigger CAMERA_LAUNCH_EXTENDED for 2000ms
07-25 10:34:54.442  1268  3869 I Lyric   : multicam_controller_base.cc:1970: 15 calls in 85 sec(s): Lead camera is locked, skip PIP processing
07-25 10:34:54.442  1268  3869 I Lyric   : multicam_node.cc:1178: ********************dpm: put camera: 5 on NORMAL, frame number: 0, zoom ratio: 1.00 ********************
07-25 10:34:54.442  1268  3869 I Lyric   : multicam_node.cc:1355: ******************** new lead: camera: 5(FrontWide), frame number: 0, zoom ratio: 1.00 *******************
07-25 10:34:54.442  1268  3869 I Lyric   : multicam_node.cc:2102: ====== Multicam status update ======
07-25 10:34:54.442  1268  3869 I Lyric   : multicam_node.cc:2103: Frame number: 0, Lead cam: 5, Zoom ratio: 1.00, APP requested streams:  (0, 5) (1, 5)
07-25 10:34:54.442  1268  3869 I Lyric   : multicam_node.cc:2110: cam: 5, dpm_mode: Normal, activation_flags: None
07-25 10:34:54.442  1268  3869 I Lyric   : retiming_node.cc:1339: ******** dpm: Front(hal id: 5) change DPM mode from Undefined to Normal, is virtual transition: 0, framework request id 0, frame number: 0
07-25 10:34:54.442  1268  1948 W Lyric   : three_a_request_node.cc:124: 15 calls in 85 sec(s): ThreeARequestNode: Error getting  metadata entry [ANDROID_CONTROL_AF_REGIONS]: INVALID_ARGUMENT: Metadata doesn't have the entry for ANDROID_CONTROL_AF_REGIONS
07-25 10:34:54.442  1268  1268 I Lyric   : multicam_node.cc:2102: ====== Multicam status update ======
07-25 10:34:54.442  1268  1268 I Lyric   : multicam_node.cc:2103: Frame number: 1, Lead cam: 5, Zoom ratio: 1.00, APP requested streams:  (0, 5) (1, 5)
07-25 10:34:54.442  1268  1268 I Lyric   : multicam_node.cc:2110: cam: 5, dpm_mode: Undefined, activation_flags: None
07-25 10:34:54.443  1268  1951 I Lyric   : conditional_dpm_node.cc:65: cam5_conditional_dpm turn to dpm mode: Normal, framte number: 0
07-25 10:34:54.443  1268  1948 I G3ACoordinator: ae_input_parser_lyric.cc:1710: Starter frame: rel_frame_num [-3]
07-25 10:34:54.443  1268  1948 W G3ACoordinator: data_manager.cc:154: [5, 27, 9000] can't be found
07-25 10:34:54.443  1268  1948 I G3ACoordinator: ae_engine.cc:474: Starter Frames
07-25 10:34:54.443  1268  1985 I G3ACoordinator: awb_input_parser_lyric.cc:1069: Starter frame: rel_frame_num [-3]
07-25 10:34:54.443  1268  1985 I G3ACoordinator: awb_engine.cc:1848: Load tuning with previous: Usecase: 1 Sensor mode: -1 Viridian value: -1 Camera position: 2 Camera lens_type: 0 Camera spectrum: -1 Partial Usecases: {} current: Usecase: 0 Sensor mode: -1 Viridian value: -1 Camera position: 2 Camera lens_type: 0 Camera spectrum: -1 Partial Usecases: {}
07-25 10:34:54.444  1268  1945 I Lyric   : multisensor_controller.cc:782: Front StartStreaming, waiting on barrier
07-25 10:34:54.444  1268  1945 I Lyric   : multisensor_controller.cc:824: camera Front start prepare spend : 3.459us
07-25 10:34:54.445  1659  2392 V Biometrics/AcquisitionClient: Acquired: 24 0, shouldSend: false
07-25 10:34:54.446  1659  2392 W FaceManager: Unknown authentication acquired message: 24, 0
07-25 10:34:54.446  1268  1953 I Lyric   : unified_zuma_front_end_controller.cc:736: [CAM5] Updating power mode from Standby to Normal on frame 0
07-25 10:34:54.446  1268  1953 I Lyric   : zuma_fe_driver.cc:832: [ISPFE] Acquiring context. Sensor: DOKKAEBI
07-25 10:34:54.446  1268  1953 I Lyric   : switchboard.cc:333: Booked resources: BookedResourceMap below:
07-25 10:34:54.446  1268  1953 I Lyric   :   Resource type Image LoCH at index 0,
07-25 10:34:54.446  1268  1953 I Lyric   :   Resource type Bayer OTF at index 4,
07-25 10:34:54.446  1268  1953 I Lyric   :   Resource type PD WDMA at index 0,
07-25 10:34:54.446  1268  1953 I Lyric   :   Resource type PD LoCH at index 0,
07-25 10:34:54.446  1268  1953 I Lyric   : pd_logical_channel.cc:61: CSIS Core: pd context 0 is tpg 0 for camera 5 created.
07-25 10:34:54.446  1268  1953 I Lyric   : zuma_csis_core_context.cc:402: [CAM5] Created Zuma CSIS Core context for sensor DOKKAEBI with size: {width: 3648, height: 2736}
07-25 10:34:54.446  1268  1953 I Lyric   : zuma_csis_phy_link_context.cc:165: Zuma CsisPhyLinkContext_6 sensor with image size: {width: 3648, height: 2736}, format: raw_10
07-25 10:34:54.446  1268  1953 I Lyric   : zuma_csis_phy_link_context.cc:1322: Zuma CsisPhyLinkContext_6 Rx CTLE enable: 0, is CPHY: 0, mipi rate: 1665Msps
07-25 10:34:54.446  1268  1953 I Lyric   : zuma_csis_phy_link_context.cc:198: Zuma CsisPhyLinkContext_6 Disable Rx CTLE settings NcCoef: 0x0, CntRout: 0x5, BiasCon: 0x8, RselCnt: 0xa, CapCnt: 0xe
07-25 10:34:54.446  1268  1953 I Lyric   : zuma_fc_bayer_context.cc:45: FC bayer context 4 for camera 5 created, sensor output size: {width: 3648, height: 2736} bayer output size: 3648 x 2736
07-25 10:34:54.446  1268  1949 I G3ACoordinator: ae_input_parser_lyric.cc:1710: Starter frame: rel_frame_num [-2]
07-25 10:34:54.447  1268  1953 I Lyric   : zuma_lmp_line_buffer.h:50: For LMP bayer context index 4, requested width 3648 compared to last used width -1, after allocation, the available linebuffer size is 15040
07-25 10:34:54.447  1268  1953 I Lyric   : zuma_lmp_bayer_context.cc:61: Created Zuma LMP context with bayer size: 3648 x 2736 for sensor output stream 3648 x 2736
07-25 10:34:54.447  1268  1949 I G3ACoordinator: ae_engine.cc:474: Starter Frames
07-25 10:34:54.447  1268  1956 I Lyric   : spectral_driver.cc:157: Ambient light sampling switched to mode: 1 stream consumer count: 1
07-25 10:34:54.448  1268 17495 I Lyric   : zuma_fe_pdma_driver.cc:153: [FEIRQ] FE PDMA event 608 #1, timestamp: 8069592645652, name: IspFe.pdma_rstctl.Context0SwResetDone
07-25 10:34:54.448  1268  1953 I Lyric   : test_pattern_calculator.h:61: TpgSync clock: 465000 KHz, fps: 30
07-25 10:34:54.448  1268  1953 I Lyric   : image_logical_channel.cc:113: CSIS Core: ImgLoch_0 size: {width: 3648, height: 2736} auto_rec hblanking: 39336 auto_rec vblanking: 5871864
07-25 10:34:54.448  1268  1953 I Lyric   : test_pattern_calculator.h:61: TpgSync clock: 465000 KHz, fps: 30
07-25 10:34:54.448  1268  1953 I Lyric   : pd_logical_channel.cc:158: CSIS Core: PdLoch_0 size: {width: 3648, height: 684} auto_rec hblanking: 39336 auto_rec vblanking: 5871864
07-25 10:34:54.448  1268  1953 I Lyric   : zuma_csis_phy_link_context.cc:243: Zuma CsisPhyLinkContext_6 Camera ID(5) Initialized
07-25 10:34:54.448  1268  1953 I Lyric   : zuma_csis_phy_link_context.cc:955: Zuma CsisPhyLinkContext_6 IspConfigCh0 with virtual channel: 0, parallel mode: 0, size: {width: 3648, height: 2736}, format: raw_10
07-25 10:34:54.448  1268  1953 I Lyric   : zuma_csis_phy_link_context.cc:955: Zuma CsisPhyLinkContext_6 IspConfigCh1 with virtual channel: 1, parallel mode: 0, size: {width: 3648, height: 684}, format: raw_10
07-25 10:34:54.448  1268  1953 I Lyric   : zuma_csis_phy_link_context.cc:955: Zuma CsisPhyLinkContext_6 IspConfigCh2 with virtual channel: 0, parallel mode: 2, size: {width: 3648, height: 2}, format: 8_bit_data
07-25 10:34:54.449  1268  1953 I Lyric   : zuma_csis_phy_link_context.cc:251: Zuma CsisPhyLinkContext_6 enabled
07-25 10:34:54.449  1268  1953 I Lyric   : zuma_fe_programming.cc:97: [CAM5][ISPFE] Creating programming model. Indices: {bayer_context_index = [4], pdaf_context_index = nullopt, image_loch_indices = [0], pdaf_loch_indices = [0], vc_loch_index = nullopt, rdma_indices = []}
07-25 10:34:54.449  1268  1953 I Lyric   : zuma_fe_programming.cc:108: [CAM5][ISPFE] Submitted repeating SOF sync transaction id 130
07-25 10:34:54.449  1268  1953 I Lyric   : zuma_fe_utils.cc:697: ISP-FE Bandwidth Formula V1.1
07-25 10:34:54.449  1268  1953 I Lyric   : zuma_fe_utils.cc:730: ISP-FE Clock Formula V1.6, csis_core: 83251250 csi_phy: 111000000 lmp: 101772720
07-25 10:34:54.449  1268  1953 I Lyric   : zuma_fe_driver.cc:1325: ISP-FE Qos Update: context(0), csi clock: 111000000, lmp clock: 101772720
07-25 10:34:54.450  1268  1953 I Lyric   : zuma_fe_driver.cc:1388: ISP-FE Qos Update: clock frequency: 111000000, write bandwidth: 769415040, read bandwidth: 0
07-25 10:34:54.450  1268  1989 I G3ACoordinator: awb_input_parser_lyric.cc:1069: Starter frame: rel_frame_num [-2]
07-25 10:34:54.451  1268  1953 I Lyric   : zuma_secure_operation_controller.cc:71: ZumaSecureOperationController: Requested secure session for zuma-fe
07-25 10:34:54.451  1268  1953 I Lyric   : unified_zuma_front_end_controller.cc:195: [CAM5] Acquired driver context for exposure 0.
07-25 10:34:54.451  1268  1953 I Lyric   : per_camera_barrier_impl.cc:47: Blocker for FeControllerBlockCam5ToStop#0 acquired
07-25 10:34:54.451  1268  1953 E Lyric   : software_fence.cc:40: Resetting unsignaled fence unnamed
07-25 10:34:54.451  1268  1953 I Lyric   : fe_node.cc:2639: cam5_frontend HalPixelFormat for FrontEndNode RAW16_BAYER_SBWC
07-25 10:34:54.451  1268  1953 I Lyric   : unified_zuma_front_end_controller.cc:306: [CAM5] The first sensor frame number is changed from -1 to 1 for exposure index 0.
07-25 10:34:54.452  1268  1953 I Lyric   : zuma_csis_core_context.cc:677: [CAM5] queuing PD frame: 1, addr[0]: 0x4bb20000, SQ addr: 0x4be20000
07-25 10:34:54.452  1268  1953 I Lyric   : register_sets.cc:171: ISPFE RegisterUpdate Expression events: IspFe.fc_bayer.Context4FcRegUpdated IspFe.csis_core_pd_proc.LogicalChannel0ShadowUpdate 
07-25 10:34:54.452  1268  1953 I Lyric   : zuma_fe_programming.cc:1047: [CAM5][ISPFE] Releasing sensor start blocker with status OK
07-25 10:34:54.452  1268  1953 I Lyric   : per_camera_barrier_impl.cc:58: Blocker for FeControllerBlockCam5ToStartExp0#0 released with status: OK with lwis fence, which will be waited at sensor start transaction in kernel
07-25 10:34:54.453  1268  1945 I Lyric   : multisensor_controller.cc:830: camera Front start wait for barrier spend : 8.501139ms
07-25 10:34:54.453  1268  1945 I Lyric   : sensor_generic_driver.cc:1250:  event thread started.
07-25 10:34:54.453  1268  1945 I Lyric   : sensor_generic_driver.cc:1430: DOKKAEBI stream on, size: {width: 3648, height: 2736}, frame rate range: [7.5, 30], sensor ispfe sync in kernel with ispfe-side completion fence request id: 0
07-25 10:34:54.453  1268  1945 I Lyric   : per_camera_barrier_impl.cc:47: Blocker for MultiSensorController_Stop acquired
07-25 10:34:54.453  1268  1945 I Lyric   : dpm_bandwidth_controller_v2.cc:964: Update minimum MIF clock to 1000000000 number of active sensor: 1
07-25 10:34:54.453  1268  1945 I Lyric   : dpm_bandwidth_controller_v2.cc:1020: Update minimum INT clock to 200000000 number of active sensor: 1
07-25 10:34:54.453  1268  1789 I Lyric   : zuma_fe_programming.cc:292: [FEIRQ] [CAM5][ISPFE] Received event IspFe.csis_core_pd_proc.LogicalChannel0ShadowUpdate. Count: 1. Timestamp: 8069598428204 ns.
07-25 10:34:54.453  1268  1792 I Lyric   : zuma_csis_core_driver.cc:262: [FEIRQ] CSIS Core context 0: event IspFe.csis_core_cmn_ctl.Loch7 #1, category: 8, count: 1, timestamp: 8069598477195
07-25 10:34:54.453  1268  1789 I Lyric   : zuma_fe_programming.cc:292: [FEIRQ] [CAM5][ISPFE] Received event IspFe.fc_bayer.Context4FcRegUpdated. Count: 1. Timestamp: 8069598529156 ns.
07-25 10:34:54.453  1268  1789 I Lyric   : zuma_fe_programming.cc:628: [CAM5][ISPFE] Enabling LoCHs with register-set states: {fc_lmp_bayer = 1, fc_lmp_pdaf = 0, csis_image_wdmas = [], csis_pd_wdmas = [{0, 1}], csis_vc_wdma = 0, csis_rdmas = [], context_indices = {bayer_context_index = [4], pdaf_context_index = nullopt, image_loch_indices = [0], pdaf_loch_indices = [0], vc_loch_index = nullopt, rdma_indices = []}}
07-25 10:34:54.453  1268  1789 I Lyric   : image_logical_channel.cc:243: CSIS Core: Setting loch_en for ImgLoch_0
07-25 10:34:54.453  1268  1789 I Lyric   : pd_logical_channel.cc:287: CSIS Core: Setting loch_en for PdLoch_0
07-25 10:34:54.454  1268  1789 I Lyric   : zuma_fe_programming.cc:292: [FEIRQ] [CAM5][ISPFE] Received event IspFe.lmp_bayer.Context4RegisterUpdate. Count: 1. Timestamp: 8069598696962 ns.
07-25 10:34:54.454  1268  1953 I G3ACoordinator: ae_input_parser_lyric.cc:1710: Starter frame: rel_frame_num [-1]
07-25 10:34:54.454  1268  1953 I G3ACoordinator: ae_engine.cc:474: Starter Frames
07-25 10:34:54.455  1268  1948 I G3ACoordinator: awb_input_parser_lyric.cc:1069: Starter frame: rel_frame_num [-1]
07-25 10:34:54.460  1268  1989 I Lyric   : zuma_csis_core_context.cc:677: [CAM5] queuing PD frame: 2, addr[0]: 0x4be40000, SQ addr: 0x4be30000
07-25 10:34:54.466  1268 17499 I Lyric   : sensor_generic_driver.cc:1197: DOKKAEBI init success.
07-25 10:34:54.466  1268  1953 I Lyric   : zuma_csis_core_context.cc:677: [CAM5] queuing PD frame: 3, addr[0]: 0x4c140000, SQ addr: 0x4c740000
07-25 10:34:54.474  1659  1876 W PowerManagerService: Screen on took 221 ms
07-25 10:34:54.474  1659  1876 D BrightnessThermalClamper: Thermal status observer already started
07-25 10:34:54.474  1659  1876 I DreamManagerService: Gently waking up from dream.
07-25 10:34:54.478  1268 17499 I Lyric   : sensor_generic_driver.cc:1203: DOKKAEBI set mode success.
07-25 10:34:54.479  2433  2433 W FaceManager: Unknown authentication acquired message: 24, 0
07-25 10:34:54.479  1268 17499 I Lyric   : sensor_generic_driver.cc:1098: DOKKAEBI stream on success. Transaction delay: 25.830933ms
07-25 10:34:54.488  1659  5198 I DreamManagerService: Leaving dreamland.
07-25 10:34:54.490  1659  1800 I DreamController: Stopping dream: name=ComponentInfo{com.android.systemui/com.android.systemui.doze.DozeService}, isPreviewMode=false, canDoze=true, userId=0, reason='finished self'(from 'power manager request')
07-25 10:34:54.501  1268 17497 I Lyric   : zuma_csis_phy_link_driver.cc:220: [FEIRQ] CsisPhyLink context 6 event 2305843009213699458 name: IspFe.csis_int1.Context6FrameStart count: 1 timestamp: 8069646218650
07-25 10:34:54.501  1268 17497 I Lyric   : zuma_csis_phy_link_driver.cc:220: [FEIRQ] CsisPhyLink context 6 event 2305843009213699842 name: IspFe.csis_fs_int.Context6FrameStartCh2 count: 1 timestamp: 8069646258648
07-25 10:34:54.501  1268 17497 I Lyric   : zuma_csis_phy_link_driver.cc:220: [FEIRQ] CsisPhyLink context 6 event 2305843009213699840 name: IspFe.csis_fs_int.Context6FrameStartCh0 count: 1 timestamp: 8069646266257
07-25 10:34:54.501  1268 17497 I Lyric   : dpm_bandwidth_controller_v2.cc:860: Current CLOCK_FAMILY_CAM clock 111000
07-25 10:34:54.501  1268 17497 I Lyric   : dpm_bandwidth_controller_v2.cc:860: Current CLOCK_FAMILY_INTCAM clock 111000
07-25 10:34:54.501  1268 17499 I Lyric   : sensor_generic_driver.cc:939: DOKKAEBI 1st SOF arrived. Delay from stream on: 48.251058ms Delay from stream on transaction: 22.199259ms (Delay - exposure time): 12.2050155ms
07-25 10:34:54.501  1268 17497 I Lyric   : dpm_bandwidth_controller_v2.cc:860: Current CLOCK_FAMILY_MIF clock 3744000
07-25 10:34:54.501  1268 17497 I Lyric   : dpm_bandwidth_controller_v2.cc:860: Current CLOCK_FAMILY_TNR clock 111000
07-25 10:34:54.501  1268 17497 I Lyric   : dpm_bandwidth_controller_v2.cc:860: Current CLOCK_FAMILY_INT clock 356000
07-25 10:34:54.501  1268 17497 I Lyric   : zuma_csis_phy_link_driver.cc:220: [FEIRQ] CsisPhyLink context 6 event 2305843009213699841 name: IspFe.csis_fs_int.Context6FrameStartCh1 count: 1 timestamp: 8069646285911
07-25 10:34:54.501  1268  1792 I Lyric   : zuma_csis_core_driver.cc:262: [FEIRQ] CSIS Core context 0: event IspFe.csis_core_cmn_ctl.Loch0 #1, category: 8, count: 1, timestamp: 8069646371360
07-25 10:34:54.501  1268  1789 I Lyric   : zuma_fe_programming.cc:292: [FEIRQ] [CAM5][ISPFE] Received event IspFe.fe_programming.Context0SofSyncSuccess. Count: 1. Timestamp: 8069646337099 ns.
07-25 10:34:54.503  1268 17499 W Lyric   : shutter_notification_manager.cc:227: 3 calls in 85 sec(s): vsync timeout for frame 1
07-25 10:34:54.503  1268 17499 I Lyric   : shutter_notification_manager.cc:269: 3 calls in 85 sec(s): vsync_timestamp unavailable. Apply previous vsync_sof_offset -874794
07-25 10:34:54.523  1659  1812 D ActivityManager: sync unfroze 5430 com.facebook.katana for 3
07-25 10:34:54.533  1268  1792 I Lyric   : zuma_csis_core_driver.cc:262: [FEIRQ] CSIS Core context 0: event IspFe.csis_core_pd_proc.LogicalChannel0DmaDone #1, category: 15, count: 1, timestamp: 8069677988629
07-25 10:34:54.533  1268  1792 I Lyric   : frame_images_queue_handler.cc:370: [CAM5] PD signaling secure mode frame: 1
07-25 10:34:54.533  1268 17496 I Lyric   : zuma_lmp_driver.cc:481: [FEIRQ] Lmp bayer context 4, event 2305843009213694849, name: IspFe.lmp_bayer.Context4Eof, count: 1, timestamp: 8069678364768
07-25 10:34:54.533  1268 17497 I Lyric   : zuma_csis_phy_link_driver.cc:220: [FEIRQ] CsisPhyLink context 6 event 2305843009213699457 name: IspFe.csis_int1.Context6FrameEnd count: 1 timestamp: 8069678084047
07-25 10:34:54.533  1268 17497 I Lyric   : zuma_csis_phy_link_driver.cc:220: [FEIRQ] CsisPhyLink context 6 event 2305843009213700226 name: IspFe.csis_fe_int.Context6FrameEndCh2 count: 1 timestamp: 8069678116843
07-25 10:34:54.533  1268 17497 I Lyric   : zuma_csis_phy_link_driver.cc:220: [FEIRQ] CsisPhyLink context 6 event 2305843009213700224 name: IspFe.csis_fe_int.Context6FrameEndCh0 count: 1 timestamp: 8069678123679
07-25 10:34:54.534  1268  1948 I Lyric   : raw_to_yuv_node.cc:1297: HalImageFormat for YUV output: HalImageFormat{ pixel_format = YCBCR_420_888, stride_alignment = 16, num_buffers = 1 }
07-25 10:34:54.534  1268 17497 I Lyric   : zuma_csis_phy_link_driver.cc:220: [FEIRQ] CsisPhyLink context 6 event 2305843009213700225 name: IspFe.csis_fe_int.Context6FrameEndCh1 count: 1 timestamp: 8069679609153
07-25 10:34:54.540  1268  1953 I Lyric   : zuma_csis_core_context.cc:677: [CAM5] queuing PD frame: 4, addr[0]: 0x4c440000, SQ addr: 0x4ca10000
07-25 10:34:54.560  1268  1788 I Lyric   : zuma_be_core_event_handler_impl.cc:76: Received Hw event: BeCore.RgbpInt0.FrameEnd counter 1, timestamp: 8069704788962
07-25 10:34:54.560  1268  1788 I Lyric   : zuma_be_core_event_handler_impl.cc:76: Received Hw event: BeCore.YuvpInt0.FrameEnd counter 1, timestamp: 8069704913027
07-25 10:34:54.560  1268 17488 I Lyric   : camera_latency_analyzer.cc:100: [CLA] Cam1-Open
07-25 10:34:54.560  1268 17488 I Lyric   : camera_latency_analyzer.cc:102: [CLA] Open latency: 13.8034
07-25 10:34:54.560  1268 17488 I Lyric   : camera_latency_analyzer.cc:102: [CLA] <-- IDLE --> latency: 29.2542
07-25 10:34:54.560  1268 17488 I Lyric   : camera_latency_analyzer.cc:102: [CLA] ConfigureStream latency: 6.2994
07-25 10:34:54.560  1268 17488 I Lyric   : camera_latency_analyzer.cc:102: [CLA] <-- IDLE --> latency: 14.5529
07-25 10:34:54.560  1268 17488 I Lyric   : camera_latency_analyzer.cc:102: [CLA] First frame latency: 119.321
07-25 10:34:54.560  1268 17488 I Lyric   : camera_latency_analyzer.cc:102: [CLA] Overall latency: 183.245
07-25 10:34:54.560  1268 17488 I Lyric   : camera_latency_analyzer.cc:102: [CLA] HAL Total latency: 139.418
07-25 10:34:54.566  1268  1792 I Lyric   : frame_images_queue_handler.cc:370: [CAM5] PD signaling secure mode frame: 2
07-25 10:34:54.574  1659  2392 V Biometrics/AcquisitionClient: Acquired: 1 0, shouldSend: false
07-25 10:34:54.574  1268  1953 I Lyric   : zuma_csis_core_context.cc:677: [CAM5] queuing PD frame: 5, addr[0]: 0x4ca20000, SQ addr: 0x4be20000
07-25 10:34:54.587  1659  1812 D ActivityManager: sync unfroze 17218 com.google.android.apps.privacy.wildlife for 3
07-25 10:34:54.593  1659  2397 D BackgroundInstallControlService: Package event received: 0
07-25 10:34:54.593  1659  2397 D BackgroundInstallControlService: Package event received: 0
07-25 10:34:54.600  1268  1792 I Lyric   : frame_images_queue_handler.cc:370: [CAM5] PD signaling secure mode frame: 3
07-25 10:34:54.605  1268  1953 I Lyric   : zuma_csis_core_context.cc:677: [CAM5] queuing PD frame: 6, addr[0]: 0x4bb20000, SQ addr: 0x4be30000
07-25 10:34:54.633  1268  1792 I Lyric   : frame_images_queue_handler.cc:370: [CAM5] PD signaling secure mode frame: 4
07-25 10:34:54.640  1659  2392 V Biometrics/AcquisitionClient: Acquired: 0 0, shouldSend: false
07-25 10:34:54.641  1268  1948 I Lyric   : zuma_csis_core_context.cc:677: [CAM5] queuing PD frame: 7, addr[0]: 0x4cff0000, SQ addr: 0x4c740000
07-25 10:34:54.668  1268  1792 I Lyric   : frame_images_queue_handler.cc:370: [CAM5] PD signaling secure mode frame: 5
07-25 10:34:54.848     0     0 I trusty  : logging.cc: 79: ***: :219: Command Received: AuthenticationDelete
07-25 10:34:54.673  1659  5208 W JobScheduler: Job didn't exist in JobStore: 51902d9 {androidx.work.systemjobscheduler} #u0a193/555025268 @androidx.work.systemjobscheduler@com.google.android.apps.photos/androidx.work.impl.background.systemjob.SystemJobService
07-25 10:34:54.675  1268  1949 I Lyric   : zuma_csis_core_context.cc:677: [CAM5] queuing PD frame: 8, addr[0]: 0x4be40000, SQ addr: 0x4ca10000
07-25 10:34:54.700  1268  1792 I Lyric   : frame_images_queue_handler.cc:370: [CAM5] PD signaling secure mode frame: 6
07-25 10:34:54.703  1659  2392 V Biometrics/AcquisitionClient: Acquired: 0 0, shouldSend: false
07-25 10:34:54.708  1659  2392 V BiometricLogger: Authentication latency: 349
07-25 10:34:54.709  1659  2392 V Biometrics/AuthenticationClient: onAuthenticated(true), ID:1, Owner: com.android.systemui, isBP: false, listener: com.android.server.biometrics.sensors.ClientMonitorCallbackConverter@c10f1d9, requireConfirmation: false, user: 0, clientMonitor: {[70] com.android.server.biometrics.sensors.face.aidl.FaceAuthenticationClient, proto=3, owner=com.android.systemui, cookie=0, requestId=27, userId=0}
07-25 10:34:54.709  1659  2392 W Biometrics/AuthenticationClient: Allowing background authentication, this is allowed only for platform or test invocations
07-25 10:34:54.709  1659  2392 D BaseClientMonitor: marking operation as done: {[70] com.android.server.biometrics.sensors.face.aidl.FaceAuthenticationClient, proto=3, owner=com.android.systemui, cookie=0, requestId=27, userId=0}
07-25 10:34:54.709  1659  2392 D BiometricService: resetLockout from: 1, for: 0, userId: 0
07-25 10:34:54.710   550  7068 I keystore2: system/security/keystore2/src/authorization.rs:114 - add_auth_token(challenge=0, userId=6001389671081756547, authId=-1667012110937360383, authType=0x2, timestamp=8071540ms)
07-25 10:34:54.711  1659  2392 D Biometrics/AuthenticationClient: addAuthToken succeeded
07-25 10:34:54.711  1268  1949 I Lyric   : zuma_csis_core_context.cc:677: [CAM5] queuing PD frame: 9, addr[0]: 0x4d5b0000, SQ addr: 0x4be20000
07-25 10:34:54.712  1659  2390 D BiometricScheduler: [Added] {[71] com.android.server.biometrics.sensors.fingerprint.aidl.FingerprintResetLockoutClient, proto=12, owner=android, cookie=0, requestId=-1, userId=0}, new queue size: 1
07-25 10:34:54.712  1659  2390 D BiometricScheduler: [Cancelling Interruptable]: {[69] com.android.server.biometrics.sensors.fingerprint.aidl.FingerprintAuthenticationClient, proto=3, owner=com.android.systemui, cookie=0, requestId=13, userId=0}, State: 2
07-25 10:34:54.712  1659  2390 D BiometricSchedulerOperation: [Cancelling] Current client: {[69] com.android.server.biometrics.sensors.fingerprint.aidl.FingerprintAuthenticationClient, proto=3, owner=com.android.systemui, cookie=0, requestId=13, userId=0}
07-25 10:34:54.714  1659  2392 D BiometricSchedulerOperation: [Finished / destroy]: {[70] com.android.server.biometrics.sensors.face.aidl.FaceAuthenticationClient, proto=3, owner=com.android.systemui, cookie=0, requestId=27, userId=0}
07-25 10:34:54.715  1659  2392 V ALSProbe: Disable ALS: 14305317
07-25 10:34:54.716  1659  2392 D BiometricScheduler: [Finishing] {[70] com.android.server.biometrics.sensors.face.aidl.FaceAuthenticationClient, proto=3, owner=com.android.systemui, cookie=0, requestId=27, userId=0}, success: true
07-25 10:34:54.716  1659  2392 D BiometricScheduler: No operations, returning to idle
07-25 10:34:54.716  1659  2390 D Biometrics/AcquisitionClient: onErrorInternal code: 5, finish: true
07-25 10:34:54.716  1659  2390 V BiometricLogger: Error latency: -1
07-25 10:34:54.716  1659  2390 W BiometricFrameworkStatsLogger: found a negative latency : -1
07-25 10:34:54.717  1659  2390 D BiometricStateCallback: Client finished, state updated to 0, client {[69] com.android.server.biometrics.sensors.fingerprint.aidl.FingerprintAuthenticationClient, proto=3, owner=com.android.systemui, cookie=0, requestId=13, userId=0}
07-25 10:34:54.717  1659  2390 D BiometricSchedulerOperation: [Finished / destroy]: {[69] com.android.server.biometrics.sensors.fingerprint.aidl.FingerprintAuthenticationClient, proto=3, owner=com.android.systemui, cookie=0, requestId=13, userId=0}
07-25 10:34:54.865     0     0 I trusty  : logging.cc: 79: ***"faceauth": :189: Session finished, current heap footprint: 81920, maximum footprint: 11526144
07-25 10:34:54.720  1268  3869 I Lyric   : camera_device_session_hwl_impl.cc:1381: Flush entered, camera_id: 1
07-25 10:34:54.720  1268  3869 I Lyric   : camera_powerhal.cc:174: SetPowerBoost Trigger CAMERA_LAUNCH for 200ms
07-25 10:34:54.720  2433  2433 D FingerprintManager: Cancel fingerprint authentication requested for: 13
07-25 10:34:54.721  1268  3869 I Lyric   : camera_device_session_manager_base.cc:1213: Attempting to flush graph:top_graph_for_camera_FrontMultiFov
07-25 10:34:54.721  1268  1948 I Lyric   : retiming_node.cc:556: Front(hal id: 5), Reporting image frame drop to framework for stream id: 1, request id: 6
07-25 10:34:54.721  1268  1949 I Lyric   : retiming_node.cc:556: Front(hal id: 5), Reporting image frame drop to framework for stream id: 0, request id: 5
07-25 10:34:54.722  1268  3869 I Lyric   : fe_node.cc:1016: cam5_frontend flush at flush_mark 10 output frame stats (ignores fence-signaled drops): {process_input_count = 0, dropped_all_outputs = 0, valid_ae = 0, valid_pre_lsc_ae = 0, valid_uae = 0, valid_awb = 0, valid_histogram = 0, valid_flicker = 0, valid_motion = 0, valid_cdaf = 0, valid_pdaf = 0, valid_align = 0, valid_alias_map = 0, valid_gaussian_pyramid = 0, valid_scaled_rgb_stats = 0, valid_scaled_yuv_stats = 0, valid_lsc = 0, valid_bilateral_grid = 0, valid_scaled_rgb = 0, valid_scaled_yuv = 0, valid_cam_data_dump = 0, valid_pixel_patch = 0}
07-25 10:34:54.722  1268  3869 I Lyric   : unified_zuma_front_end_controller.cc:398: [CAM5] Flushing at Normal mode
07-25 10:34:54.722  1268  3869 I Lyric   : per_camera_barrier_impl.cc:47: Blocker for FeControllerBlockCam5ToStop#1ForFlush acquired
07-25 10:34:54.722  1268  3869 I Lyric   : zuma_fe_programming.cc:987: [CAM5][ISPFE] Flushing. In flight list size is: 2
07-25 10:34:54.722  1268  1945 W Lyric   : sensor_node.cc:742: cam5_sensor SensorNode producing drops due to frame request drop on frame 9
07-25 10:34:54.722  1268  3869 I Lyric   : zuma_fe_programming.cc:1010: [CAM5][ISPFE] config for frame 8 was submitted. SW will wait for it.
07-25 10:34:54.722  1268  3869 I Lyric   : zuma_fe_programming.cc:1031: [CAM5][ISPFE] Done flushing the programming model
07-25 10:34:54.722  1268  3869 I Lyric   : frame_images_queue_handler.cc:140: [CAM5] Bayer[0] Canceled sensor frames 9 Flushed [CAM5] Bayer[0] frame
07-25 10:34:54.722  1268  3869 I Lyric   : frame_images_queue_handler.cc:140: [CAM5] PD[0] Canceled sensor frames 9 Flushed [CAM5] PD[0] frame 9
07-25 10:34:54.722  1268  3869 I Lyric   : lmp_pipeline.cc:593: [Bayer4][CAM5] Removed obsolete lmp frame (not frame 7) (not frame 8) 9
07-25 10:34:54.722  1268  3869 I Lyric   : zuma_lmp_context.cc:117: Flushing Lmp context bayer
07-25 10:34:54.722  1268  3869 I Lyric   : lmp_pipeline.cc:502: [Bayer4][CAM5] Drain(timeout=200.0347945ms) entered. Number of frames in the queue is 2
07-25 10:34:54.722  1268  3869 I Lyric   : lmp_pipeline.cc:519: [Bayer4][CAM5] Waiting for pipeline to drain. There are 2 pending transactions for frames: sensor frame numbers: [7 8], abs frame numbers: [6 7]
07-25 10:34:54.722  1268  1953 I Lyric   : camera_device_session_manager_base.cc:1075: Reporting metadata frame drop for camera: FrontMultiFov, request id: 6, partial result count: 2
07-25 10:34:54.722  1268  1945 W Lyric   : sensor_node.cc:742: cam5_sensor SensorNode producing drops due to frame request drop on frame 10
07-25 10:34:54.722  1268  2000 W Lyric   : tuning_node.cc:517: 2 calls in 85 sec(s): TuningNode producing frame drop because request frame is drop
07-25 10:34:54.721  1659  2390 V ALSProbe: Disable ALS: 18114508
07-25 10:34:54.723  1268  1948 I Lyric   : retiming_node.cc:556: Front(hal id: 5), Reporting image frame drop to framework for stream id: 1, request id: 7
07-25 10:34:54.723  1268  1949 I Lyric   : retiming_node.cc:556: Front(hal id: 5), Reporting image frame drop to framework for stream id: 0, request id: 6
07-25 10:34:54.723  1268  1953 I Lyric   : camera_device_session_manager_base.cc:1075: Reporting metadata frame drop for camera: FrontMultiFov, request id: 9, partial result count: 1
07-25 10:34:54.723  1659  2390 D BiometricScheduler: [Finishing] {[69] com.android.server.biometrics.sensors.fingerprint.aidl.FingerprintAuthenticationClient, proto=3, owner=com.android.systemui, cookie=0, requestId=13, userId=0}, success: false
07-25 10:34:54.723  1659  2390 D GestureAvailabilityTracker: Notifying gesture availability, active=true
07-25 10:34:54.723  1659  2390 D BiometricScheduler: [Polled] {[71] com.android.server.biometrics.sensors.fingerprint.aidl.FingerprintResetLockoutClient, proto=12, owner=android, cookie=0, requestId=-1, userId=0}, State: 0
07-25 10:34:54.723  1268  1953 I Lyric   : camera_device_session_manager_base.cc:1075: Reporting metadata frame drop for camera: FrontMultiFov, request id: 7, partial result count: 2
07-25 10:34:54.723  1659  2390 D BiometricScheduler: [Started] {[71] com.android.server.biometrics.sensors.fingerprint.aidl.FingerprintResetLockoutClient, proto=12, owner=android, cookie=0, requestId=-1, userId=0}
07-25 10:34:54.723  1268  1953 I Lyric   : camera_device_session_manager_base.cc:1075: Reporting metadata frame drop for camera: FrontMultiFov, request id: 8, partial result count: 2
07-25 10:34:54.724  1268  1948 I Lyric   : retiming_node.cc:556: Front(hal id: 5), Reporting image frame drop to framework for stream id: 1, request id: 8
07-25 10:34:54.724  1268  1949 I Lyric   : retiming_node.cc:556: Front(hal id: 5), Reporting image frame drop to framework for stream id: 0, request id: 7
07-25 10:34:54.725  1268  1949 I Lyric   : retiming_node.cc:556: Front(hal id: 5), Reporting image frame drop to framework for stream id: 0, request id: 8
07-25 10:34:54.725  1268  1951 I Lyric   : camera_device_session_manager_base.cc:1075: Reporting metadata frame drop for camera: FrontMultiFov, request id: 10, partial result count: 1
07-25 10:34:54.725  1659  2390 V BiometricSchedulerOperation: started: {[71] com.android.server.biometrics.sensors.fingerprint.aidl.FingerprintResetLockoutClient, proto=12, owner=android, cookie=0, requestId=-1, userId=0}, State: 2
07-25 10:34:54.725  1659  2390 D BiometricScheduler: cancelAuthenticationOrDetection, requestId: 13
07-25 10:34:54.725   550  7068 I keystore2: system/security/keystore2/src/authorization.rs:128 - on_device_unlocked(user_id=0, password.is_some()=false)
07-25 10:34:54.733  1268  1792 I Lyric   : frame_images_queue_handler.cc:370: [CAM5] PD signaling secure mode frame: 7
07-25 10:34:54.738  1659  2390 D LockoutCache: Lockout for user: 0 is 0
07-25 10:34:54.739  1659  2390 D BiometricSchedulerOperation: [Finished / destroy]: {[71] com.android.server.biometrics.sensors.fingerprint.aidl.FingerprintResetLockoutClient, proto=12, owner=android, cookie=0, requestId=-1, userId=0}
07-25 10:34:54.739  1659  2390 D BiometricScheduler: [Finishing] {[71] com.android.server.biometrics.sensors.fingerprint.aidl.FingerprintResetLockoutClient, proto=12, owner=android, cookie=0, requestId=-1, userId=0}, success: true
07-25 10:34:54.739  1659  2390 D BiometricScheduler: No operations, returning to idle
07-25 10:34:54.739   550  7068 I keystore2: system/security/keystore2/src/super_key.rs:1036 - Successfully unlocked user 0 with biometric -1667012110937360383
07-25 10:34:54.766  1268  1792 I Lyric   : frame_images_queue_handler.cc:370: [CAM5] PD signaling secure mode frame: 8
07-25 10:34:54.767  1268  3869 I Lyric   : lmp_pipeline.cc:531: [Bayer4][CAM5] Pipeline drained.
07-25 10:34:54.767  1268  3869 I Lyric   : zuma_lmp_context.cc:120: Done flushing Lmp context bayer
07-25 10:34:54.767  1268  3869 I Lyric   : zuma_csis_core_context.cc:996: [CAM5] Waiting for 0 bayer[0] images: none, 0 pd[0] images: none for 33ms
07-25 10:34:54.767  1268  3869 I Lyric   : zuma_csis_core_context.cc:1005: [CAM5] Flush is done
07-25 10:34:54.767  1268  3869 I Lyric   : unified_zuma_front_end_controller.cc:548: [CAM5] Sensor isn't waiting on the barrier, skip re-acquiring the blocker
07-25 10:34:54.767  1268  3869 I Lyric   : unified_zuma_front_end_controller.cc:469: [CAM5] Flushed.
