07-25 10:25:02.693     0     0 I trusty  : logging.cc: 79: ***: :219: Command Received: AuthenticationEvaluate
07-25 10:25:02.721     0     0 I trusty  : logging.cc: 79: ***: :219: Command Received: AuthenticationEvaluate
07-25 10:25:02.747     0     0 I trusty  : [GF_TA][I][gf_delmar_sensor][determine_expo_mode] operation: 2, retry: 0, need_dec_gain_due_to_als: 0, expo mode:0
07-25 10:25:02.747     0     0 I trusty  : [GF_TA][I][gf_delmar_cs_dc][delmar_capture_image] g_current_expo_mode=0
07-25 10:25:02.747     0     0 I trusty  : [GF_TA][I][gf_delmar_cs_dc][delmar_capture_image] g_is_dec_expo_set_to_chip=1
07-25 10:25:02.747     0     0 I trusty  : [GF_TA][I][gf_delmar_cs_dc][delmar_capture_image] valid_sg_mask=0x00ff
07-25 10:25:02.748     0     0 I trusty  : [GF_TA][I][gf_delmar_cs_dc][delmar_capture_image] lb_mode=0, expo_mode=0, expo_time=66.033996, gain=0x35
07-25 10:25:02.748     0     0 I trusty  : [GF_TA][E][gf_hw_dc][hw_set_current_operation] cali_flesh_max_frame_index = 0 
07-25 10:25:02.750     0     0 I trusty  : [GF_TA][I][gf_delmar_sensor][sensor_calculate_mask] cal sensor mask cost=0
07-25 10:25:02.750     0     0 I trusty  : [GF_TA][I][gf_delmar_cs_dc][delmar_read_image_hr_mode_poll_data] pre_dummy_time*100=1000, time_cost=0, expo=66, want delay = 56 
07-25 10:25:02.753     0     0 I trusty  : logging.cc: 79: ***: :219: Command Received: AuthenticationEvaluate
07-25 10:25:02.788     0     0 I trusty  : logging.cc: 79: ***: :219: Command Received: AuthenticationEvaluate
07-25 10:25:02.824     0     0 I trusty  : logging.cc: 79: ***: :219: Command Received: AuthenticationEvaluate
07-25 10:25:02.842     0     0 I trusty  : [GF_TA][I][gf_delmar_cs_dc][delmar_read_image_hr_mode] pre_dummy_count = ***, tail=***, valid=***, expected=***
07-25 10:25:02.842     0     0 I trusty  : [GF_TA][I][gf_delmar_cs_dc][delmar_read_image_hr_mode] read image end, err=0
07-25 10:25:02.853     0     0 I trusty  : [GF_TA][E][gf_algo_utils][gf_is_gain_decreased_retry0] gain ratio: 100
07-25 10:25:02.853     0     0 I trusty  : [GF_TA][E][gf_algo_utils][gf_is_gain_decreased_retry0] gain ratio: 100
07-25 10:25:02.853     0     0 I trusty  : [GF_TA][I][gf_cali][cali_process] authenticate, sNum = 1
07-25 10:25:02.853     0     0 I trusty  : [GF_TA][I][gf_cali][cali_process] stRawdata.psData=0x***, stRawdata.psDarkImage=0, stRawdata.sNum=1
07-25 10:25:02.853     0     0 I trusty  : [GF_TA][I][gf_cali][cali_process] nSegThre=-1
07-25 10:25:02.853     0     0 I trusty  : [GF_TA][I][gf_cali][cali_process] nCaliMode=1, support_moire_filter=1
07-25 10:25:02.853     0     0 I trusty  : [GF_TA][I][gf_cali][cali_process] nRetryFlag=0
07-25 10:25:02.853     0     0 I trusty  : [GF_TA][I][gf_cali][cali_process] gain_ratio=100
07-25 10:25:02.853     0     0 I trusty  : [GF_TA][I][gf_cali][cali_process] nBrokenEnable=1
07-25 10:25:02.853     0     0 I trusty  : [GF_TA][I][gf_cali][cali_process] before fp_preprocess(): nCaliMode=1, nDarkPixelFlag=0, nSubBaseCaliFlag=1
07-25 10:25:02.853     0     0 I trusty  : [GF_TA][I][gf_cali][cali_process] before fp_preprocess(): nAdj2FixFlag=0, nMaxITODepth=0, uchFlagScanMode=0
07-25 10:25:02.853     0     0 I trusty  : [GF_TA][I][gf_cali][cali_process] before fp_preprocess(): uchCompensationOff=0, nFlagDeblurOff=0, uchAdj2FixOff=0
07-25 10:25:02.853     0     0 I trusty  : [GF_TA][I][gf_cali][cali_process] authenticate, sNum = 1
07-25 10:25:02.853     0     0 I trusty  : [GF_TA][I][gf_cali][cali_process] stRawdata.psData=0x***, stRawdata.psDarkImage=0, stRawdata.sNum=1
07-25 10:25:02.853     0     0 I trusty  : [GF_TA][I][gf_cali][cali_process] nSegThre=-1
07-25 10:25:02.853     0     0 I trusty  : [GF_TA][I][gf_cali][cali_process] nCaliMode=1, support_moire_filter=1
07-25 10:25:02.853     0     0 I trusty  : [GF_TA][I][gf_cali][cali_process] nRetryFlag=0
07-25 10:25:02.853     0     0 I trusty  : [GF_TA][I][gf_cali][cali_process] gain_ratio=100
07-25 10:25:02.853     0     0 I trusty  : [GF_TA][I][gf_cali][cali_process] nBrokenEnable=1
07-25 10:25:02.853     0     0 I trusty  : [GF_TA][I][gf_cali][cali_process] before fp_preprocess(): nCaliMode=1, nDarkPixelFlag=0, nSubBaseCaliFlag=1
07-25 10:25:02.853     0     0 I trusty  : [GF_TA][I][gf_cali][cali_process] before fp_preprocess(): nAdj2FixFlag=0, nMaxITODepth=0, uchFlagScanMode=0
07-25 10:25:02.853     0     0 I trusty  : [GF_TA][I][gf_cali][cali_process] before fp_preprocess(): uchCompensationOff=0, nFlagDeblurOff=0, uchAdj2FixOff=0
07-25 10:25:02.853     0     0 I trusty  : [GF_TA][I][gf_cali][cali_process] authenticate, sNum = 1
07-25 10:25:02.853     0     0 I trusty  : [GF_TA][I][gf_cali][cali_process] stRawdata.psData=0x***, stRawdata.psDarkImage=0, stRawdata.sNum=1
07-25 10:25:02.853     0     0 I trusty  : [GF_TA][I][gf_cali][cali_process] nSegThre=-1
07-25 10:25:02.853     0     0 I trusty  : [GF_TA][I][gf_cali][cali_process] nCaliMode=1, support_moire_filter=1
07-25 10:25:02.853     0     0 I trusty  : [GF_TA][I][gf_cali][cali_process] nRetryFlag=0
07-25 10:25:02.853     0     0 I trusty  : [GF_TA][I][gf_cali][cali_process] gain_ratio=100
07-25 10:25:02.853     0     0 I trusty  : [GF_TA][I][gf_cali][cali_process] nBrokenEnable=1
07-25 10:25:02.853     0     0 I trusty  : [GF_TA][I][gf_cali][cali_process] before fp_preprocess(): nCaliMode=1, nDarkPixelFlag=0, nSubBaseCaliFlag=1
07-25 10:25:02.853     0     0 I trusty  : [GF_TA][I][gf_cali][cali_process] before fp_preprocess(): nAdj2FixFlag=0, nMaxITODepth=0, uchFlagScanMode=0
07-25 10:25:02.853     0     0 I trusty  : [GF_TA][I][gf_cali][cali_process] before fp_preprocess(): uchCompensationOff=0, nFlagDeblurOff=0, uchAdj2FixOff=0
07-25 10:25:02.853     0     0 I trusty  : [GF_TA][I][gf_cali][cali_process] authenticate, sNum = 1
07-25 10:25:02.853     0     0 I trusty  : [GF_TA][I][gf_cali][cali_process] stRawdata.psData=0x***, stRawdata.psDarkImage=0, stRawdata.sNum=1
07-25 10:25:02.853     0     0 I trusty  : [GF_TA][I][gf_cali][cali_process] nSegThre=-1
07-25 10:25:02.853     0     0 I trusty  : [GF_TA][I][gf_cali][cali_process] nCaliMode=1, support_moire_filter=1
07-25 10:25:02.853     0     0 I trusty  : [GF_TA][I][gf_cali][cali_process] nRetryFlag=0
07-25 10:25:02.853     0     0 I trusty  : [GF_TA][I][gf_cali][cali_process] gain_ratio=100
07-25 10:25:02.853     0     0 I trusty  : [GF_TA][I][gf_cali][cali_process] nBrokenEnable=1
07-25 10:25:02.853     0     0 I trusty  : [GF_TA][I][gf_cali][cali_process] before fp_preprocess(): nCaliMode=1, nDarkPixelFlag=0, nSubBaseCaliFlag=1
07-25 10:25:02.853     0     0 I trusty  : [GF_TA][I][gf_cali][cali_process] before fp_preprocess(): nAdj2FixFlag=0, nMaxITODepth=0, uchFlagScanMode=0
07-25 10:25:02.853     0     0 I trusty  : [GF_TA][I][gf_cali][cali_process] before fp_preprocess(): uchCompensationOff=0, nFlagDeblurOff=0, uchAdj2FixOff=0
07-25 10:25:02.879     0     0 I trusty  : [GF_TA][I][gf_cali][cali_process] after fp_preprocess(): nCaliMode=1, nDarkPixelFlag=0, nSubBaseCaliFlag=1
07-25 10:25:02.886     0     0 I trusty  : [GF_TA][I][gf_cali][cali_process] after fp_preprocess(): nAdj2FixFlag=0, nMaxITODepth=0, uchFlagScanMode=0
07-25 10:25:02.886     0     0 I trusty  : [GF_TA][I][gf_cali][cali_process] after fp_preprocess(): uchCompensationOff=0, nFlagDeblurOff=0, uchAdj2FixOff=0
07-25 10:25:02.886     0     0 I trusty  : [GF_TA][I][gf_cali][cali_process] after fp_preprocess(): nCaliMode=1, nDarkPixelFlag=0, nSubBaseCaliFlag=1
07-25 10:25:02.886     0     0 I trusty  : [GF_TA][I][gf_cali][cali_process] after fp_preprocess(): nAdj2FixFlag=0, nMaxITODepth=0, uchFlagScanMode=0
07-25 10:25:02.886     0     0 I trusty  : [GF_TA][I][gf_cali][cali_process] after fp_preprocess(): uchCompensationOff=0, nFlagDeblurOff=0, uchAdj2FixOff=0
07-25 10:25:02.886     0     0 I trusty  : [GF_TA][I][gf_cali][cali_process] after fp_preprocess(): nCaliMode=1, nDarkPixelFlag=0, nSubBaseCaliFlag=1
07-25 10:25:02.886     0     0 I trusty  : [GF_TA][I][gf_cali][cali_process] after fp_preprocess(): nAdj2FixFlag=0, nMaxITODepth=0, uchFlagScanMode=0
07-25 10:25:02.886     0     0 I trusty  : [GF_TA][I][gf_cali][cali_process] after fp_preprocess(): uchCompensationOff=0, nFlagDeblurOff=0, uchAdj2FixOff=0
07-25 10:25:02.886     0     0 I trusty  : [GF_TA][I][gf_cali][cali_process] after fp_preprocess(): nCaliMode=1, nDarkPixelFlag=0, nSubBaseCaliFlag=1
07-25 10:25:02.886     0     0 I trusty  : [GF_TA][I][gf_cali][cali_process] after fp_preprocess(): nAdj2FixFlag=0, nMaxITODepth=0, uchFlagScanMode=0
07-25 10:25:02.886     0     0 I trusty  : [GF_TA][I][gf_cali][cali_process] after fp_preprocess(): uchCompensationOff=0, nFlagDeblurOff=0, uchAdj2FixOff=0
07-25 10:25:02.886     0     0 I trusty  : [GF_TA][E][gf_algo_utils][gf_is_gain_decreased_retry0] gain ratio: 100
07-25 10:25:02.886     0     0 I trusty  : [GF_TA][I][gf_cali][cali_process_img2mats] do fp_AntiPeepG5 flag:0
07-25 10:25:02.886     0     0 I trusty  : [GF_TA][E][gf_algo_utils][gf_is_gain_decreased_retry0] gain ratio: 100
07-25 10:25:02.886     0     0 I trusty  : [GF_TA][I][gf_delmar_sensor][determine_expo_mode] operation: 2, retry: 1, need_dec_gain_due_to_als: 0, expo mode:3
07-25 10:25:02.886     0     0 I trusty  : [GF_TA][I][gf_delmar_cs_dc][delmar_capture_image] capture sub image mode=0x0902
07-25 10:25:02.886     0     0 I trusty  : [GF_TA][I][gf_delmar_cs_dc][delmar_capture_image] retry1_valid_sg_mask=0x0009
07-25 10:25:02.886     0     0 I trusty  : [GF_TA][I][gf_delmar_cs_dc][delmar_capture_image] g_current_expo_mode=3
07-25 10:25:02.886     0     0 I trusty  : [GF_TA][I][gf_delmar_cs_dc][delmar_capture_image] g_is_dec_expo_set_to_chip=0
07-25 10:25:02.886     0     0 I trusty  : [GF_TA][I][gf_delmar_cs_dc][delmar_capture_image] valid_sg_mask=0x0009
07-25 10:25:02.886     0     0 I trusty  : [GF_TA][I][gf_delmar_cs_dc][delmar_capture_image] lb_mode=0, expo_mode=3, expo_time=99.046043, gain=0x51
07-25 10:25:02.886     0     0 I trusty  : [GF_TA][E][gf_hw_dc][hw_set_current_operation] cali_flesh_max_frame_index = 0 
07-25 10:25:02.886     0     0 I trusty  : [GF_TA][E][gf_fake_detect_param][gf_get_fake_detect_param] use default fake params for G7
07-25 10:25:02.886     0     0 I trusty  : [GF_TA][I][gf_hw][hw_get_real_expo] real_expo = 66.033996
07-25 10:25:02.886     0     0 I trusty  : [GF_TA][I][gf_hw][hw_get_real_gain] real_gain = 2.875576
07-25 10:25:02.886     0     0 I trusty  : [GF_TA][I][gf_algo_adapter][gf_adt_OP7_fake_detect] fake algo check point, nFakeParamV1Arr[1] :25
07-25 10:25:02.886     0     0 I trusty  : [GF_TA][I][gf_algo_adapter][gf_adt_OP7_fake_detect] fake algo check point, nFakeParamV2Arr[37] :***
07-25 10:25:02.886     0     0 I trusty  : [GF_TA][I][gf_algo_adapter][gf_adt_OP7_fake_detect] fake algo check point, nFakeParamV2Arr[38] :***
07-25 10:25:02.886     0     0 I trusty  : [GF_TA][I][gf_algo_adapter][gf_adt_OP7_fake_detect] fake algo check point, nFakeParamV2Arr[39] :***
07-25 10:25:02.886     0     0 I trusty  : [GF_TA][I][gf_algo_adapter][gf_adt_OP7_fake_detect] pay_test_log1: 25
07-25 10:25:02.886     0     0 I trusty  : [GF_TA][I][gf_algo_adapter][gf_adt_OP7_fake_detect] pay_test_log2: ***
07-25 10:25:02.886     0     0 I trusty  : [GF_TA][I][gf_algo_adapter][gf_adt_OP7_fake_detect] pay_test_log3: 488
07-25 10:25:02.886     0     0 I trusty  : [GF_TA][I][gf_algo_adapter][gf_adt_OP7_fake_detect] pay_test_log4: 219
07-25 10:25:02.886     0     0 I trusty  : [GF_TA][I][gf_algo_adapter][gf_adt_OP7_fake_detect] No film has been detected
07-25 10:25:02.886     0     0 I trusty  : [GF_TA][I][gf_algo_adapter][gf_adt_OP7_fake_detect] XY-shift value: 14
07-25 10:25:02.886     0     0 I trusty  : [GF_TA][I][gf_algo_adapter][gf_adt_get_fake_version] af for g7 opt7.X
07-25 10:25:02.886     0     0 I trusty  : [GF_TA][I][gf_big_data][gf_get_auth_big_data_info] retry 0 sg:0 rawdata_mean_value:1823
07-25 10:25:02.886     0     0 I trusty  : [GF_TA][I][gf_big_data][gf_get_auth_big_data_info] retry 0 sg:1 rawdata_mean_value:1836
07-25 10:25:02.886     0     0 I trusty  : [GF_TA][I][gf_big_data][gf_get_auth_big_data_info] retry 0 sg:2 rawdata_mean_value:1726
07-25 10:25:02.886     0     0 I trusty  : [GF_TA][I][gf_big_data][gf_get_auth_big_data_info] retry 0 sg:3 rawdata_mean_value:1986
07-25 10:25:02.886     0     0 I trusty  : [GF_TA][I][gf_fpcore_common][handle_event] timestamp:***.
07-25 10:25:02.886     0     0 I trusty  : INFO: trusty/user/app/keymint/ipc_manager.rs:503 Accepted connection from uuid 8db26df6-9e77-4f61-b3c2-b88a788cbac2.
07-25 10:25:02.886     0     0 I trusty  : logging.cc: 79: ***: :219: Command Received: AuthenticationEvaluate
07-25 10:25:02.897     0     0 I trusty  : logging.cc: 79: ***: :219: Command Received: AuthenticationDelete
07-25 10:25:02.908     0     0 I trusty  : logging.cc: 79: ***"faceauth": :189: Session finished, current heap footprint: 3092480, maximum footprint: 11526144
07-25 10:25:02.918     0     0 I trusty  : WARN: system/keymint/ta/src/lib.rs:1190 failing DeviceBegin request with error Hal(KeyUserNotAuthenticated, "system/keymint/ta/src/operation.rs:703: now Timestamp { milliseconds: 7479748 } is later than auth token time Timestamp { milliseconds: 7231690 } +
07-25 10:25:02.918     0     0 I trusty  :  15 seconds")
07-25 10:25:03.087     0     0 I trusty  : [GF_TA][I][gf_big_data][gf_get_study_time_big_data_info] study step = 1 time = 94ms
07-25 10:25:03.087     0     0 I trusty  : [GF_TA][I][gf_algo_adapter][gf_adt_InitFlocculeDetectionTemplate] floc_base_update=0 frame_num=2
07-25 10:25:03.093     0     0 I trusty  : logging.cc: 79: ***: :219: Command Received: TzResetLockout
07-25 10:25:03.093     0     0 I trusty  : logging.cc: 79: ***"faceauth": :189: Session finished, current heap footprint: 53248, maximum footprint: 11526144
07-25 10:25:03.152     0     0 I trusty  : [GF_TA][I][gf_algo_adapter][gf_adt_UpdataCaliInfoForFusion] update_base_flag=0xf
07-25 10:25:03.152     0     0 I trusty  : [GF_TA][I][gf_big_data][gf_get_study_time_big_data_info] study step = 2 time = 63ms
07-25 10:25:03.152     0     0 I trusty  : [GF_TA][I][gf_cali][cali_handle_event] auth_save_autocali_count=4 post_auth_save_flag=0.
07-25 10:25:03.152     0     0 I trusty  : [GF_TA][I][gf_cali][cali_handle_event] auth_save_extra_feature_count=4 save_extra_feature_flag=0.
07-25 10:25:03.152     0     0 I trusty  : [GF_TA][I][gf_big_data][gf_get_study_time_big_data_info] study step = 3 time = 0ms
07-25 10:25:03.152     0     0 I trusty  : [GF_TA][E][gf_algo_auth][gf_algo_do_post_authenticate] skip stage=4
07-25 10:25:03.152     0     0 I trusty  : [GF_TA][I][gf_big_data][gf_get_study_time_big_data_info] study step = 4 time = 0ms
07-25 10:25:03.154     0     0 I trusty  : [GF_TA][I][gf_delmar_algo][algo_on_authenticate_end] auth stop time = 2ms
07-25 10:25:03.154     0     0 I trusty  : [GF_TA][I][gf_delmar_algo][algo_on_authenticate_end] auth stop time + total study time = 159ms
07-25 10:25:03.159     0     0 I trusty  : [GF_TA][I][gf_algo_usr_portrait][gf_portrait_detect_finger_status] rty:0, pemResult:4 finger status: 1
07-25 10:25:03.168     0     0 I trusty  : [GF_TA][E][gf_algo_customized][gf_customized_algo_cmd_entry]GF_DUMP_BIG_DATA_CMD, bd_cmd->big_data_type=1
07-25 10:25:03.168     0     0 I trusty  : [GF_TA][I][gf_algo_customized][fill_auth_big_data] continuous_update_flag:0x0f
07-25 10:25:47.278     0     0 I trusty  : INFO: system/keymint/ta/src/lib.rs:949 add 64 bytes of entropy
07-25 10:31:04.232     0     0 I trusty  : INFO: system/keymint/ta/src/lib.rs:949 add 64 bytes of entropy
07-25 10:32:07.578     0     0 I trusty  : sac-ssmt: 126: DSP: Setup TZ SSMT 0
07-25 10:32:07.578     0     0 I trusty  : sac-ssmt: 126: DSP: Setup TZ SSMT 1
07-25 10:32:07.585     0     0 I trusty  : sac-ssmt: 111: TPU: Setup TZ SSMT 0
07-25 10:32:07.585     0     0 I trusty  : sac-ssmt: 111: TPU: Setup TZ SSMT 1
07-25 10:32:07.600     0     0 I trusty  : logging.cc: 79: ***: :219: Command Received: AuthenticationCreate
07-25 10:32:07.604     0     0 I trusty  : logging.cc: 79: ***: :262: Faceauth product version 5.5
07-25 10:32:07.615     0     0 I trusty  : gxp_device_impl: 419: Loaded GXP library:
07-25 10:32:07.617     0     0 I trusty  : gxp_device_impl: 421:  - Name: tuscany_dsp_lib
07-25 10:32:07.617     0     0 I trusty  : gxp_device_impl: 422:  - Functions: ExtractThumbnailKernel,Yuv2RgbKernel
07-25 10:32:07.617     0     0 I trusty  : logging.cc: 79: ***: :100: Creating dsp pal.
07-25 10:32:07.875     0     0 I trusty  : logging.cc: 79: ***: :219: Command Received: AuthenticationEvaluate
07-25 10:32:07.902     0     0 I trusty  : logging.cc: 79: ***: :219: Command Received: AuthenticationEvaluate
07-25 10:32:07.934     0     0 I trusty  : logging.cc: 79: ***: :219: Command Received: AuthenticationEvaluate
07-25 10:32:07.970     0     0 I trusty  : logging.cc: 79: ***: :219: Command Received: AuthenticationEvaluate
07-25 10:32:08.002     0     0 I trusty  : logging.cc: 79: ***: :219: Command Received: AuthenticationEvaluate
07-25 10:32:08.048     0     0 I trusty  : logging.cc: 79: ***: :219: Command Received: AuthenticationEvaluate
07-25 10:32:08.066     0     0 I trusty  : logging.cc: 79: ***: :219: Command Received: AuthenticationEvaluate
07-25 10:32:08.098     0     0 I trusty  : logging.cc: 83: ***: :123: FixedPointWarpRescale source buffer is not mapped to DSP, expect slower runtime performance.
07-25 10:32:08.098     0     0 I trusty  : logging.cc: 83: ***: :123: FixedPointWarpRescale source buffer is not mapped to DSP, expect slower runtime performance.
07-25 10:32:08.099     0     0 I trusty  : logging.cc: 83: ***: :123: FixedPointWarpRescale source buffer is not mapped to DSP, expect slower runtime performance.
07-25 10:32:08.100     0     0 I trusty  : logging.cc: 83: ***: :123: FixedPointWarpRescale source buffer is not mapped to DSP, expect slower runtime performance.
07-25 10:32:08.101     0     0 I trusty  : logging.cc: 83: ***: :123: FixedPointWarpRescale source buffer is not mapped to DSP, expect slower runtime performance.
07-25 10:32:08.106     0     0 I trusty  : logging.cc: 83: ***: :89: ExtractFaceThumbnail source buffer is not mapped to DSP, expect slower runtime performance.
07-25 10:32:08.107     0     0 I trusty  : logging.cc: 83: ***: :89: ExtractFaceThumbnail source buffer is not mapped to DSP, expect slower runtime performance.
07-25 10:32:08.110     0     0 I trusty  : logging.cc: 83: ***: :89: ExtractFaceThumbnail source buffer is not mapped to DSP, expect slower runtime performance.
07-25 10:32:08.110     0     0 I trusty  : logging.cc: 83: ***: :89: ExtractFaceThumbnail source buffer is not mapped to DSP, expect slower runtime performance.
07-25 10:32:08.110     0     0 I trusty  : logging.cc: 83: ***: :89: ExtractFaceThumbnail source buffer is not mapped to DSP, expect slower runtime performance.
07-25 10:32:08.113     0     0 I trusty  : logging.cc: 83: ***: :89: ExtractFaceThumbnail source buffer is not mapped to DSP, expect slower runtime performance.
07-25 10:32:08.114     0     0 I trusty  : logging.cc: 83: ***: :89: ExtractFaceThumbnail source buffer is not mapped to DSP, expect slower runtime performance.
07-25 10:32:08.120     0     0 I trusty  : logging.cc: 79: ***: :219: Command Received: AuthenticationDecide
07-25 10:32:08.121     0     0 I trusty  : logging.cc: 79: ***: :158: Auth decision: authenticated
07-25 10:32:08.138     0     0 I trusty  : INFO: trusty/user/app/keymint/ipc_manager.rs:503 Accepted connection from uuid 8db26df6-9e77-4f61-b3c2-b88a788cbac2.
07-25 10:32:08.138     0     0 I trusty  : [GF_TA][I][gf_tee_storage][trusty_file_open] 0 LHBM_auth_att.so 0
07-25 10:32:08.145     0     0 I trusty  : file_delete():1110: file 8db26df69e774f61b3c2b88a788cbac2/LHBM_auth_att.so not found
07-25 10:32:08.246     0     0 I trusty  : logging.cc: 79: ***: :219: Command Received: AuthenticationDelete
07-25 10:32:08.258     0     0 I trusty  : logging.cc: 79: ***"faceauth": :189: Session finished, current heap footprint: 65536, maximum footprint: 11526144
07-25 10:32:18.229     0     0 I trusty  : INFO: system/keymint/ta/src/lib.rs:949 add 64 bytes of entropy
07-25 10:33:29.102     0     0 I trusty  : sac-ssmt: 126: DSP: Setup TZ SSMT 0
07-25 10:33:29.102     0     0 I trusty  : sac-ssmt: 126: DSP: Setup TZ SSMT 1
07-25 10:33:29.126     0     0 I trusty  : sac-ssmt: 111: TPU: Setup TZ SSMT 0
07-25 10:33:29.126     0     0 I trusty  : sac-ssmt: 111: TPU: Setup TZ SSMT 1
07-25 10:33:29.150     0     0 I trusty  : logging.cc: 79: ***: :219: Command Received: AuthenticationCreate
07-25 10:33:29.150     0     0 I trusty  : logging.cc: 79: ***: :262: Faceauth product version 5.5
07-25 10:33:29.166     0     0 I trusty  : gxp_device_impl: 419: Loaded GXP library:
07-25 10:33:29.166     0     0 I trusty  : gxp_device_impl: 421:  - Name: tuscany_dsp_lib
07-25 10:33:29.166     0     0 I trusty  : gxp_device_impl: 422:  - Functions: ExtractThumbnailKernel,Yuv2RgbKernel
07-25 10:33:29.166     0     0 I trusty  : logging.cc: 79: ***: :100: Creating dsp pal.
07-25 10:33:29.289     0     0 I trusty  : logging.cc: 79: ***: :219: Command Received: AuthenticationEvaluate
07-25 10:33:29.321     0     0 I trusty  : logging.cc: 79: ***: :219: Command Received: AuthenticationEvaluate
07-25 10:33:29.355     0     0 I trusty  : logging.cc: 79: ***: :219: Command Received: AuthenticationEvaluate
07-25 10:33:29.388     0     0 I trusty  : logging.cc: 79: ***: :219: Command Received: AuthenticationEvaluate
07-25 10:33:29.419     0     0 I trusty  : logging.cc: 79: ***: :219: Command Received: AuthenticationEvaluate
07-25 10:33:29.457     0     0 I trusty  : logging.cc: 79: ***: :219: Command Received: AuthenticationEvaluate
07-25 10:33:29.487     0     0 I trusty  : logging.cc: 79: ***: :219: Command Received: AuthenticationEvaluate
--------- beginning of system
07-25 10:33:29.523  1268  1792 I Lyric   : frame_images_queue_handler.cc:370: [CAM5] PD signaling secure mode frame: 9
07-25 10:33:29.526     0     0 I trusty  : logging.cc: 83: ***: :123: FixedPointWarpRescale source buffer is not mapped to DSP, expect slower runtime performance.
07-25 10:33:29.528     0     0 I trusty  : logging.cc: 83: ***: :123: FixedPointWarpRescale source buffer is not mapped to DSP, expect slower runtime performance.
07-25 10:33:29.529     0     0 I trusty  : logging.cc: 83: ***: :123: FixedPointWarpRescale source buffer is not mapped to DSP, expect slower runtime performance.
07-25 10:33:29.529     0     0 I trusty  : logging.cc: 83: ***: :123: FixedPointWarpRescale source buffer is not mapped to DSP, expect slower runtime performance.
07-25 10:33:29.531  1268  1987 I Lyric   : zuma_csis_core_context.cc:677: [CAM5] queuing PD frame: 12, addr[0]: 0x4bb20000, SQ addr: 0x4c750000
07-25 10:33:29.550     0     0 I trusty  : logging.cc: 83: ***: :89: ExtractFaceThumbnail source buffer is not mapped to DSP, expect slower runtime performance.
07-25 10:33:29.551     0     0 I trusty  : logging.cc: 83: ***: :89: ExtractFaceThumbnail source buffer is not mapped to DSP, expect slower runtime performance.
07-25 10:33:29.552     0     0 I trusty  : logging.cc: 83: ***: :89: ExtractFaceThumbnail source buffer is not mapped to DSP, expect slower runtime performance.
07-25 10:33:29.553     0     0 I trusty  : logging.cc: 83: ***: :89: ExtractFaceThumbnail source buffer is not mapped to DSP, expect slower runtime performance.
07-25 10:33:29.557  1268  1792 I Lyric   : frame_images_queue_handler.cc:370: [CAM5] PD signaling secure mode frame: 10
07-25 10:33:29.559     0     0 I trusty  : logging.cc: 83: ***: :89: ExtractFaceThumbnail source buffer is not mapped to DSP, expect slower runtime performance.
07-25 10:33:29.560     0     0 I trusty  : logging.cc: 83: ***: :89: ExtractFaceThumbnail source buffer is not mapped to DSP, expect slower runtime performance.
07-25 10:33:29.563  1268  1987 I Lyric   : zuma_csis_core_context.cc:677: [CAM5] queuing PD frame: 13, addr[0]: 0x4d2f0000, SQ addr: 0x4be20000
07-25 10:33:29.565  1659  2392 V Biometrics/AcquisitionClient: Acquired: 0 0, shouldSend: false
07-25 10:33:29.565     0     0 I trusty  : logging.cc: 79: ***: :219: Command Received: AuthenticationDecide
07-25 10:33:29.566     0     0 I trusty  : logging.cc: 79: ***: :158: Auth decision: authenticated
07-25 10:33:29.567  1659  2392 V BiometricLogger: Authentication latency: 479
07-25 10:33:29.567  1659  2392 V Biometrics/AuthenticationClient: onAuthenticated(true), ID:1, Owner: com.android.systemui, isBP: false, listener: com.android.server.biometrics.sensors.ClientMonitorCallbackConverter@914fe98, requireConfirmation: false, user: 0, clientMonitor: {[67] com.android.server.biometrics.sensors.face.aidl.FaceAuthenticationClient, proto=3, owner=com.android.systemui, cookie=0, requestId=26, userId=0}
07-25 10:33:29.567  1659  2392 W Biometrics/AuthenticationClient: Allowing background authentication, this is allowed only for platform or test invocations
07-25 10:33:29.567  1659  2392 D BaseClientMonitor: marking operation as done: {[67] com.android.server.biometrics.sensors.face.aidl.FaceAuthenticationClient, proto=3, owner=com.android.systemui, cookie=0, requestId=26, userId=0}
07-25 10:33:29.567  1659  2392 D BiometricService: resetLockout from: 1, for: 0, userId: 0
07-25 10:33:29.568  1659  2390 D BiometricScheduler: [Added] {[68] com.android.server.biometrics.sensors.fingerprint.aidl.FingerprintResetLockoutClient, proto=12, owner=android, cookie=0, requestId=-1, userId=0}, new queue size: 1
07-25 10:33:29.568  1659  2390 D BiometricScheduler: [Cancelling Interruptable]: {[66] com.android.server.biometrics.sensors.fingerprint.aidl.FingerprintAuthenticationClient, proto=3, owner=com.android.systemui, cookie=0, requestId=12, userId=0}, State: 2
07-25 10:33:29.568  1659  2390 D BiometricSchedulerOperation: [Cancelling] Current client: {[66] com.android.server.biometrics.sensors.fingerprint.aidl.FingerprintAuthenticationClient, proto=3, owner=com.android.systemui, cookie=0, requestId=12, userId=0}
07-25 10:33:29.570   550  7068 I keystore2: system/security/keystore2/src/authorization.rs:114 - add_auth_token(challenge=0, userId=6001389671081756547, authId=-1667012110937360383, authType=0x2, timestamp=7986404ms)
07-25 10:33:29.570  1659  2392 D Biometrics/AuthenticationClient: addAuthToken succeeded
07-25 10:33:29.571  1659  2390 D Biometrics/AcquisitionClient: onErrorInternal code: 5, finish: true
07-25 10:33:29.571  1659  2390 V BiometricLogger: Error latency: -1
07-25 10:33:29.571  1659  2390 W BiometricFrameworkStatsLogger: found a negative latency : -1
07-25 10:33:29.571  1659  2390 D BiometricStateCallback: Client finished, state updated to 0, client {[66] com.android.server.biometrics.sensors.fingerprint.aidl.FingerprintAuthenticationClient, proto=3, owner=com.android.systemui, cookie=0, requestId=12, userId=0}
07-25 10:33:29.571  1659  2390 D BiometricSchedulerOperation: [Finished / destroy]: {[66] com.android.server.biometrics.sensors.fingerprint.aidl.FingerprintAuthenticationClient, proto=3, owner=com.android.systemui, cookie=0, requestId=12, userId=0}
07-25 10:33:29.571  1659  2392 D BiometricSchedulerOperation: [Finished / destroy]: {[67] com.android.server.biometrics.sensors.face.aidl.FaceAuthenticationClient, proto=3, owner=com.android.systemui, cookie=0, requestId=26, userId=0}
07-25 10:33:29.572  1659  2390 V ALSProbe: Disable ALS: 139625687
07-25 10:33:29.572  1659  2392 V ALSProbe: Disable ALS: 82198980
07-25 10:33:29.573  1659  2390 D BiometricScheduler: [Finishing] {[66] com.android.server.biometrics.sensors.fingerprint.aidl.FingerprintAuthenticationClient, proto=3, owner=com.android.systemui, cookie=0, requestId=12, userId=0}, success: false
07-25 10:33:29.573  1659  2390 D GestureAvailabilityTracker: Notifying gesture availability, active=true
07-25 10:33:29.573  1659  2390 D BiometricScheduler: [Polled] {[68] com.android.server.biometrics.sensors.fingerprint.aidl.FingerprintResetLockoutClient, proto=12, owner=android, cookie=0, requestId=-1, userId=0}, State: 0
07-25 10:33:29.573  1659  2390 D BiometricScheduler: [Started] {[68] com.android.server.biometrics.sensors.fingerprint.aidl.FingerprintResetLockoutClient, proto=12, owner=android, cookie=0, requestId=-1, userId=0}
07-25 10:33:29.573  1659  2392 D BiometricScheduler: [Finishing] {[67] com.android.server.biometrics.sensors.face.aidl.FaceAuthenticationClient, proto=3, owner=com.android.systemui, cookie=0, requestId=26, userId=0}, success: true
07-25 10:33:29.573  1659  2392 D BiometricScheduler: No operations, returning to idle
07-25 10:33:29.573  1268  1268 I Lyric   : camera_device_session_hwl_impl.cc:1381: Flush entered, camera_id: 1
07-25 10:33:29.573  1268  1268 I Lyric   : camera_powerhal.cc:174: SetPowerBoost Trigger CAMERA_LAUNCH for 200ms
07-25 10:33:29.573  1268  1268 I Lyric   : camera_device_session_manager_base.cc:1213: Attempting to flush graph:top_graph_for_camera_FrontMultiFov
07-25 10:33:29.574  1659  2390 V BiometricSchedulerOperation: started: {[68] com.android.server.biometrics.sensors.fingerprint.aidl.FingerprintResetLockoutClient, proto=12, owner=android, cookie=0, requestId=-1, userId=0}, State: 2
07-25 10:33:29.574  1268  1948 I Lyric   : retiming_node.cc:556: Front(hal id: 5), Reporting image frame drop to framework for stream id: 1, request id: 10
07-25 10:33:29.574  1268  1986 I Lyric   : retiming_node.cc:556: Front(hal id: 5), Reporting image frame drop to framework for stream id: 0, request id: 9
07-25 10:33:29.575  1268  1986 I Lyric   : camera_device_session_manager_base.cc:1075: Reporting metadata frame drop for camera: FrontMultiFov, request id: 10, partial result count: 2
07-25 10:33:29.575  1268  1996 W Lyric   : sensor_node.cc:742: cam5_sensor SensorNode producing drops due to frame request drop on frame 13
07-25 10:33:29.575  1268  1986 I Lyric   : retiming_node.cc:556: Front(hal id: 5), Reporting image frame drop to framework for stream id: 0, request id: 10
07-25 10:33:29.575  1268  1948 I Lyric   : camera_device_session_manager_base.cc:1075: Reporting metadata frame drop for camera: FrontMultiFov, request id: 11, partial result count: 2
07-25 10:33:29.575  1268  1985 I Lyric   : retiming_node.cc:556: Front(hal id: 5), Reporting image frame drop to framework for stream id: 1, request id: 11
07-25 10:33:29.575  1268  1268 I Lyric   : fe_node.cc:1016: cam5_frontend flush at flush_mark 14 output frame stats (ignores fence-signaled drops): {process_input_count = 0, dropped_all_outputs = 0, valid_ae = 0, valid_pre_lsc_ae = 0, valid_uae = 0, valid_awb = 0, valid_histogram = 0, valid_flicker = 0, valid_motion = 0, valid_cdaf = 0, valid_pdaf = 0, valid_align = 0, valid_alias_map = 0, valid_gaussian_pyramid = 0, valid_scaled_rgb_stats = 0, valid_scaled_yuv_stats = 0, valid_lsc = 0, valid_bilateral_grid = 0, valid_scaled_rgb = 0, valid_scaled_yuv = 0, valid_cam_data_dump = 0, valid_pixel_patch = 0}
07-25 10:33:29.575  1268  1268 I Lyric   : unified_zuma_front_end_controller.cc:398: [CAM5] Flushing at Normal mode
07-25 10:33:29.575  1268  1268 I Lyric   : per_camera_barrier_impl.cc:47: Blocker for FeControllerBlockCam5ToStop#1ForFlush acquired
07-25 10:33:29.575  1268  1268 I Lyric   : zuma_fe_programming.cc:987: [CAM5][ISPFE] Flushing. In flight list size is: 2
07-25 10:33:29.575  1268  1268 I Lyric   : zuma_fe_programming.cc:1010: [CAM5][ISPFE] config for frame 12 was submitted. SW will wait for it.
07-25 10:33:29.575  1268  1268 I Lyric   : zuma_fe_programming.cc:1031: [CAM5][ISPFE] Done flushing the programming model
07-25 10:33:29.575  1268  1268 I Lyric   : frame_images_queue_handler.cc:140: [CAM5] Bayer[0] Canceled sensor frames 13 Flushed [CAM5] Bayer[0] frame
07-25 10:33:29.575  1268  1268 I Lyric   : frame_images_queue_handler.cc:140: [CAM5] PD[0] Canceled sensor frames 13 Flushed [CAM5] PD[0] frame 13
07-25 10:33:29.575  1268  1268 I Lyric   : lmp_pipeline.cc:593: [Bayer4][CAM5] Removed obsolete lmp frame (not frame 11) (not frame 12) 13
07-25 10:33:29.575  1268  1268 I Lyric   : zuma_lmp_context.cc:117: Flushing Lmp context bayer
07-25 10:33:29.576  1268  1268 I Lyric   : lmp_pipeline.cc:502: [Bayer4][CAM5] Drain(timeout=200.0347945ms) entered. Number of frames in the queue is 2
07-25 10:33:29.576     0     0 I trusty  : INFO: trusty/user/app/keymint/ipc_manager.rs:503 Accepted connection from uuid 8db26df6-9e77-4f61-b3c2-b88a788cbac2.
07-25 10:33:29.576  1268  1268 I Lyric   : lmp_pipeline.cc:519: [Bayer4][CAM5] Waiting for pipeline to drain. There are 2 pending transactions for frames: sensor frame numbers: [11 12], abs frame numbers: [10 11]
07-25 10:33:29.576     0     0 I trusty  : [GF_TA][I][gf_tee_storage][trusty_file_open] 0 LHBM_auth_att.so 0
07-25 10:33:29.576  1268  1998 W Lyric   : tuning_node.cc:517: 2 calls in 81 sec(s): TuningNode producing frame drop because request frame is drop
07-25 10:33:29.576  1268  1996 W Lyric   : sensor_node.cc:742: cam5_sensor SensorNode producing drops due to frame request drop on frame 14
07-25 10:33:29.577  1268  1948 I Lyric   : camera_device_session_manager_base.cc:1075: Reporting metadata frame drop for camera: FrontMultiFov, request id: 13, partial result count: 1
07-25 10:33:29.577  1268  1986 I Lyric   : retiming_node.cc:556: Front(hal id: 5), Reporting image frame drop to framework for stream id: 0, request id: 11
07-25 10:33:29.577  1268  1948 I Lyric   : camera_device_session_manager_base.cc:1075: Reporting metadata frame drop for camera: FrontMultiFov, request id: 12, partial result count: 2
07-25 10:33:29.577  1268  1985 I Lyric   : retiming_node.cc:556: Front(hal id: 5), Reporting image frame drop to framework for stream id: 1, request id: 12
07-25 10:33:29.577  1268  1949 I Lyric   : camera_device_session_manager_base.cc:1075: Reporting metadata frame drop for camera: FrontMultiFov, request id: 14, partial result count: 1
07-25 10:33:29.577  1268  1986 I Lyric   : retiming_node.cc:556: Front(hal id: 5), Reporting image frame drop to framework for stream id: 0, request id: 12
07-25 10:33:29.582     0     0 I trusty  : file_delete():1110: file 8db26df69e774f61b3c2b88a788cbac2/LHBM_auth_att.so not found
07-25 10:33:29.583  1659  2390 D LockoutCache: Lockout for user: 0 is 0
07-25 10:33:29.583  1659  2390 D BiometricSchedulerOperation: [Finished / destroy]: {[68] com.android.server.biometrics.sensors.fingerprint.aidl.FingerprintResetLockoutClient, proto=12, owner=android, cookie=0, requestId=-1, userId=0}
07-25 10:33:29.584  1659  2390 D BiometricScheduler: [Finishing] {[68] com.android.server.biometrics.sensors.fingerprint.aidl.FingerprintResetLockoutClient, proto=12, owner=android, cookie=0, requestId=-1, userId=0}, success: true
07-25 10:33:29.584  1659  2390 D BiometricScheduler: No operations, returning to idle
07-25 10:33:29.590  1268  1792 I Lyric   : frame_images_queue_handler.cc:370: [CAM5] PD signaling secure mode frame: 11
07-25 10:33:29.594  2433  2433 D FingerprintManager: Cancel fingerprint authentication requested for: 12
07-25 10:33:29.595  1659  2390 D BiometricScheduler: cancelAuthenticationOrDetection, requestId: 12
07-25 10:33:29.596   550  7068 I keystore2: system/security/keystore2/src/authorization.rs:128 - on_device_unlocked(user_id=0, password.is_some()=false)
07-25 10:33:29.602   550  7068 I keystore2: system/security/keystore2/src/super_key.rs:1036 - Successfully unlocked user 0 with biometric -1667012110937360383
07-25 10:33:29.621  1659  5198 W UserManagerService: Requested status bar icon for non-badged user 0
07-25 10:33:29.623  1268  1792 I Lyric   : frame_images_queue_handler.cc:370: [CAM5] PD signaling secure mode frame: 12
07-25 10:33:29.624  1659  5198 D FingerprintProvider/default: setIgnoreDisplayTouches set to true
07-25 10:33:29.624  1268  1268 I Lyric   : lmp_pipeline.cc:531: [Bayer4][CAM5] Pipeline drained.
07-25 10:33:29.624  1268  1268 I Lyric   : zuma_lmp_context.cc:120: Done flushing Lmp context bayer
07-25 10:33:29.624  1268  1268 I Lyric   : zuma_csis_core_context.cc:996: [CAM5] Waiting for 0 bayer[0] images: none, 0 pd[0] images: none for 33ms
07-25 10:33:29.624  1268  1268 I Lyric   : zuma_csis_core_context.cc:1005: [CAM5] Flush is done
07-25 10:33:29.624  1268  1268 I Lyric   : unified_zuma_front_end_controller.cc:548: [CAM5] Sensor isn't waiting on the barrier, skip re-acquiring the blocker
07-25 10:33:29.624  1268  1268 I Lyric   : unified_zuma_front_end_controller.cc:469: [CAM5] Flushed.
07-25 10:33:29.624  1268  1268 I Lyric   : per_camera_barrier_impl.cc:58: Blocker for FeControllerBlockCam5ToStop#1ForFlush released with status: OK without lwis fence.
07-25 10:33:29.624  1268  1268 I Lyric   : unified_zuma_front_end_controller.cc:505: [CAM5] Sensor isn't waiting on the barrier, skip re-acquiring the blocker
07-25 10:33:29.624  1268  1268 I Lyric   : zuma_backend_pipeline_context.cc:1932: Flushing backend pipeline Pipeline (ID: (instance_id: 1940), IPs: [ RawToYuv ], Max Outputs: 1, IPConnections: [ ], Usecase: Realtime) took 15 us, with flush HW = false
07-25 10:33:29.624  1268  1998 I Lyric   : fe_node.cc:2695: cam5_frontend received incomplete request at frame number: 13, request dropped: 1, sensor_image dropped: 1, sensor_properties dropped: 1, tuning point dropped: 0
07-25 10:33:29.624  1268  1268 I Lyric   : auto_exposure_node.cc:1072: {type: Node, name: top_graph_for_camera_FrontMultiFov.cam5_ae, class_name: AutoExposureNode}: AE input statistics: {process_input_count = 15, dropped_requests = 2, stats_not_ready_count = 0, motion_stats_not_ready_count = 0, segmentation_mask_not_ready_count = 0, stage_detection_result_not_ready_count = 0, saliency_data_not_ready_count = 0, valid_flash_state = 0, valid_exposure_timestamp = 10, valid_sensor_properties = 10, valid_motion_stats = 0, valid_wb_config = 12, valid_color_correction = 12}
07-25 10:33:29.624  1268  1998 I Lyric   : fe_node.cc:1592: cam5_frontend Finished processing an incomplete_request at frame 13 when flush_mark is at frame 14 power mode is Normal
07-25 10:33:29.625  1268  1948 I Lyric   : retiming_node.cc:556: Front(hal id: 5), Reporting image frame drop to framework for stream id: 0, request id: 13
07-25 10:33:29.625  1268  1998 I Lyric   : retiming_node.cc:556: Front(hal id: 5), Reporting image frame drop to framework for stream id: 1, request id: 13
07-25 10:33:29.625  1268  1987 I Lyric   : fe_node.cc:2695: cam5_frontend received incomplete request at frame number: 14, request dropped: 1, sensor_image dropped: 1, sensor_properties dropped: 1, tuning point dropped: 0
07-25 10:33:29.625  1268  1987 I Lyric   : fe_node.cc:1592: cam5_frontend Finished processing an incomplete_request at frame 14 when flush_mark is at frame 14 power mode is Normal
07-25 10:33:29.625  1268  1987 I Lyric   : camera_device_session_manager_base.cc:1075: Reporting metadata frame drop for camera: FrontMultiFov, request id: 13, partial result count: 2
07-25 10:33:29.625  1268  1790 I Lyric   : zuma_fc_driver.cc:119: [FEIRQ] FC bayer context 4, event 2305843009213694086, name: IspFe.fc_bayer.Context4FcLateConfig, count: 1, timestamp: 7984770186463
07-25 10:33:29.625  1268  1789 I Lyric   : zuma_fe_programming.cc:292: [FEIRQ] [CAM5][ISPFE] Received event IspFe.fe_programming.Context4FcBayerLateConfigSyncSuccess. Count: 1. Timestamp: 7984770227235 ns.
07-25 10:33:29.625  1268  1792 I Lyric   : zuma_csis_core_driver.cc:262: [FEIRQ] CSIS Core context 0: event IspFe.csis_core_pd_err.LogicalChannel0LateConfigError #1, category: 16, count: 1, timestamp: 7984770291200
07-25 10:33:29.625  1268  1789 I Lyric   : zuma_fe_programming.cc:292: [FEIRQ] [CAM5][ISPFE] Received event IspFe.fe_programming.LoCh0CsisCorePdLateConfigSyncSuccess. Count: 1. Timestamp: 7984770327373 ns.
07-25 10:33:29.625  1268  1948 I Lyric   : camera_device_session_manager_base.cc:1075: Reporting metadata frame drop for camera: FrontMultiFov, request id: 14, partial result count: 2
07-25 10:33:29.625  1268  1987 I Lyric   : retiming_node.cc:556: Front(hal id: 5), Reporting image frame drop to framework for stream id: 0, request id: 14
07-25 10:33:29.625  1268  1998 I Lyric   : retiming_node.cc:556: Front(hal id: 5), Reporting image frame drop to framework for stream id: 1, request id: 14
07-25 10:33:29.627  1268  1268 I Lyric   : camera_device_session_manager_base.cc:1264: Finished flushing graph:top_graph_for_camera_FrontMultiFov
07-25 10:33:29.628  1268 10081 I Lyric   : camera_device_session_hwl_impl.cc:1021: DestroyPipelines entered, camera_id: 1
07-25 10:33:29.628  1268 10081 I Lyric   : camera_powerhal.cc:287: CAMERA_STREAMING_STANDARD mode unset
07-25 10:33:29.628  1268 10081 I Lyric   : camera_powerhal.cc:287: CAMERA_GPU_STANDARD mode unset
07-25 10:33:29.628  1268 10081 I Lyric   : camera_device_session_manager_base.cc:940: Attempting to stop graph:top_graph_for_camera_FrontMultiFov
07-25 10:33:29.628  1268 10081 I Lyric   : fe_node.cc:1016: cam5_frontend flush at flush_mark 9223372036854774807 output frame stats (ignores fence-signaled drops): {process_input_count = 0, dropped_all_outputs = 0, valid_ae = 0, valid_pre_lsc_ae = 0, valid_uae = 0, valid_awb = 0, valid_histogram = 0, valid_flicker = 0, valid_motion = 0, valid_cdaf = 0, valid_pdaf = 0, valid_align = 0, valid_alias_map = 0, valid_gaussian_pyramid = 0, valid_scaled_rgb_stats = 0, valid_scaled_yuv_stats = 0, valid_lsc = 0, valid_bilateral_grid = 0, valid_scaled_rgb = 0, valid_scaled_yuv = 0, valid_cam_data_dump = 0, valid_pixel_patch = 0}
07-25 10:33:29.628  1268 10081 I Lyric   : unified_zuma_front_end_controller.cc:398: [CAM5] Flushing at Normal mode
07-25 10:33:29.628  1268 10081 I Lyric   : per_camera_barrier_impl.cc:47: Blocker for FeControllerBlockCam5ToStop#2ForFlush acquired
07-25 10:33:29.628  1268 10081 I Lyric   : zuma_fe_programming.cc:983: [CAM5][ISPFE] Nothing to flush in the programming model
07-25 10:33:29.628  1268 10081 I Lyric   : frame_images_queue_handler.cc:140: [CAM5] Bayer[0] Flushed [CAM5] Bayer[0] frame
07-25 10:33:29.628  1268 10081 I Lyric   : frame_images_queue_handler.cc:140: [CAM5] PD[0] Flushed [CAM5] PD[0] frame
07-25 10:33:29.628  1268 10081 I Lyric   : lmp_pipeline.cc:593: [Bayer4][CAM5] Removed obsolete lmp frame
07-25 10:33:29.628  1268 10081 I Lyric   : zuma_lmp_context.cc:117: Flushing Lmp context bayer
07-25 10:33:29.628  1268 10081 I Lyric   : lmp_pipeline.cc:502: [Bayer4][CAM5] Drain(timeout=100ms) entered. Number of frames in the queue is 0
07-25 10:33:29.628  1268 10081 I Lyric   : lmp_pipeline.cc:506: [Bayer4][CAM5] Pipeline drained.
07-25 10:33:29.628  1268 10081 I Lyric   : zuma_lmp_context.cc:120: Done flushing Lmp context bayer
07-25 10:33:29.628  1268 10081 I Lyric   : zuma_csis_core_context.cc:996: [CAM5] Waiting for 0 bayer[0] images: none, 0 pd[0] images: none for 33ms
07-25 10:33:29.628  1268 10081 I Lyric   : zuma_csis_core_context.cc:1005: [CAM5] Flush is done
07-25 10:33:29.628  1268 10081 I Lyric   : unified_zuma_front_end_controller.cc:548: [CAM5] Sensor isn't waiting on the barrier, skip re-acquiring the blocker
07-25 10:33:29.628  1268 10081 I Lyric   : unified_zuma_front_end_controller.cc:469: [CAM5] Flushed.
07-25 10:33:29.628  1268 10081 I Lyric   : per_camera_barrier_impl.cc:58: Blocker for FeControllerBlockCam5ToStop#2ForFlush released with status: OK without lwis fence.
07-25 10:33:29.628  1268 10081 I Lyric   : unified_zuma_front_end_controller.cc:505: [CAM5] Sensor isn't waiting on the barrier, skip re-acquiring the blocker
07-25 10:33:29.628  1268 10081 I Lyric   : zuma_backend_pipeline_context.cc:1932: Flushing backend pipeline Pipeline (ID: (instance_id: 1940), IPs: [ RawToYuv ], Max Outputs: 1, IPConnections: [ ], Usecase: Realtime) took 9 us, with flush HW = false
07-25 10:33:29.628  1268  1763 I Lyric   : page_release_controller.cc:152: Reenabling page releasing.
07-25 10:33:29.629  1268  1765 I Lyric   : multisensor_controller.cc:924: Resetting stream_on_framework_request_id for camera 5
07-25 10:33:29.629  1268  1763 I Lyric   : unified_zuma_front_end_controller.cc:736: [CAM5] Updating power mode from Normal to Standby with incomplete_request on frame -1
07-25 10:33:29.629  1268  1764 I Lyric   : zuma_backend_pipeline_context.cc:1932: Flushing backend pipeline Pipeline (ID: (instance_id: 1940), IPs: [ RawToYuv ], Max Outputs: 1, IPConnections: [ ], Usecase: Realtime) took 12 us, with flush HW = false
07-25 10:33:29.629  1268  1765 I Lyric   : multisensor_controller.cc:945: Front StopStreaming, waiting on barrier
07-25 10:33:29.629  1268  1763 I Lyric   : zuma_lmp_context.cc:103: Lmp context bayer go to standby mode at hw frame 14
07-25 10:33:29.629  1268  1763 I Lyric   : lmp_pipeline.cc:502: [Bayer4][CAM5] Drain(timeout=100ms) entered. Number of frames in the queue is 0
07-25 10:33:29.629  1268  1763 I Lyric   : lmp_pipeline.cc:506: [Bayer4][CAM5] Pipeline drained.
07-25 10:33:29.629  1268  1763 I Lyric   : zuma_lmp_context.cc:109: LMP context bayer is done waiting for frame for standby mode
07-25 10:33:29.629  1268  1763 I Lyric   : zuma_csis_core_context.cc:996: [CAM5] Waiting for 0 bayer[0] images: none, 0 pd[0] images: none for 33ms
07-25 10:33:29.629  1268  1763 I Lyric   : zuma_csis_core_context.cc:1005: [CAM5] Flush is done
07-25 10:33:29.629  1268  1763 I Lyric   : per_camera_barrier_impl.cc:47: Blocker for FeControllerBlockCam5ToStartExp0#1 acquired
07-25 10:33:29.629  1268  1763 I Lyric   : per_camera_barrier_impl.cc:58: Blocker for FeControllerBlockCam5ToStop#0 released with status: OK without lwis fence.
07-25 10:33:29.629  1268  1764 I Lyric   : zuma_be_core_driver_impl.cc:434: BeCore: receives context release notification
07-25 10:33:29.629  1268 14360 I Lyric   : sensor_generic_driver.cc:1162: DOKKAEBI stream off success.
07-25 10:33:29.629  1268  1765 I Lyric   : sensor_generic_driver.cc:6338: DOKKAEBI is_reading_frame:1, frame count:13, eof event count:12, waiting for last frame EOF.
07-25 10:33:29.630  1268  1764 I Lyric   : zuma_secure_operation_controller.cc:84: ZumaSecureOperationController: End secure session for zuma-mcfp
07-25 10:33:29.632  1268  1764 I Lyric   : zuma_secure_operation_controller.cc:84: ZumaSecureOperationController: End secure session for zuma-rgbp
07-25 10:33:29.633  1268  1764 I Lyric   : zuma_secure_operation_controller.cc:84: ZumaSecureOperationController: End secure session for zuma-yuvp
07-25 10:33:29.634  1268  1764 I Lyric   : zuma_be_core_driver_impl.cc:469: BeCore: release internal memory allocation
07-25 10:33:29.634  1268  1764 I Lyric   : zuma_be_core_driver_impl.cc:549: BeCore: power down
07-25 10:33:29.634  1268  1764 I Lyric   : zuma_be_core_driver_impl.cc:572: BeCore: disabling hardware
07-25 10:33:29.636  1268  1764 I Lyric   : dynamic_boost_manager.cc:82: Boost factor reset done
07-25 10:33:29.636  1268  1764 I Lyric   : three_a_request_node.cc:784: cam5_three_a_request: Performance statistics for this session: {process_input_count = 15, dropped_request_count = 0}
07-25 10:33:29.636  1268  1764 I Lyric   : motion_sensor_controller_proxy.cc:448: MotionSensor context requests resource change to standby.
07-25 10:33:29.636  1268  2154 I Lyric   : motion_sensor_controller_proxy.cc:540: Start to release all sensor readers.
07-25 10:33:29.640  1268  2154 I Lyric   : direct_channel_motion_sensor_data_streamer.cc:510: gyroscope direct channel released.
07-25 10:33:29.645  1268  1956 I Lyric   : spectral_driver.cc:157: Ambient light sampling switched to mode: 2 stream consumer count: 0
07-25 10:33:29.653  1268  2154 I Lyric   : direct_channel_motion_sensor_data_streamer.cc:510: gravity direct channel released.
07-25 10:33:29.657  1268 14360 I Lyric   : sensor_generic_driver.cc:1021: DOKKAEBI Received last EOF, sensor frame count:255, offset eof event count:13
07-25 10:33:29.657  1268 14360 I Lyric   : sensor_generic_driver.cc:1032: DOKKAEBI EOF received; signal fence and stream off.
07-25 10:33:29.657  1268  1765 I Lyric   : sensor_generic_driver.cc:1258:  event thread stopped.
07-25 10:33:29.657  1268  1765 I Lyric   : sensor_generic_driver.cc:1644: DOKKAEBI sensor frame drop rate at stream off: 0%. drop rate for hw sync: 0%
07-25 10:33:29.657  1268  1765 I Lyric   : sensor_generic_driver.cc:1680: DOKKAEBI stream off, size: {width: 3648, height: 2736}, frame rate range: [7.5, 30]
07-25 10:33:29.657  1268  1765 I Lyric   : per_camera_barrier_impl.cc:58: Blocker for MultiSensorController_Stop released with status: OK without lwis fence.
07-25 10:33:29.657  1268  1765 I Lyric   : multisensor_controller.cc:1640: Front created transition fence, stream-on ID: 4294967295
07-25 10:33:29.657  1268  1765 I Lyric   : multisensor_controller.cc:1665: Front signalled transition fence with stream-on ID: 4294967295
07-25 10:33:29.657  1268  1765 I Lyric   : dpm_bandwidth_controller_v2.cc:964: Update minimum MIF clock to 0 number of active sensor: 0
07-25 10:33:29.657  1268  1763 I Lyric   : zuma_fe_driver.cc:1406: [ISPFE] Cleaning up the sub-driver contexts
07-25 10:33:29.657  1268  1765 I Lyric   : dpm_bandwidth_controller_v2.cc:1020: Update minimum INT clock to 0 number of active sensor: 0
07-25 10:33:29.658  1268  1763 I Lyric   : zuma_csis_phy_link_context.cc:1104: Zuma CsisPhyLinkContext_6 disabled
07-25 10:33:29.659  1268  1763 I Lyric   : zuma_fc_bayer_context.cc:249: Disabling bayer context 4
07-25 10:33:29.660  1268  1763 I Lyric   : zuma_fe_driver.cc:1434: [ISPFE] Skip cleaning up the FC PDAF context.
07-25 10:33:29.660  1268  1763 I Lyric   : lmp_pipeline.cc:593: [Bayer4][CAM5] Removed obsolete lmp frame
07-25 10:33:29.660  1268  2154 I Lyric   : motion_sensor_controller_proxy.cc:565: Successfully release all sensor readers.
07-25 10:33:29.660  1268  1763 I Lyric   : zuma_fe_driver.cc:1446: [ISPFE] Skip cleaning up the LMP PDAF context.
07-25 10:33:29.660  1268  1763 I Lyric   : zuma_pdma_context.cc:165: disabling Pdma context.
07-25 10:33:29.661  1268  1763 I Lyric   : zuma_secure_operation_controller.cc:84: ZumaSecureOperationController: End secure session for zuma-fe
