07-25 10:33:29.661  1268  1763 I Lyric   : zuma_csis_core_context.cc:318: [CAM5] Destroyed Zuma CSIS Core context for sensor DOKKAEBI with size: {width: 3648, height: 2736}
07-25 10:33:29.661  1268  1763 I Lyric   : zuma_fe_driver.cc:1459: [ISPFE] Received context release notification for camera 5
07-25 10:33:29.661  1268  1763 I Lyric   : zuma_fe_driver.cc:1388: ISP-FE Qos Update: clock frequency: 0, write bandwidth: 0, read bandwidth: 0
07-25 10:33:29.661  1268  1763 I Lyric   : zuma_fe_driver.cc:1479: [ISPFE] Skipping power down due to active power context
07-25 10:33:29.663  1268  1763 I Lyric   : unified_zuma_front_end_controller.cc:474: [CAM5] Received notification that graph has stopped
07-25 10:33:29.680  1268  1763 I Lyric   : unified_zuma_front_end_controller.cc:707: Release ZumaFeControllerContext for binding id [CAM5]
07-25 10:33:29.680  1268  1763 I Lyric   : unified_zuma_front_end_controller.cc:114: [CAM5] Context is being destroyed
07-25 10:33:29.680  1268  1763 I Lyric   : per_camera_barrier_impl.cc:58: Blocker for FeControllerBlockCam5ToStartExp0#1 released with status: OK without lwis fence.
07-25 10:33:29.680  1268  1763 I Lyric   : zuma_fe_driver.cc:938: [ISPFE] Received context release notification when releasing power_context.
07-25 10:33:29.680  1268  1763 I Lyric   : zuma_fe_driver.cc:1256: [ISPFE] Disabling the device
07-25 10:33:29.680  1268  1763 I Lyric   : lwis_event_thread.cc:117: LwEv:FePhyLink RemovedLwisClient(isp-fe|FePhyLink) from event thread
07-25 10:33:29.680  1268 14341 I Lyric   : lwis_event_thread.cc:292: LwEv:FePhyLink event thread is ending . . .
07-25 10:33:29.682  1268  1763 I Lyric   : lwis_event_thread.cc:117: LwEv:FeLmp RemovedLwisClient(isp-fe|FeLmp) from event thread
07-25 10:33:29.682  1268 14340 I Lyric   : lwis_event_thread.cc:292: LwEv:FeLmp event thread is ending . . .
07-25 10:33:29.682  1268  1763 I Lyric   : zuma_fe_pdma_driver.cc:61: Disabling pdma hardware
07-25 10:33:29.682  1268  1763 I Lyric   : lwis_event_thread.cc:117: LwEv:FePdma RemovedLwisClient(isp-fe|FePdma) from event thread
07-25 10:33:29.682  1268 14339 I Lyric   : lwis_event_thread.cc:292: LwEv:FePdma event thread is ending . . .
07-25 10:33:29.682  1268  1763 I Lyric   : zuma_fe_resetter.cc:146: FrontEnd: SW Reset begins.
07-25 10:33:29.683  1268  1763 I Lyric   : zuma_fe_resetter.cc:157: FrontEnd: SW Reset done: rstctl_status = 0x0
07-25 10:33:29.686  1268 10081 I Lyric   : camera_device_session_manager_base.cc:944: Successfully stopped graph:top_graph_for_camera_FrontMultiFov
07-25 10:33:29.686  1268 10081 I Lyric   : processing_graph.cc:545: Starting OutputPort production audit...
07-25 10:33:29.686  1268 10081 I Lyric   : processing_graph.cc:609: OutputPort production audit passed, no anomalies detected :)
07-25 10:33:29.686  1268 10081 I Lyric   : camera_device_session_manager_base.cc:730: Attempting to destroy graph:top_graph_for_camera_FrontMultiFov
07-25 10:33:29.686  1268 10081 W Lyric   : graph_runner.cc:217: GraphRunner::StopGraph(1) called on a graph that is not running.
07-25 10:33:29.691  1268 10081 I Lyric   : multicam_controller_base.cc:1372: Destroy context 0xb400007bb14f65a0 for logical camera FrontMultiFov
07-25 10:33:29.692  1268 10081 I Lyric   : camera_device_session_manager_base.cc:743: Successfully destroyed graph:top_graph_for_camera_FrontMultiFov
07-25 10:33:29.692  1268 10081 I Lyric   : camera_powerhal.cc:193: CancelPowerBoost CAMERA_LAUNCH
07-25 10:33:29.692  1268 10081 I Lyric   : camera_powerhal.cc:193: CancelPowerBoost CAMERA_BACKEND_BOOST
07-25 10:33:29.692  1268 10081 I Lyric   : camera_powerhal.cc:193: CancelPowerBoost CAMERA_CAPTURE_CPU_THROTTLE
07-25 10:33:29.692  1268 10081 I Lyric   : camera_powerhal.cc:193: CancelPowerBoost CAMERA_LAUNCH_EXTENDED
07-25 10:33:29.692  1268 10081 I Lyric   : camera_powerhal.cc:193: CancelPowerBoost CAMERA_VIDEO_RECORDING
07-25 10:33:29.692  1268 10081 I Lyric   : camera_powerhal.cc:193: CancelPowerBoost CAMERA_ZOOMING_BOOST
07-25 10:33:29.692  1268 10081 I Lyric   : camera_powerhal.cc:193: CancelPowerBoost CAMERA_HIGH_PERFORMANCE_BOOST
07-25 10:33:29.692  1268 10081 I Lyric   : camera_powerhal.cc:193: CancelPowerBoost CAMERA_PA_KILL_BOOST
07-25 10:33:29.692  1268 10081 I Lyric   : camera_powerhal.cc:193: CancelPowerBoost CAMERA_MULTICAM_BOOST
07-25 10:33:29.692  1268 10081 I Lyric   : camera_device_session_hwl_impl.cc:443: Destroyed CameraDeviceSessionHwlImpl for camera 1
07-25 10:33:29.692  1268  1993 I G3ACoordinator: coordinator.cc:1161: Coordinator NotifyCaptureSessionClose called for camera: {position: front, lens_type: multi_fov, spectrum: visible, instance: real}
07-25 10:33:29.692  1268  1993 I G3ACoordinator: coordinator.cc:1185: Coordinator AfNotifyCaptureSessionClose called for camera: {position: front, lens_type: multi_fov, spectrum: visible, instance: real}
07-25 10:33:29.692  1268  1993 I G3ACoordinator: coordinator.cc:1206: Coordinator AsdNotifyCaptureSessionClose called for camera: {position: front, lens_type: multi_fov, spectrum: visible, instance: real}
07-25 10:33:29.692  1268  1764 W Lyric   : device_context.cc:362: NotifyCaptureSessionClose: No OisController found for physical camera Front. Status: NOT_FOUND: Failed to find controller by type and camera id(Front); Controller with ID: optical image stabilization controller for camera: Front not present in device_context
07-25 10:33:29.692  1268  1764 W Lyric   : device_context.cc:362: NotifyCaptureSessionClose: No OisController found for physical camera FrontVirtual. Status: NOT_FOUND: Failed to find controller by type and camera id(FrontVirtual); Controller with ID: optical image stabilization controller for camera: FrontVirtual not present in device_context
07-25 10:33:29.692  1268  1993 I G3ACoordinator: coordinator.cc:1223: Coordinator AwbNotifyCaptureSessionClose called for camera: {position: front, lens_type: multi_fov, spectrum: visible, instance: real}
07-25 10:33:29.692  1268  1993 I G3ACoordinator: coordinator.cc:1140: Coordinator::NotifyCaptureSessionClose called for camera: {position: front, lens_type: multi_fov, spectrum: visible, instance: real}
07-25 10:33:29.692  1268  2154 I Lyric   : motion_sensor_controller_proxy.cc:540: Start to release all sensor readers.
07-25 10:33:29.692  1268  2154 I Lyric   : motion_sensor_controller_proxy.cc:565: Successfully release all sensor readers.
07-25 10:33:29.692  1268  1993 I G3ACoordinator: coordinator.cc:1140: Coordinator::NotifyCaptureSessionClose called for camera: {position: front, lens_type: multi_fov, spectrum: visible, instance: real}
07-25 10:33:29.693  1268 10081 I Lyric   : camera_latency_analyzer.cc:100: [CLA] Cam1-Close
07-25 10:33:29.693  1268 10081 I Lyric   : camera_latency_analyzer.cc:102: [CLA] Flush latency: 53.606
07-25 10:33:29.693  1268 10081 I Lyric   : camera_latency_analyzer.cc:102: [CLA] <-- IDLE --> latency: 0.39095
07-25 10:33:29.693  1268 10081 I Lyric   : camera_latency_analyzer.cc:102: [CLA] Close latency: 65.3946
07-25 10:33:29.693  1268 10081 I Lyric   : camera_latency_analyzer.cc:102: [CLA] Overall latency: 119.399
07-25 10:33:29.693  1268 10081 I Lyric   : camera_latency_analyzer.cc:102: [CLA] HAL Total latency: 118.997
07-25 10:33:29.695  1268  1765 I G3ACoordinator: front_als_manager.cc:198: Front ALS sensor disabled
07-25 10:33:29.703     0     0 I trusty  : logging.cc: 79: ***: :219: Command Received: AuthenticationDelete
07-25 10:33:29.715     0     0 I trusty  : logging.cc: 79: ***"faceauth": :189: Session finished, current heap footprint: 81920, maximum footprint: 11526144
07-25 10:33:30.120  1659  3312 D ActivityManager: sync unfroze 16149 org.thunderdog.challegram for 10
07-25 10:33:30.123  1659  3312 E ActivityTaskManager: Activity start ONLY allowed by BAL_ALLOW_NON_APP_VISIBLE_WINDOW realCallingUid has non-app visible window {2000=1, 2013=1, 2024=2, 2040=1}: [callingPackage: org.thunderdog.challegram; callingPackageTargetSdk: 34; callingUid: 10291; callingPid: -1; appSwitchState: 2; callingUidHasVisibleActivity: false; callingUidHasNonAppVisibleWindow: false; callingUidProcState: CACHED_EMPTY; isCallingUidPersistentSystemProcess: false; allowBalExemptionForSystemProcess: true; intent: Intent { act=org.thunderdog.challegram.OPEN_CHAT.0.4.0.16664028396311992 flg=0x20 pkg=org.thunderdog.challegram cmp=org.thunderdog.challegram/.MainActivity (has extras) }; callerApp: null; balAllowedByPiCreator: BSP.ALLOW_BAL; balAllowedByPiCreatorWithHardening: BSP.ALLOW_BAL; resultIfPiCreatorAllowsBal: BAL_BLOCK; callerStartMode: MODE_BACKGROUND_ACTIVITY_START_SYSTEM_DEFINED; hasRealCaller: true; isCallForResult: false; isPendingIntent: true; autoOptInReason: null; realCallingPackage: com.android.systemui; realCallingPackageTargetSdk: 35; realCallingUid: 10247; realCallingPid: 2433; realCallingUidHasVisibleActivity: false; realCallingUidHasNonAppVisibleWindow: true; realCallingUidProcState: PERSISTENT_UI; isRealCallingUidPersistentSystemProcess: true; originatingPendingIntent: PendingIntentRecord{8dac7fa org.thunderdog.challegram startActivity (allowlist: 17cd14c:+30s0ms/0/NOTIFICATION_SERVICE/NotificationManagerService)}; realCallerApp: ProcessRecord{af53897 2433:com.android.systemui/u0a247}; realInVisibleTask: false; balAllowedByPiSender: BSP.ALLOW_BAL; resultIfPiSenderAllowsBal: BAL_ALLOW_NON_APP_VISIBLE_WINDOW; realCallerStartMode: MODE_BACKGROUND_ACTIVITY_START_ALLOWED; balRequireOptInByPendingIntentCreator: true; balDontBringExistingBackgroundTaskStackToFg: true]
07-25 10:33:30.138  1659  3312 W OptProp : Cannot read opt property android.window.PROPERTY_COMPAT_ALLOW_RESIZEABLE_ACTIVITY_OVERRIDES
07-25 10:33:30.138  1659  3312 W OptProp : Cannot read opt property android.window.PROPERTY_COMPAT_ALLOW_MIN_ASPECT_RATIO_OVERRIDE
07-25 10:33:30.139  1659  3312 W ActivityTaskManager: startActivity called from non-Activity context; forcing Intent.FLAG_ACTIVITY_NEW_TASK for: Intent { act=org.thunderdog.challegram.OPEN_CHAT.0.4.0.16664028396311992 flg=0x20 pkg=org.thunderdog.challegram cmp=org.thunderdog.challegram/.MainActivity (has extras) }
07-25 10:33:30.142  1659  3312 W OptProp : Cannot read opt property android.window.PROPERTY_COMPAT_ALLOW_ORIENTATION_OVERRIDE
07-25 10:33:30.148  2433  2455 V WindowManagerShell: Transition requested (#87): android.os.BinderProxy@58c94e2 TransitionRequestInfo { type = OPEN, triggerTask = TaskInfo{userId=0 taskId=18314 effectiveUid=10291 displayId=0 isRunning=true baseIntent=Intent { act=org.thunderdog.challegram.OPEN_CHAT.0.4.0.16664028396311992 flg=0x10000020 pkg=org.thunderdog.challegram cmp=org.thunderdog.challegram/.MainActivity } baseActivity=ComponentInfo{org.thunderdog.challegram/org.thunderdog.challegram.MainActivity} topActivity=ComponentInfo{org.thunderdog.challegram/org.thunderdog.challegram.MainActivity} origActivity=null realActivity=ComponentInfo{org.thunderdog.challegram/org.thunderdog.challegram.MainActivity} numActivities=1 lastActiveTime=7985292 supportsMultiWindow=true resizeMode=1 isResizeable=true minWidth=-1 minHeight=-1 defaultMinSize=220 token=WCT{android.window.IWindowContainerToken$Stub$Proxy@b047073} topActivityType=1 pictureInPictureParams=null shouldDockBigOverlays=false launchIntoPipHostTaskId=-1 lastParentTaskIdBeforePip=-1 displayCutoutSafeInsets=Rect(0, 132 - 0, 0) topActivityInfo=ActivityInfo{7191b30 org.thunderdog.challegram.MainActivity} launchCookies=[] positionInParent=Point(0, 0) parentTaskId=-1 isFocused=true isVisible=false isVisibleRequested=false isTopActivityNoDisplay=false isSleeping=true locusId=null displayAreaFeatureId=1 isTopActivityTransparent=false isActivityStackTransparent=false lastNonFullscreenBounds=Rect(276, 694 - 804, 1774) capturedLink=null capturedLinkTimestamp=0 requestedVisibleTypes=-9 topActivityRequestOpenInBrowserEducationTimestamp=0 appCompatTaskInfo=AppCompatTaskInfo { topActivityInSizeCompat=false eligibleForLetterboxEducation= false isLetterboxEducationEnabled= false isLetterboxDoubleTapEnabled= false eligibleForUserAspectRatioButton= false topActivityBoundsLetterboxed= false isFromLetterboxDoubleTap= false topActivityLetterboxVerticalPosition= -1 topActivityLetterboxHorizontalPosition= -1 topActivityLetterboxWidth=-1 topActivityLetterboxHeight=-1 topActivityLetterboxAppWidth=-1 topActivityLetterboxAppHeight=-1 isUserFullscreenOverrideEnabled=false isSystemFullscreenOverrideEnabled=false hasMinAspectRatioOverride=false topActivityLetterboxBounds=null cameraCompatTaskInfo=CameraCompatTaskInfo { freeformCameraCompatMode=inactive}} topActivityMainWindowFrame=null}, pipChange = null, remoteTransition = null, displayChange = null, flags = 0, debugId = 87 }
07-25 10:33:30.148  1659  3312 I ActivityTaskManager: START u0 {act=org.thunderdog.challegram.OPEN_CHAT.0.4.0.16664028396311992 flg=0x20 pkg=org.thunderdog.challegram cmp=org.thunderdog.challegram/.MainActivity (has extras)} with LAUNCH_SINGLE_TASK from uid 10291 (realCallingUid=10247) (BAL_ALLOW_NON_APP_VISIBLE_WINDOW) result code=0
07-25 10:33:30.149  2433  2455 D ShellSplitScreen: logExit: no-op, mLoggerSessionId is null
07-25 10:33:30.151  1659  2397 D BackgroundInstallControlService: Package event received: 0
07-25 10:33:30.152  1659  2397 D BackgroundInstallControlService: Package event received: 0
07-25 10:33:30.152  1659  2397 D BackgroundInstallControlService: Package event received: 0
07-25 10:33:30.153  1659  2397 D BackgroundInstallControlService: Package event received: 0
07-25 10:33:30.158  2433  8054 V WindowManagerShell: onTransitionReady(transaction=7125350753125)
07-25 10:33:30.158  1659  5198 D CoreBackPreview: Window{caabdc2 u0 Splash Screen org.thunderdog.challegram}: Setting back callback OnBackInvokedCallbackInfo{mCallback=android.window.IOnBackInvokedCallback$Stub$Proxy@8b2fdc5, mPriority=0, mIsAnimationCallback=false, mOverrideBehavior=0}
07-25 10:33:30.158  2433  2455 V WindowManagerShell: onTransitionReady (#87) android.os.BinderProxy@58c94e2: {id=87 t=OPEN f=0x40 trk=0 r=[] c=[]}
07-25 10:33:30.159  2433  2455 V WindowManagerShell: No transition roots in (#87) android.os.BinderProxy@58c94e2@0 so abort
07-25 10:33:30.159  1659  3312 D WindowManager: Remove SleepToken: tag=keyguard, displayId=0
07-25 10:33:30.159  2433  2455 V WindowManagerShell: Transition animation finished (aborted=true), notifying core (#87) android.os.BinderProxy@58c94e2@0
07-25 10:33:30.159  1659  3312 D ActivityTaskManager: Top Process State changed to PROCESS_STATE_TOP
07-25 10:33:30.159  1659  3312 D ActivityTaskManager: awakeFromSleeping: previously pausing activity didn't pause
07-25 10:33:30.159  1659  1800 V WindowManager: Sent Transition (#87) createdAt=07-25 10:33:30.139 via request=TransitionRequestInfo { type = OPEN, triggerTask = TaskInfo{userId=0 taskId=18314 effectiveUid=10291 displayId=0 isRunning=true baseIntent=Intent { act=org.thunderdog.challegram.OPEN_CHAT.0.4.0.16664028396311992 flg=0x10000020 pkg=org.thunderdog.challegram cmp=org.thunderdog.challegram/.MainActivity } baseActivity=ComponentInfo{org.thunderdog.challegram/org.thunderdog.challegram.MainActivity} topActivity=ComponentInfo{org.thunderdog.challegram/org.thunderdog.challegram.MainActivity} origActivity=null realActivity=ComponentInfo{org.thunderdog.challegram/org.thunderdog.challegram.MainActivity} numActivities=1 lastActiveTime=7985292 supportsMultiWindow=true resizeMode=1 isResizeable=true minWidth=-1 minHeight=-1 defaultMinSize=220 token=WCT{RemoteToken{8e6431a Task{6b42b6a #18314 type=standard A=10291:org.thunderdog.challegram}}} topActivityType=1 pictureInPictureParams=null shouldDockBigOverlays=false launchIntoPipHostTaskId=-1 lastParentTaskIdBeforePip=-1 displayCutoutSafeInsets=Rect(0, 132 - 0, 0) topActivityInfo=ActivityInfo{298ae4b org.thunderdog.challegram.MainActivity} launchCookies=[] positionInParent=Point(0, 0) parentTaskId=-1 isFocused=true isVisible=false isVisibleRequested=false isTopActivityNoDisplay=false isSleeping=true locusId=null displayAreaFeatureId=1 isTopActivityTransparent=false isActivityStackTransparent=false lastNonFullscreenBounds=Rect(276, 694 - 804, 1774) capturedLink=null capturedLinkTimestamp=0 requestedVisibleTypes=-9 topActivityRequestOpenInBrowserEducationTimestamp=0 appCompatTaskInfo=AppCompatTaskInfo { topActivityInSizeCompat=false eligibleForLetterboxEducation= false isLetterboxEducationEnabled= false isLetterboxDoubleTapEnabled= false eligibleForUserAspectRatioButton= false topActivityBoundsLetterboxed= false isFromLetterboxDoubleTap= false topActivityLetterboxVerticalPosition= -1 topActivityLetterboxHorizontalPosition= -1 topActivityLetterboxWidth=-1 topActivityLetterboxHeight=-1 topActivityLetterboxAppWidth=-1 topActivityLetterboxAppHeight=-1 isUserFullscreenOverrideEnabled=false isSystemFullscreenOverrideEnabled=false hasMinAspectRatioOverride=false topActivityLetterboxBounds=null cameraCompatTaskInfo=CameraCompatTaskInfo { freeformCameraCompatMode=inactive}} topActivityMainWindowFrame=null}, pipChange = null, remoteTransition = null, displayChange = null, flags = 0, debugId = 87 }
07-25 10:33:30.159  1659  1800 V WindowManager:     startWCT=WindowContainerTransaction { changes= {} hops= [] errorCallbackToken=null taskFragmentOrganizer=null }
07-25 10:33:30.160  1659  1800 V WindowManager:     info={id=87 t=OPEN f=0x40 trk=0 r=[] c=[]}
07-25 10:33:30.160  1659  2397 D BackgroundInstallControlService: Package event received: 0
07-25 10:33:30.162  1659  1800 V WindowManager: Finish Transition (#87): created at 07-25 10:33:30.139 collect-started=0.053ms request-sent=8.448ms started=10.683ms ready=10.666ms sent=19.167ms finished=23.14ms
07-25 10:33:30.162  2433  2455 V WindowManagerShell: Track 0 became idle
07-25 10:33:30.163  2433  2455 V WindowManagerShell: All active transition animations finished
07-25 10:33:30.163  2433  2455 V WindowManagerShell: Transition requested (#88): android.os.BinderProxy@984dac7 TransitionRequestInfo { type = TO_BACK, triggerTask = null, pipChange = null, remoteTransition = null, displayChange = null, flags = 260, debugId = 88 }
07-25 10:33:30.164  1659  2397 D BackgroundInstallControlService: Package event received: 0
07-25 10:33:30.164  1659  2397 D BackgroundInstallControlService: Package event received: 0
07-25 10:33:30.164  1659  2397 D BackgroundInstallControlService: Package event received: 0
07-25 10:33:30.166  1659  5204 W UserManagerService: Requested status bar icon for non-badged user 0
07-25 10:33:30.171  2433  8054 V WindowManagerShell: onTransitionReady(transaction=7125350753135)
07-25 10:33:30.171  2433  2455 V WindowManagerShell: onTransitionReady (#88) android.os.BinderProxy@984dac7: {id=88 t=TO_BACK f=0x104 trk=1 r=[0@Point(0, 0)] c=[
07-25 10:33:30.171  2433  2455 V WindowManagerShell:         {m=TO_FRONT f=NONE p=WCT{android.window.IWindowContainerToken$Stub$Proxy@2318724} leash=Surface(name=Task=18314)/@0xa864251 sb=Rect(0, 0 - 1080, 2400) eb=Rect(0, 0 - 1080, 2400) epz=Point(1080, 2400) d=0 taskParent=-1},
07-25 10:33:30.171  2433  2455 V WindowManagerShell:         {m=TO_FRONT f=FLAG_IS_TASK_DISPLAY_AREA leash=Surface(name=DefaultTaskDisplayArea)/@0xf051ab6 sb=Rect(0, 0 - 1080, 2400) eb=Rect(0, 0 - 1080, 2400) epz=Point(1080, 2400) d=0}
07-25 10:33:30.171  2433  2455 V WindowManagerShell:     ]}
07-25 10:33:30.171  2433  2455 V WindowManagerShell: Playing animation for (#88) android.os.BinderProxy@984dac7@1
07-25 10:33:30.171  2433  2455 V WindowManagerShell: start keyguard going-away transition, info = {id=88 t=TO_BACK f=0x104 trk=1 r=[0@Point(0, 0)] c=[{m=TO_FRONT f=NONE p=WCT{android.window.IWindowContainerToken$Stub$Proxy@2318724} leash=Surface(name=Task=18314)/@0xa864251 sb=Rect(0, 0 - 1080, 2400) eb=Rect(0, 0 - 1080, 2400) epz=Point(1080, 2400) d=0 taskParent=-1},{m=TO_FRONT f=FLAG_IS_TASK_DISPLAY_AREA leash=Surface(name=DefaultTaskDisplayArea)/@0xf051ab6 sb=Rect(0, 0 - 1080, 2400) eb=Rect(0, 0 - 1080, 2400) epz=Point(1080, 2400) d=0}]}
07-25 10:33:30.171  2433  2455 D KeyguardService: Starts IRemoteAnimationRunner: info={id=88 t=TO_BACK f=0x104 trk=1 r=[0@Point(0, 0)] c=[{m=TO_FRONT f=NONE p=WCT{android.window.IWindowContainerToken$Stub$Proxy@2318724} leash=Surface(name=Task=18314)/@0xa864251 sb=Rect(0, 0 - 1080, 2400) eb=Rect(0, 0 - 1080, 2400) epz=Point(1080, 2400) d=0 taskParent=-1},{m=TO_FRONT f=FLAG_IS_TASK_DISPLAY_AREA leash=Surface(name=DefaultTaskDisplayArea)/@0xf051ab6 sb=Rect(0, 0 - 1080, 2400) eb=Rect(0, 0 - 1080, 2400) epz=Point(1080, 2400) d=0}]}
07-25 10:33:30.171  1659  2221 D ActivityManager: sync unfroze 13402 com.amazon.avod.thirdpartyclient for 6
07-25 10:33:30.171  2433  2455 V WindowManagerShell:  animated by com.android.wm.shell.keyguard.KeyguardTransitionHandler@7618932
07-25 10:33:30.173  1659  1800 V WindowManager: Sent Transition (#88) createdAt=07-25 10:33:30.159 via request=TransitionRequestInfo { type = TO_BACK, triggerTask = null, pipChange = null, remoteTransition = null, displayChange = null, flags = 260, debugId = 88 }
07-25 10:33:30.174  1659  1800 V WindowManager:     startWCT=WindowContainerTransaction { changes= {} hops= [] errorCallbackToken=null taskFragmentOrganizer=null }
07-25 10:33:30.174  1659  1800 V WindowManager:     info={id=88 t=TO_BACK f=0x104 trk=1 r=[0@Point(0, 0)] c=[
07-25 10:33:30.174  1659  1800 V WindowManager:         {WCT{RemoteToken{8e6431a Task{6b42b6a #18314 type=standard A=10291:org.thunderdog.challegram}}} m=TO_FRONT f=NONE p=WCT{RemoteToken{7bbe902 DefaultTaskDisplayArea@162541496}} leash=Surface(name=Task=18314)/@0xecab141 sb=Rect(0, 0 - 1080, 2400) eb=Rect(0, 0 - 1080, 2400) epz=Point(1080, 2400) d=0 taskParent=-1},
07-25 10:33:30.174  1659  1800 V WindowManager:         {WCT{RemoteToken{7bbe902 DefaultTaskDisplayArea@162541496}} m=TO_FRONT f=FLAG_IS_TASK_DISPLAY_AREA leash=Surface(name=DefaultTaskDisplayArea)/@0x3264b87 sb=Rect(0, 0 - 1080, 2400) eb=Rect(0, 0 - 1080, 2400) epz=Point(1080, 2400) d=0}
07-25 10:33:30.174  1659  1800 V WindowManager:     ]}
07-25 10:33:30.177  1659  5204 W UserManagerService: Requested status bar icon for non-badged user 0
07-25 10:33:30.179  1659  2221 D ActivityManager: sync unfroze 14694 com.reddit.frontpage for 6
07-25 10:33:30.182  1659  3311 W UserManagerService: Requested status bar icon for non-badged user 0
07-25 10:33:30.184  1659  2221 D ActivityManager: sync unfroze 13610 com.glassdoor.app for 6
07-25 10:33:30.187  1659  2221 W JobServiceContext: Sending onNetworkChanged for a job that isn't started. JobStatus{c09ce99 #u0a341/1671178793 com.amazon.avod.thirdpartyclient/com.google.android.datatransport.runtime.scheduling.jobscheduling.JobInfoSchedulerService u=0 s=10341 TIME=-1m32s803ms:none NET READY}
07-25 10:33:30.187  1659  2221 W JobServiceContext: Sending onNetworkChanged for a job that isn't started. JobStatus{782be75 #u0a300/7111 com.reddit.frontpage/androidx.work.impl.background.systemjob.SystemJobService u=0 s=10300 TIME=-1m11s351ms:none NET READY}
07-25 10:33:30.187  1659  2221 W JobServiceContext: Sending onNetworkChanged for a job that isn't started. JobStatus{3ff11b4 #u0a300/7095 com.reddit.frontpage/androidx.work.impl.background.systemjob.SystemJobService u=0 s=10300 TIME=-1m4s961ms:none NET READY}
07-25 10:33:30.377  1659  3312 I ActivityManager: Process com.google.android.apps.pixel.support (pid 10606) has died: cch+95 CEM 
07-25 10:33:30.387  1268  1957 I Lyric   : spectral_driver.cc:323: Flicker sampling has been disabled.
07-25 10:33:30.453  1659  2689 D ActivityManager: sync unfroze 20835 android.process.acore for 7
07-25 10:33:30.454  1659  2397 D BackgroundInstallControlService: Package event received: 0
07-25 10:33:30.455  1659  2397 D BackgroundInstallControlService: Package event received: 0
07-25 10:33:30.455  1659  2397 D BackgroundInstallControlService: Package event received: 0
07-25 10:33:30.455  1659  2397 D BackgroundInstallControlService: Package event received: 0
07-25 10:33:30.456  1659  2397 D BackgroundInstallControlService: Package event received: 0
07-25 10:33:30.468  1659  2397 D BackgroundInstallControlService: Package event received: 0
07-25 10:33:30.469  1659  2397 D BackgroundInstallControlService: Package event received: 0
07-25 10:33:30.470  1659  2689 D CompatChangeReporter: Compat change id reported: 261072174; UID 10291; state: ENABLED
07-25 10:33:30.502  1659  2689 D CoreBackPreview: Window{eabd900 u0 org.thunderdog.challegram/org.thunderdog.challegram.MainActivity}: Setting back callback OnBackInvokedCallbackInfo{mCallback=android.window.IOnBackInvokedCallback$Stub$Proxy@c414dc4, mPriority=0, mIsAnimationCallback=false, mOverrideBehavior=0}
07-25 10:33:30.558  1659  1689 D FaceProvider/default: Starting watchdog for face
07-25 10:33:30.558  1659  1689 E BiometricScheduler: Current operation is null,no need to start watchdog
07-25 10:33:30.630  1659  2689 I ActivityManager: Process com.google.android.apps.docs.editors.sheets (pid 13156) has died: cch+85 CEM 
07-25 10:33:30.635  1659  1801 D DisplayManagerService: Drop pending events for gone uid 10292
07-25 10:33:30.682  2433  2433 D KeyguardService: Finish IRemoteAnimationRunner.
07-25 10:33:30.682  2433  2455 V WindowManagerShell: Transition animation finished (aborted=false), notifying core (#88) android.os.BinderProxy@984dac7@1
07-25 10:33:30.684  1659  1800 V WindowManager: Finish Transition (#88): created at 07-25 10:33:30.159 collect-started=0.025ms request-sent=0.038ms started=4.627ms ready=4.616ms sent=11.295ms finished=524.807ms
07-25 10:33:30.686  2433  2455 V WindowManagerShell: Track 1 became idle
07-25 10:33:30.686  2433  2455 V WindowManagerShell: All active transition animations finished
07-25 10:33:30.687  1659  2397 D BackgroundInstallControlService: Package event received: 0
07-25 10:33:30.694  1659  1689 W UserManagerService: Requested status bar icon for non-badged user 0
07-25 10:33:30.705  1659  2689 D ActivityManager: sync unfroze 21085 com.google.android.flipendo for 7
07-25 10:33:30.706  1659  2397 D BackgroundInstallControlService: Package event received: 0
07-25 10:33:30.719  1659  1689 D FingerprintProvider/default: Starting watchdog for fingerprint
07-25 10:33:30.719  1659  1689 E BiometricScheduler: Current operation is null,no need to start watchdog
07-25 10:33:30.719  1659  3256 W UserManagerService: Requested status bar icon for non-badged user 0
07-25 10:33:30.720  1659  3256 W UserManagerService: Requested status bar icon for non-badged user 0
07-25 10:33:30.720  1659  3256 W UserManagerService: Requested status bar icon for non-badged user 0
07-25 10:33:30.739  1659  5198 D SystemServerTiming: getUserSwitchability-0
07-25 10:33:30.740  1659  5198 D SystemServerTiming: TM.isInCall
07-25 10:33:30.740  1659  5198 D SystemServerTiming: hasUserRestriction-DISALLOW_USER_SWITCH
07-25 10:33:30.740  1659  5198 D SystemServerTiming: getInt-ALLOW_USER_SWITCHING_WHEN_SYSTEM_USER_LOCKED
07-25 10:33:30.740  1659  5198 D SystemServerTiming: isUserUnlocked-USER_SYSTEM
07-25 10:33:30.761  1659  5198 D CoreBackPreview: Window{10c8c55 u0 NotificationShade}: Setting back callback null
07-25 10:33:30.834  1659  3256 W PackageConfigPersister: App-specific configuration not found for packageName: org.thunderdog.challegram and userId: 0
07-25 10:33:30.837  1659  3256 D CoreBackPreview: Window{caabdc2 u0 Splash Screen org.thunderdog.challegram EXITING}: Setting back callback null
07-25 10:33:30.884  2433  2455 V ShellRecents: RecentsTransitionHandler.startRecentsTransition
07-25 10:33:30.884  2433  2455 V WindowManagerShell: Directly starting a new transition type=TO_FRONT wct=WindowContainerTransaction { changes= {} hops= [{pendingIntent: options=Bundle[{android.activity.splashScreenStyle=-1, android.activity.sourceInfo=Supplier{VAL_PARCELABLE@148+104}, android.pendingIntent.backgroundActivityAllowed=3, android:activity.animAbortListener=null, android.activity.transientLaunch=true}]}] errorCallbackToken=null taskFragmentOrganizer=null } handler=com.android.wm.shell.recents.RecentsTransitionHandler@22367bc
07-25 10:33:30.888  2433  2455 V ShellRecents: [105934341] RecentsController.setTransition: id=android.os.BinderProxy@6cea57c
07-25 10:33:30.893  1659  2397 D BackgroundInstallControlService: Package event received: 0
07-25 10:33:30.893  1659  2397 D BackgroundInstallControlService: Package event received: 0
07-25 10:33:30.893  1659  2397 D BackgroundInstallControlService: Package event received: 0
07-25 10:33:30.912  2433  3294 V WindowManagerShell: onTransitionReady(transaction=7125350753175)
07-25 10:33:30.912  2433  2455 V WindowManagerShell: onTransitionReady (#89) android.os.BinderProxy@6cea57c: {id=89 t=TO_FRONT f=0x80 trk=0 r=[0@Point(0, 0)] c=[
07-25 10:33:30.912  2433  2455 V WindowManagerShell:         {m=TO_FRONT f=SHOW_WALLPAPER|MOVE_TO_TOP leash=Surface(name=Task=1)/@0xea28e5a sb=Rect(0, 0 - 1080, 2400) eb=Rect(0, 0 - 1080, 2400) epz=Point(1080, 2400) d=0 taskParent=-1},
07-25 10:33:30.912  2433  2455 V WindowManagerShell:         {m=TO_BACK f=NONE leash=Surface(name=Task=18314)/@0x632388b sb=Rect(0, 0 - 1080, 2400) eb=Rect(0, 0 - 1080, 2400) epz=Point(1080, 2400) d=0 taskParent=-1},
07-25 10:33:30.912  2433  2455 V WindowManagerShell:         {m=TO_FRONT f=IS_WALLPAPER leash=Surface(name=WallpaperWindowToken{fc098c5 token=android.os.Binder@c0dc33c})/@0x71e9d68 sb=Rect(0, 0 - 1080, 2400) eb=Rect(0, 0 - 1080, 2400) epz=Point(1080, 2400) d=0}
07-25 10:33:30.912  2433  2455 V WindowManagerShell:     ]}
07-25 10:33:30.912  2433  2455 V WindowManagerShell: Playing animation for (#89) android.os.BinderProxy@6cea57c@0
07-25 10:33:30.912  2433  2455 V WindowManagerShell:  try firstHandler com.android.wm.shell.recents.RecentsTransitionHandler@22367bc
07-25 10:33:30.912  2433  2455 V ShellRecents: [105934341] RecentsController.start
07-25 10:33:30.913  2433  2455 V ShellRecents:   not handling home taskId=1
07-25 10:33:30.913  2433  2455 V ShellRecents:   adding pausing leaf taskId=18314 at layer=8
07-25 10:33:30.913  2433  2455 V ShellRecents: Applying transaction=7125350753175
07-25 10:33:30.914  2433  2455 V ShellRecents: Trying to get a handler for takeover but the flag is disabled
07-25 10:33:30.914  2433  2455 V ShellSplitScreen: getSplitBoundsForTaskId: expected split bounds for taskId=18314 but not found
07-25 10:33:30.914  2433  2455 V ShellRecents: [105934341] RecentsController.start: calling onAnimationStart with 2 apps
07-25 10:33:30.914  2433  2455 V WindowManagerShell:  animated by firstHandler
07-25 10:33:30.918  1659  1800 V WindowManager: Sent Transition (#89) createdAt=07-25 10:33:30.884
07-25 10:33:30.918  1659  5198 W UserManagerService: Requested status bar icon for non-badged user 0
07-25 10:33:30.918  1659  1800 V WindowManager:     startWCT=WindowContainerTransaction { changes= {} hops= [{pendingIntent: options=Bundle[{android.activity.splashScreenStyle=-1, android.activity.sourceInfo=android.app.ActivityOptions$SourceInfo@e0275b5, android.pendingIntent.backgroundActivityAllowed=3, android:activity.animAbortListener=null, android.activity.transientLaunch=true}]}] errorCallbackToken=null taskFragmentOrganizer=null }
07-25 10:33:30.918  1659  1800 V WindowManager:     info={id=89 t=TO_FRONT f=0x80 trk=0 r=[0@Point(0, 0)] c=[
07-25 10:33:30.918  1659  1800 V WindowManager:         {WCT{RemoteToken{3d8e03b Task{7aef993 #1 type=home}}} m=TO_FRONT f=SHOW_WALLPAPER|MOVE_TO_TOP leash=Surface(name=Task=1)/@0x3bb7ab4 sb=Rect(0, 0 - 1080, 2400) eb=Rect(0, 0 - 1080, 2400) epz=Point(1080, 2400) d=0 taskParent=-1},
07-25 10:33:30.918  1659  1800 V WindowManager:         {WCT{RemoteToken{8e6431a Task{6b42b6a #18314 type=standard A=10291:org.thunderdog.challegram}}} m=TO_BACK f=NONE leash=Surface(name=Task=18314)/@0xecab141 sb=Rect(0, 0 - 1080, 2400) eb=Rect(0, 0 - 1080, 2400) epz=Point(1080, 2400) d=0 taskParent=-1},
07-25 10:33:30.918  1659  1800 V WindowManager:         {m=TO_FRONT f=IS_WALLPAPER leash=Surface(name=WallpaperWindowToken{fc098c5 token=android.os.Binder@c0dc33c})/@0x8775fc6 sb=Rect(0, 0 - 1080, 2400) eb=Rect(0, 0 - 1080, 2400) epz=Point(1080, 2400) d=0}
07-25 10:33:30.918  1659  1800 V WindowManager:     ]}
07-25 10:33:30.929  2433  2455 V ShellRecents: [105934341] RecentsController.setInputConsumerEnabled: set focus to recents
07-25 10:33:30.941  1659  2253 E HandwritingModeController: Cannot get requestId: Handwriting was not initialized.
07-25 10:33:30.983  2433  3294 V ShellRecents: [105934341] RecentsController.detachNavigationBarFromApp
07-25 10:33:30.984  1659  2397 D BackgroundInstallControlService: Package event received: 0
07-25 10:33:30.985  2433  2455 D WindowManagerShell: setLauncherKeepClearAreaHeight: visible=true, height=527
07-25 10:33:31.226  1659  2689 D ActivityManager: sync unfroze 21054 com.google.android.gms for 6
07-25 10:33:31.270  1659  3259 D ActivityManager: sync unfroze 31924 com.google.android.googlequicksearchbox:search for 6
07-25 10:33:31.270  1659  2397 D BackgroundInstallControlService: Package event received: 0
07-25 10:33:31.274  1659  3259 D ActivityManager: sync unfroze 32615 com.google.android.googlequicksearchbox:googleapp for 6
07-25 10:33:31.275  1659  2397 D BackgroundInstallControlService: Package event received: 0
07-25 10:33:31.275  1659  3259 D ActivityManager: sync unfroze 7550 com.google.android.adservices.api for 6
07-25 10:33:31.277  1659  2397 D BackgroundInstallControlService: Package event received: 0
07-25 10:33:31.308  1659  2397 D BackgroundInstallControlService: Package event received: 0
07-25 10:33:31.435  2433  3002 V ShellRecents: [105934341] RecentsController.screenshotTask: taskId=18314
07-25 10:33:31.468  2433  2455 V ShellRecents: [105934341] RecentsController.finishInner: toHome=true userLeave=true willFinishToHome=true state=0 reason=requested
07-25 10:33:31.468  2433  2455 V ShellRecents:   normal finish
07-25 10:33:31.468  2433  2455 V ShellRecents: [105934341] RecentsController.finishInner: Completing finish
07-25 10:33:31.468  2433  2455 V ShellRecents: [105934341] RecentsController.cleanup
07-25 10:33:31.468  2433  2455 V WindowManagerShell: Transition animation finished (aborted=false), notifying core (#89) android.os.BinderProxy@6cea57c@0
07-25 10:33:31.469  1659  1800 V WindowManager: Finish Transition (#89): created at 07-25 10:33:30.884 collect-started=0.097ms started=0.113ms ready=10.051ms sent=26.421ms finished=585.05ms
07-25 10:33:31.472  2433  2455 V WindowManagerShell: Track 0 became idle
07-25 10:33:31.472  2433  2455 V WindowManagerShell: All active transition animations finished
07-25 10:33:31.472  2433  2455 V ShellRecents: [105934341] RecentsController.finishInner: calling finish callback
07-25 10:33:31.474  1659  2503 W UserManagerService: Requested status bar icon for non-badged user 0
07-25 10:33:31.475  1659  2397 D BackgroundInstallControlService: Package event received: 0
07-25 10:33:31.479  1659  2503 W UserManagerService: Requested status bar icon for non-badged user 0
07-25 10:33:31.483  1659  1800 D HintManagerService: Sent cleanup message for uid 10291
07-25 10:33:31.485  1659  1803 V WindowManager: Unknown focus tokens, dropping reportFocusChanged
07-25 10:33:31.494  1659  2397 D BackgroundInstallControlService: Package event received: 0
07-25 10:33:31.501  1659  2503 W PackageConfigPersister: App-specific configuration not found for packageName: com.google.android.apps.nexuslauncher and userId: 0
07-25 10:33:32.491  1659  2232 D HintManagerService: Starts cleaning for 10291
07-25 10:33:37.010  1659  3256 W ProcessStats: Tracking association SourceState{87d2d59 system/1000 ImpBg #22783} whose proc state 6 is better than process ProcessState{1b2c838 com.reddit.frontpage/10300 pkg=com.reddit.frontpage} proc state 15 (69 skipped)
07-25 10:33:39.310  1659  2231 D ActivityManager: freezing 5430 com.facebook.katana
07-25 10:33:39.400  1659  2231 D ActivityManager: freezing 17218 com.google.android.apps.privacy.wildlife
07-25 10:33:40.097   550 14411 I keystore2: system/security/keystore2/watchdog/src/lib.rs:356 - Watchdog thread idle -> terminating. Have a great day.
07-25 10:33:40.465  1659  2231 D ActivityManager: freezing 13610 com.glassdoor.app
07-25 10:33:41.342  1659  2231 D ActivityManager: freezing 13402 com.amazon.avod.thirdpartyclient
07-25 10:33:41.413  1659  2231 D ActivityManager: freezing 31924 com.google.android.googlequicksearchbox:search
07-25 10:33:41.419  1659  2231 D ActivityManager: freezing 32615 com.google.android.googlequicksearchbox:googleapp
07-25 10:33:41.427  1659  2231 D ActivityManager: freezing 7550 com.google.android.adservices.api
07-25 10:33:41.491  1659  2231 D ActivityManager: freezing 9474 com.android.settings
07-25 10:33:41.499  1659  2231 D ActivityManager: freezing 3357 com.google.android.apps.wellbeing
07-25 10:33:42.543  1659  2231 D ActivityManager: freezing 16407 net.one97.paytm
07-25 10:33:46.581  2433  3434 D PowerUI : can't show warning due to - plugged: true status unknown: false
07-25 10:33:46.587  2433  3384 D PowerUI : can't show warning due to - plugged: true status unknown: false
07-25 10:33:46.857  2433  3584 D PowerUI : can't show warning due to - plugged: true status unknown: false
07-25 10:33:50.991  1659  2231 D ActivityManager: freezing 7746 com.instagram.android
07-25 10:33:54.990  1659  1876 V DisplayPowerController[0]: Brightness [0.0] reason changing to: 'automatic [ dim ]', previous reason: 'automatic'.
07-25 10:33:54.990  1659  1876 I DisplayPowerController[0]: BrightnessEvent: brt=0.0 (0.0%), nits= 2.0, lux=19.228088, reason=automatic [ dim ], strat=AutomaticBrightnessStrategy, state=ON, stateReason=DEFAULT_POLICY, policy=DIM, flags=, initBrt=0.031132337, rcmdBrt=0.031132337, preBrt=NaN, preLux=NaN, wasShortTermModelActive=false, autoBrightness=true (default), unclampedBrt=0.031132337, hbmMax=0.35428858, hbmMode=off, thrmMax=1.0, rbcStrength=25, powerFactor=1.0, physDisp=Built-in Screen(local:4619826886480892416), logicalId=0
07-25 10:33:55.011  1659  1803 I DisplayDeviceRepository: Display device changed render timings: "Built-in Screen", renderFrameRate=60.0, presentationDeadlineNanos=11500000, appVsyncOffsetNanos=6233334, frameRateOverrides=[]
07-25 10:33:55.012  1659  1876 D BrightnessThermalClamper: Thermal status observer already started
07-25 10:33:55.040  1659  1803 I DisplayDeviceRepository: Display device changed render timings: "Built-in Screen", renderFrameRate=120.00001, presentationDeadlineNanos=11500000, appVsyncOffsetNanos=6233332, frameRateOverrides=[]
07-25 10:33:55.041  1659  1876 D BrightnessThermalClamper: Thermal status observer already started
07-25 10:33:56.394  1659  2231 D ActivityManager: freezing 21054 com.google.android.gms
07-25 10:33:57.509  1659  2235 D ActivityManager: sync unfroze 21054 com.google.android.gms for 6
07-25 10:33:57.532  1659  2221 D CompatChangeReporter: Compat change id reported: 151861875; UID 10150; state: ENABLED
07-25 10:33:57.543  1659  1659 W ProcessStats: Tracking association SourceState{87d2d59 system/1000 ImpBg #22829} whose proc state 6 is better than process ProcessState{1b2c838 com.reddit.frontpage/10300 pkg=com.reddit.frontpage} proc state 15 (0 skipped)
07-25 10:33:57.566  1659 15518 I StorageManagerService: Storage lifetime: 4
07-25 10:33:57.566  1659 15518 I StorageManagerService: Set smart idle maintenance: latest write amount: 748, average write amount: 598, min segment threshold: 512, dirty reclaim rate: 0.5, segment reclaim weight: 2.0, period(min): 60, min gc sleep time(ms): 5000, target dirty ratio: 80
07-25 10:33:57.568   535   535 I vold    : Trigger GC for target dirty ratio diff of: 2
07-25 10:33:57.569   535   535 I vold    : Successfully set gc urgent mode: free segments: 2458, reclaim target: 283, sleep time: 12720
07-25 10:33:57.569  1659 15518 I SmartStorageMaintIdler: Got smart storage maintenance service completion callback
07-25 10:33:57.569  1659  1813 I ActivityManager: Start proc 15523:com.google.android.apps.turbo:aab/u0a150 for service {com.google.android.apps.turbo/com.google.android.libraries.smartbattery.appusage.library.InferAppBucketsJob}
07-25 10:33:57.570  1659 15518 D CompatChangeReporter: Compat change id reported: 311402873; UID 1000; state: ENABLED
07-25 10:33:57.570  1659 15518 D CompatChangeReporter: Compat change id reported: 323349338; UID 1000; state: ENABLED
07-25 10:33:58.079  1659  3311 D CompatChangeReporter: Compat change id reported: 262645982; UID 10291; state: ENABLED
07-25 10:34:00.092  1659  1876 V DisplayPowerController[0]: Brightness [0.031132337] reason changing to: 'automatic', previous reason: 'automatic [ dim ]'.
07-25 10:34:00.093  1659  1876 I DisplayPowerController[0]: BrightnessEvent: brt=0.031132337 (51.0%), nits= 45.77784, lux=19.228088, reason=automatic, strat=AutomaticBrightnessStrategy, state=ON, stateReason=DEFAULT_POLICY, policy=BRIGHT, flags=, initBrt=0.0, rcmdBrt=0.031132337, preBrt=NaN, preLux=NaN, wasShortTermModelActive=false, autoBrightness=true (default), unclampedBrt=0.031132337, hbmMax=0.35428858, hbmMode=off, thrmMax=1.0, rbcStrength=25, powerFactor=1.0, physDisp=Built-in Screen(local:4619826886480892416), logicalId=0
07-25 10:34:00.236  2433  2455 D WindowManagerShell: setLauncherKeepClearAreaHeight: visible=false, height=527
07-25 10:34:00.239  1659  2397 D BackgroundInstallControlService: Package event received: 0
07-25 10:34:05.430  1659  2231 D ActivityManager: freezing 4423 com.google.android.apps.messaging
07-25 10:34:05.511  1659  2397 D BackgroundInstallControlService: Package event received: 0
07-25 10:34:05.643  2433  2455 D WindowManagerShell: setLauncherKeepClearAreaHeight: visible=true, height=527
07-25 10:34:05.644  1659  2397 D BackgroundInstallControlService: Package event received: 0
07-25 10:34:06.681  1659  2231 D ActivityManager: freezing 20835 android.process.acore
07-25 10:34:07.686  1659  2231 D ActivityManager: freezing 21085 com.google.android.flipendo
07-25 10:34:08.254  1659  2231 D ActivityManager: freezing 15523 com.google.android.apps.turbo:aab
07-25 10:34:12.122  1659  2231 D ActivityManager: freezing 14694 com.reddit.frontpage
07-25 10:34:13.498  1659  2231 D ActivityManager: freezing 4649 com.google.android.apps.turbo
07-25 10:34:14.587  1659  2231 D ActivityManager: freezing 21054 com.google.android.gms
07-25 10:34:18.124  2433  2990 D PowerUI : can't show warning due to - plugged: true status unknown: false
07-25 10:34:29.511  1659  1876 V DisplayPowerController[0]: Brightness [0.0] reason changing to: 'automatic [ dim ]', previous reason: 'automatic'.
07-25 10:34:29.511  1659  1876 I DisplayPowerController[0]: BrightnessEvent: brt=0.0 (0.0%), nits= 2.0, lux=19.228088, reason=automatic [ dim ], strat=AutomaticBrightnessStrategy, state=ON, stateReason=DEFAULT_POLICY, policy=DIM, flags=, initBrt=0.031132337, rcmdBrt=0.031132337, preBrt=NaN, preLux=NaN, wasShortTermModelActive=false, autoBrightness=true (default), unclampedBrt=0.031132337, hbmMax=0.35428858, hbmMode=off, thrmMax=1.0, rbcStrength=25, powerFactor=1.0, physDisp=Built-in Screen(local:4619826886480892416), logicalId=0
07-25 10:34:29.530  1659  1803 I DisplayDeviceRepository: Display device changed render timings: "Built-in Screen", renderFrameRate=60.0, presentationDeadlineNanos=11500000, appVsyncOffsetNanos=6233334, frameRateOverrides=[]
07-25 10:34:29.532  1659  1876 D BrightnessThermalClamper: Thermal status observer already started
07-25 10:34:29.548  1659  1803 I DisplayDeviceRepository: Display device changed render timings: "Built-in Screen", renderFrameRate=120.00001, presentationDeadlineNanos=11500000, appVsyncOffsetNanos=6233332, frameRateOverrides=[]
07-25 10:34:29.549  1659  1876 D BrightnessThermalClamper: Thermal status observer already started
07-25 10:34:35.501  1659  1876 I PowerGroup: Napping power group (groupId=0, uid=1000)...
07-25 10:34:35.502  1659  1876 I PowerManagerService: Nap time (uid 1000)...
07-25 10:34:35.502  1659  1876 I PowerGroup: Powering off display group due to timeout (groupId= 0, uid= 1000, millisSinceLastUserActivity=30003, lastUserActivityEvent=touch)...
07-25 10:34:35.504  1659  2397 D BackgroundInstallControlService: Package event received: 0
07-25 10:34:35.505  1659  1876 I PowerManagerService: Going to sleep due to timeout (uid 1000, screenOffTimeout=30000, activityTimeoutWM=-1, maxDimRatio=0.20000005, maxDimDur=7000)...
07-25 10:34:35.542  1659  1659 W ProcessStats: Tracking association SourceState{4f7da59 com.android.settings/1000 Service #22903} whose proc state 8 is better than process ProcessState{4bd6f3a com.google.android.apps.wellbeing/10172 pkg=com.google.android.apps.wellbeing} proc state 15 (1 skipped)
07-25 10:34:35.551  1659  5207 D BiometricUtils: isEncrypted: false isLockdown: false
07-25 10:34:35.554  1659  2390 D BiometricScheduler: [Added] {[69] com.android.server.biometrics.sensors.fingerprint.aidl.FingerprintAuthenticationClient, proto=3, owner=com.android.systemui, cookie=0, requestId=13, userId=0}, new queue size: 1
07-25 10:34:35.555  1659  2390 D BiometricScheduler: [Polled] {[69] com.android.server.biometrics.sensors.fingerprint.aidl.FingerprintAuthenticationClient, proto=3, owner=com.android.systemui, cookie=0, requestId=13, userId=0}, State: 0
07-25 10:34:35.555  1659  2390 D GestureAvailabilityTracker: Notifying gesture availability, active=false
07-25 10:34:35.555  1659  2390 D BiometricScheduler: [Started] {[69] com.android.server.biometrics.sensors.fingerprint.aidl.FingerprintAuthenticationClient, proto=3, owner=com.android.systemui, cookie=0, requestId=13, userId=0}
07-25 10:34:35.556  1659  2390 D BiometricStateCallback: State updated from 0 to 2, client {[69] com.android.server.biometrics.sensors.fingerprint.aidl.FingerprintAuthenticationClient, proto=3, owner=com.android.systemui, cookie=0, requestId=13, userId=0}
07-25 10:34:35.558  1659  2390 D Biometrics/AuthenticationClient: Requesting auth for com.android.systemui
07-25 10:34:35.564  1659  2390 V BiometricSchedulerOperation: started: {[69] com.android.server.biometrics.sensors.fingerprint.aidl.FingerprintAuthenticationClient, proto=3, owner=com.android.systemui, cookie=0, requestId=13, userId=0}, State: 2
07-25 10:34:35.589  1659  1876 V DisplayPowerController[0]: Brightness [0.031132337] reason changing to: 'automatic', previous reason: 'automatic [ dim ]'.
07-25 10:34:35.589  1659  1876 I DisplayPowerController[0]: BrightnessEvent: brt=0.031132337 (51.0%), nits= 45.77784, lux=19.228088, reason=automatic, strat=AutomaticBrightnessStrategy, state=ON, stateReason=DEFAULT_POLICY, policy=OFF, flags=, initBrt=0.0, rcmdBrt=0.031132337, preBrt=NaN, preLux=NaN, wasShortTermModelActive=false, autoBrightness=true (default), unclampedBrt=0.031132337, hbmMax=0.35428858, hbmMode=off, thrmMax=1.0, rbcStrength=25, powerFactor=1.0, physDisp=Built-in Screen(local:4619826886480892416), logicalId=0
07-25 10:34:35.992  1659  1876 I DisplayPowerController[0]: Blocking screen off
07-25 10:34:35.993  1659  1876 I DisplayPowerController[0]: Unblocked screen off after 2 ms
07-25 10:34:36.019  1659  1876 D WindowManager: Create SleepToken: tag=Display-off, displayId=0
07-25 10:34:36.019  1659  1876 D ActivityTaskManager: Top Process State changed to PROCESS_STATE_TOP_SLEEPING
07-25 10:34:36.033  1659  2397 D BackgroundInstallControlService: Package event received: 0
07-25 10:34:36.034  1659  5207 D ActivityManager: sync unfroze 21085 com.google.android.flipendo for 7
07-25 10:34:36.035  1659  2397 D BackgroundInstallControlService: Package event received: 0
07-25 10:34:36.036  1659  1876 I DisplayBrightnessStrategySelector: Changing the DisplayBrightnessStrategy from AutomaticBrightnessStrategy to ScreenOffBrightnessStrategy for display 0
07-25 10:34:36.037  1659  1876 V DisplayPowerController[0]: Brightness [0.0] reason changing to: 'screen_off', previous reason: 'automatic'.
07-25 10:34:36.037  1659  1876 I DisplayPowerController[0]: BrightnessEvent: brt=0.0 (0.0%), nits= 2.0, lux=-1.0, reason=screen_off, strat=ScreenOffBrightnessStrategy, state=OFF, stateReason=DEFAULT_POLICY, policy=OFF, flags=, initBrt=0.031132337, rcmdBrt=NaN, preBrt=NaN, preLux=0.0, wasShortTermModelActive=false, autoBrightness=true (default), unclampedBrt=-1.0, hbmMax=0.71, hbmMode=off, thrmMax=1.0, rbcStrength=25, powerFactor=1.0, physDisp=Built-in Screen(local:4619826886480892416), logicalId=0
07-25 10:34:36.042  1659  1803 I DisplayDeviceRepository: Display device changed state: "Built-in Screen", OFF
07-25 10:34:36.044  1659  1804 I DisplayDevice: [0] Layerstack set to -1 for local:4619826886480892416
07-25 10:34:36.052  1659  1876 D BrightnessThermalClamper: Thermal status observer already started
07-25 10:34:36.070  1659  2397 D BackgroundInstallControlService: Package event received: 0
07-25 10:34:36.200  1659  1876 I DreamManagerService: Entering dreamland.
07-25 10:34:36.208  1659  1876 I PowerManagerService: Dozing...
07-25 10:34:36.208  1659  1876 D BrightnessThermalClamper: Thermal status observer already started
07-25 10:34:36.214  1268  1956 I Lyric   : spectral_driver.cc:137: Ambient light sampling has been disabled. Stream consumer count: 0
07-25 10:34:36.220  1659  1800 I DreamController: Starting dream: name=ComponentInfo{com.android.systemui/com.android.systemui.doze.DozeService}, isPreviewMode=false, canDoze=true, userId=0, reason='power manager request'
07-25 10:34:36.222  1659  2397 D BackgroundInstallControlService: Package event received: 0
07-25 10:34:36.231  1659  2343 W PermissionService: getPermissionFlags: Unknown user -1
07-25 10:34:36.231  1659  2343 W PermissionService: getPermissionFlags: Unknown user -1
07-25 10:34:36.236  1659  2689 D WindowManager: Create SleepToken: tag=keyguard, displayId=0
07-25 10:34:36.237  2433  2433 D InsetsController: Setting requestedVisibleTypes to -11 (was -9)
07-25 10:34:36.253  2433  2433 V DreamService[DozeService]: UpdateDoze mDozeScreenState=1 mDozeScreenBrightness=0 mDozeScreenBrightnessFloat=NaN
