07-25 10:34:36.255  1659  1689 D DreamManagerService: Dream requested to start dozing: android.os.Binder@6652bef, screenState=OFF, reason=UNKNOWN, screenBrightnessFloat=NaN, screenBrightnessInt=0, useNormalBrightnessForDoze=false
07-25 10:34:36.255  2433  2574 V DreamService[DozeService]: UpdateDoze mDozeScreenState=1 mDozeScreenBrightness=9 mDozeScreenBrightnessFloat=NaN
07-25 10:34:36.257  1659  1689 D DreamManagerService: Dream requested to start dozing: android.os.Binder@6652bef, screenState=OFF, reason=UNKNOWN, screenBrightnessFloat=NaN, screenBrightnessInt=9, useNormalBrightnessForDoze=false
07-25 10:34:36.262  1659  1876 I DisplayPowerController[0]: BrightnessEvent: brt=0.0 (0.0%), nits= 2.0, lux=-1.0, reason=screen_off, strat=ScreenOffBrightnessStrategy, state=OFF, stateReason=UNKNOWN, policy=DOZE, flags=, initBrt=0.0, rcmdBrt=NaN, preBrt=NaN, preLux=0.0, wasShortTermModelActive=false, autoBrightness=true (default), unclampedBrt=-1.0, hbmMax=0.71, hbmMode=off, thrmMax=1.0, rbcStrength=25, powerFactor=1.0, physDisp=Built-in Screen(local:4619826886480892416), logicalId=0
07-25 10:34:36.267  1268  2151 I Lyric   : face_authentication_controller.cc:68: FaceAuthPreAllocation Finished
07-25 10:34:36.269  2612  2612 D ContextualAwarenessService: Before dispatching ACTION_SCREEN_OFF onReceive work to background
07-25 10:34:36.270  2612  2612 D ContextualAwarenessService: After dispatching ACTION_SCREEN_OFF onReceive work to background
07-25 10:34:36.270  2612 27596 D ContextualAwarenessService: Before ACTION_SCREEN_OFF onReceive work
07-25 10:34:36.270  2612 27596 D ContextualAwarenessService: After ACTION_SCREEN_OFF onReceive work
07-25 10:34:36.303  1659  1689 D BiometricService: canAuthenticate: User=0, Caller=0, Authenticators=255
07-25 10:34:36.305  1659  1689 D BiometricService/PreAuthInfo: Package: com.android.systemui Sensor ID: 1 Modality: 8 Status: 1
07-25 10:34:36.306  1659  1689 D BiometricService/PreAuthInfo: Package: com.android.systemui Sensor ID: 0 Modality: 2 Status: 1
07-25 10:34:36.306  1659  1689 D BiometricService/PreAuthInfo: getCanAuthenticateInternal Modality: 10 AuthenticatorStatus: 1
07-25 10:34:36.306  1659  1689 D AuthService: canAuthenticate, userId: 0, callingUserId: 0, authenticators: 255, result: 0
07-25 10:34:36.308  1659  1659 I PowerManagerService: onFlip(): Face up.
07-25 10:34:36.310  1659  1689 D SystemServerTiming: getUserSwitchability-0
07-25 10:34:36.310  1659  1689 D SystemServerTiming: TM.isInCall
07-25 10:34:36.310  1659  5207 D SystemServerTiming: getUserSwitchability-0
07-25 10:34:36.310  1659  5207 D SystemServerTiming: TM.isInCall
07-25 10:34:36.311  1659  1689 D SystemServerTiming: hasUserRestriction-DISALLOW_USER_SWITCH
07-25 10:34:36.311  1659  1689 D SystemServerTiming: getInt-ALLOW_USER_SWITCHING_WHEN_SYSTEM_USER_LOCKED
07-25 10:34:36.311  1659  1689 D SystemServerTiming: isUserUnlocked-USER_SYSTEM
07-25 10:34:36.311  1659  5207 D SystemServerTiming: hasUserRestriction-DISALLOW_USER_SWITCH
07-25 10:34:36.311  1659  5207 D SystemServerTiming: getInt-ALLOW_USER_SWITCHING_WHEN_SYSTEM_USER_LOCKED
07-25 10:34:36.311  1659  5207 D SystemServerTiming: isUserUnlocked-USER_SYSTEM
07-25 10:34:36.334  1659  2388 I MR2ServiceImpl: Updating composite discovery preference | preference: RouteDiscoveryRequest{ preferredFeatures={}, activeScan=false }, active routers: []
07-25 10:34:36.379  1659  1812 D ActivityManager: sync unfroze 4649 com.google.android.apps.turbo for 3
07-25 10:34:36.379  1659  2397 D BackgroundInstallControlService: Package event received: 0
07-25 10:34:36.537  1659  4786 D FingerprintProvider/default: setIgnoreDisplayTouches set to false
07-25 10:34:36.995  1659  1812 D ActivityManager: sync unfroze 7746 com.instagram.android for 3
07-25 10:34:37.024  2433  3298 V WindowManagerShell: onTransitionReady(transaction=7125350753523)
07-25 10:34:37.024  2433  2455 V WindowManagerShell: Transition requested (#90): android.os.BinderProxy@2f1879d TransitionRequestInfo { type = SLEEP, triggerTask = null, pipChange = null, remoteTransition = null, displayChange = null, flags = 0, debugId = 90 }
07-25 10:34:37.024  1659  1800 V WindowManager: Sent Transition (#90) createdAt=07-25 10:34:37.021 via request=TransitionRequestInfo { type = SLEEP, triggerTask = null, pipChange = null, remoteTransition = null, displayChange = null, flags = 0, debugId = 90 }
07-25 10:34:37.025  1659  1689 W Transition: Transition already started id=90 state=2
07-25 10:34:37.025  2433  2455 V WindowManagerShell: onTransitionReady (#90) android.os.BinderProxy@2f1879d: {id=90 t=SLEEP f=0x0 trk=0 r=[] c=[]}
07-25 10:34:37.025  2433  2455 V WindowManagerShell: No transition roots in (#90) android.os.BinderProxy@2f1879d@0 so abort
07-25 10:34:37.027  2433  2455 V WindowManagerShell: Transition animation finished (aborted=true), notifying core (#90) android.os.BinderProxy@2f1879d@0
07-25 10:34:37.028  1659  1800 V WindowManager:     startWCT=null
07-25 10:34:37.031  1659  1800 V WindowManager:     info={id=90 t=SLEEP f=0x0 trk=0 r=[] c=[]}
07-25 10:34:37.031  1659  1800 V WindowManager: Finish Transition (#90): created at 07-25 10:34:37.021 collect-started=0.228ms request-sent=0.402ms started=1.148ms ready=1.123ms sent=1.774ms finished=9.832ms
07-25 10:34:37.032  2433  2455 V WindowManagerShell: Track 0 became idle
07-25 10:34:37.032  2433  2455 V WindowManagerShell: All active transition animations finished
07-25 10:34:37.051  1659  2397 D BackgroundInstallControlService: Package event received: 0
07-25 10:34:37.404  1659  2397 D BackgroundInstallControlService: Package event received: 0
07-25 10:34:37.424  1659  1659 W NotificationHistory: Attempted to add notif for locked/gone/disabled user 0
07-25 10:34:37.436  1659  3311 I AS.FadeOutManager: unfadeOutUid() uid:10247
07-25 10:34:37.531  1659  2388 I MR2ServiceImpl: Updating composite discovery preference | preference: RouteDiscoveryRequest{ preferredFeatures={}, activeScan=false }, active routers: []
07-25 10:34:37.773  2433  2433 D InsetsController: Setting requestedVisibleTypes to -9 (was -11)
07-25 10:34:37.782  2433  2433 V DreamService[DozeService]: UpdateDoze mDozeScreenState=2 mDozeScreenBrightness=9 mDozeScreenBrightnessFloat=NaN
07-25 10:34:37.784  1659  4786 D DreamManagerService: Dream requested to start dozing: android.os.Binder@6652bef, screenState=ON, reason=UNKNOWN, screenBrightnessFloat=NaN, screenBrightnessInt=9, useNormalBrightnessForDoze=false
07-25 10:34:37.789  1659  1876 I DisplayPowerController[0]: Blocking screen on until initial contents have been drawn.
07-25 10:34:37.789  1659  1876 D WindowManager: Remove SleepToken: tag=Display-off, displayId=0
07-25 10:34:37.792  1659  1876 I DisplayPowerController: Window Manager Policy screenTurningOn complete
07-25 10:34:37.792  1659  1876 I DisplayBrightnessStrategySelector: Changing the DisplayBrightnessStrategy from ScreenOffBrightnessStrategy to DozeBrightnessStrategy for display 0
07-25 10:34:37.797  1659  1876 V DisplayPowerController[0]: Brightness [0.031496063] reason changing to: 'doze', previous reason: 'screen_off'.
07-25 10:34:37.800  1659  2388 I MR2ServiceImpl: Updating composite discovery preference | preference: RouteDiscoveryRequest{ preferredFeatures={}, activeScan=false }, active routers: []
07-25 10:34:37.801  1659  1876 I DisplayPowerController[0]: BrightnessEvent: brt=0.031496063 (36.0%), nits= 46.289505, lux=-1.0, reason=doze, strat=DozeBrightnessStrategy, state=ON, stateReason=UNKNOWN, policy=DOZE, flags=, initBrt=0.0, rcmdBrt=NaN, preBrt=NaN, preLux=0.0, wasShortTermModelActive=false, autoBrightness=true (default), unclampedBrt=0.031496063, hbmMax=0.71, hbmMode=off, thrmMax=1.0, rbcStrength=25, powerFactor=1.0, physDisp=Built-in Screen(local:4619826886480892416), logicalId=0
07-25 10:34:37.802  2433  2574 V DreamService[DozeService]: UpdateDoze mDozeScreenState=2 mDozeScreenBrightness=3 mDozeScreenBrightnessFloat=NaN
07-25 10:34:37.803  1659  3311 D DreamManagerService: Dream requested to start dozing: android.os.Binder@6652bef, screenState=ON, reason=UNKNOWN, screenBrightnessFloat=NaN, screenBrightnessInt=3, useNormalBrightnessForDoze=false
07-25 10:34:37.804  1659  1803 I DisplayDeviceRepository: Display device changed state: "Built-in Screen", ON
07-25 10:34:37.812  1659  1876 I DisplayPowerController[0]: BrightnessEvent: brt=0.007874016 (18.0%), nits= 13.0691185, lux=-1.0, reason=doze, strat=DozeBrightnessStrategy, state=ON, stateReason=UNKNOWN, policy=DOZE, flags=, initBrt=0.031496063, rcmdBrt=NaN, preBrt=NaN, preLux=0.0, wasShortTermModelActive=false, autoBrightness=true (default), unclampedBrt=0.007874016, hbmMax=0.71, hbmMode=off, thrmMax=1.0, rbcStrength=25, powerFactor=1.0, physDisp=Built-in Screen(local:4619826886480892416), logicalId=0
07-25 10:34:37.812  1659  1876 D BrightnessThermalClamper: Thermal status observer already started
07-25 10:34:37.830  1659  1804 I DisplayDevice: [0] Layerstack set to 0 for local:4619826886480892416
07-25 10:34:37.834  1659  1876 I DisplayPowerController[0]: Unblocked screen on after 45 ms
07-25 10:34:37.894  2612 27578 I AdaptiveHaptics: Request params from server: typesMask=2, deadlineElapsedRealtimeMilli=50
07-25 10:34:37.974  1268  1956 I Lyric   : spectral_driver.cc:151: Ambient light sampling enabled with mode: 2 stream consumer count: 0
07-25 10:34:37.989  1659  1876 D BrightnessThermalClamper: Thermal status observer already started
07-25 10:34:40.575   550  7068 I keystore2: system/security/keystore2/src/authorization.rs:155 - on_device_locked(user_id=0, unlocking_sids=[-1667012110937360383, 1056473775254255751], weak_unlock_enabled=false)
07-25 10:34:40.591  1659  5207 D SystemServerTiming: getUserSwitchability-0
07-25 10:34:40.591  1659  5207 D SystemServerTiming: TM.isInCall
07-25 10:34:40.591  1659  5207 D SystemServerTiming: hasUserRestriction-DISALLOW_USER_SWITCH
07-25 10:34:40.591  1659  5207 D SystemServerTiming: getInt-ALLOW_USER_SWITCHING_WHEN_SYSTEM_USER_LOCKED
07-25 10:34:40.591  1659  5207 D SystemServerTiming: isUserUnlocked-USER_SYSTEM
07-25 10:34:40.596   550  7068 I keystore2: system/security/keystore2/src/super_key.rs:973 - UnlockedDeviceRequired super keys for user 0 are biometric-encrypted.
07-25 10:34:40.598  2433  2455 V WindowManagerShell: Transition requested (#91): android.os.BinderProxy@9cbeedb TransitionRequestInfo { type = TO_FRONT, triggerTask = null, pipChange = null, remoteTransition = null, displayChange = null, flags = 2048, debugId = 91 }
07-25 10:34:40.598  1659  2397 D BackgroundInstallControlService: Package event received: 0
07-25 10:34:40.602  1659  1800 V WindowManager: Sent Transition (#91) createdAt=07-25 10:34:40.597 via request=TransitionRequestInfo { type = TO_FRONT, triggerTask = null, pipChange = null, remoteTransition = null, displayChange = null, flags = 2048, debugId = 91 }
07-25 10:34:40.602  1659  1800 V WindowManager:     startWCT=WindowContainerTransaction { changes= {} hops= [] errorCallbackToken=null taskFragmentOrganizer=null }
07-25 10:34:40.602  2433  4621 V WindowManagerShell: onTransitionReady(transaction=7125350753542)
07-25 10:34:40.602  1659  1800 V WindowManager:     info={id=91 t=TO_FRONT f=0x840 trk=0 r=[] c=[]}
07-25 10:34:40.602  2433  2455 V WindowManagerShell: onTransitionReady (#91) android.os.BinderProxy@9cbeedb: {id=91 t=TO_FRONT f=0x840 trk=0 r=[] c=[]}
07-25 10:34:40.602  2433  2455 V WindowManagerShell: Playing animation for (#91) android.os.BinderProxy@9cbeedb@0
07-25 10:34:40.604  1659  3310 W UserManagerService: Requested status bar icon for non-badged user 0
07-25 10:34:40.606  2433  2455 V WindowManagerShell: start keyguard appearing transition, info = {id=91 t=TO_FRONT f=0x840 trk=0 r=[] c=[]}
07-25 10:34:40.606  2433  2455 D KeyguardService: Starts IRemoteAnimationRunner: info={id=91 t=TO_FRONT f=0x840 trk=0 r=[] c=[]}
07-25 10:34:40.607  2433  2455 D KeyguardService: Unexpected transit type: 3
07-25 10:34:40.607  2433  2455 D KeyguardService: Finish IRemoteAnimationRunner.
07-25 10:34:40.607  2433  2455 V WindowManagerShell:  animated by com.android.wm.shell.keyguard.KeyguardTransitionHandler@7618932
07-25 10:34:40.607  2433  2455 V WindowManagerShell: Transition animation finished (aborted=false), notifying core (#91) android.os.BinderProxy@9cbeedb@0
07-25 10:34:40.608  2433  2455 V WindowManagerShell: Track 0 became idle
07-25 10:34:40.608  2433  2455 V WindowManagerShell: All active transition animations finished
07-25 10:34:40.611  1659  1800 V WindowManager: Finish Transition (#91): created at 07-25 10:34:40.597 collect-started=0.044ms request-sent=0.066ms started=1.414ms ready=1.398ms sent=4.267ms finished=10.404ms
07-25 10:34:40.635     0     0 I trusty  : INFO: system/keymint/ta/src/lib.rs:949 add 64 bytes of entropy
07-25 10:34:43.461  2433  2433 V DreamService[DozeService]: UpdateDoze mDozeScreenState=1 mDozeScreenBrightness=3 mDozeScreenBrightnessFloat=NaN
07-25 10:34:43.461  2433  2574 V DreamService[DozeService]: UpdateDoze mDozeScreenState=1 mDozeScreenBrightness=9 mDozeScreenBrightnessFloat=NaN
07-25 10:34:43.461  1659  4786 D DreamManagerService: Dream requested to start dozing: android.os.Binder@6652bef, screenState=OFF, reason=UNKNOWN, screenBrightnessFloat=NaN, screenBrightnessInt=3, useNormalBrightnessForDoze=false
07-25 10:34:43.462  2433  2433 D InsetsController: Setting requestedVisibleTypes to -11 (was -9)
07-25 10:34:43.464  1659  2203 D DreamManagerService: Dream requested to start dozing: android.os.Binder@6652bef, screenState=OFF, reason=UNKNOWN, screenBrightnessFloat=NaN, screenBrightnessInt=9, useNormalBrightnessForDoze=false
07-25 10:34:43.465  1659  1876 I DisplayPowerController[0]: Blocking screen off
07-25 10:34:43.466  1659  1876 I DisplayPowerController[0]: Unblocked screen off after 1 ms
07-25 10:34:43.474  1659  1876 D WindowManager: Create SleepToken: tag=Display-off, displayId=0
07-25 10:34:43.475  1659  1876 I DisplayBrightnessStrategySelector: Changing the DisplayBrightnessStrategy from DozeBrightnessStrategy to ScreenOffBrightnessStrategy for display 0
07-25 10:34:43.476  1659  1876 V DisplayPowerController[0]: Brightness [0.0] reason changing to: 'screen_off', previous reason: 'doze'.
07-25 10:34:43.476  1659  1876 I DisplayPowerController[0]: BrightnessEvent: brt=0.0 (0.0%), nits= 2.0, lux=-1.0, reason=screen_off, strat=ScreenOffBrightnessStrategy, state=OFF, stateReason=UNKNOWN, policy=DOZE, flags=, initBrt=0.007874016, rcmdBrt=NaN, preBrt=NaN, preLux=0.0, wasShortTermModelActive=false, autoBrightness=true (default), unclampedBrt=-1.0, hbmMax=0.71, hbmMode=off, thrmMax=1.0, rbcStrength=25, powerFactor=1.0, physDisp=Built-in Screen(local:4619826886480892416), logicalId=0
07-25 10:34:43.482  1659  1804 I DisplayDevice: [0] Layerstack set to -1 for local:4619826886480892416
07-25 10:34:43.483  1659  1803 I DisplayDeviceRepository: Display device changed state: "Built-in Screen", OFF
07-25 10:34:43.484  1659  1876 D BrightnessThermalClamper: Thermal status observer already started
07-25 10:34:43.638  1659  1876 D BrightnessThermalClamper: Thermal status observer already started
07-25 10:34:43.640  1268  1956 I Lyric   : spectral_driver.cc:137: Ambient light sampling has been disabled. Stream consumer count: 0
07-25 10:34:43.648  1268  2151 I Lyric   : face_authentication_controller.cc:68: FaceAuthPreAllocation Finished
07-25 10:34:45.208  1659  2221 D ActivityManager: sync unfroze 31924 com.google.android.googlequicksearchbox:search for 6
07-25 10:34:45.213  1659  2221 D ActivityManager: sync unfroze 32615 com.google.android.googlequicksearchbox:googleapp for 6
07-25 10:34:45.215  1659  2221 D ActivityManager: sync unfroze 7550 com.google.android.adservices.api for 6
07-25 10:34:45.278  1659  1813 I ActivityManager: Start proc 16863:com.google.android.as.oss/u0a167 for service {com.google.android.as.oss/com.google.android.gms.learning.internal.training.InAppJobService}
07-25 10:34:45.311  1659  3311 D CompatChangeReporter: Compat change id reported: 151861875; UID 10167; state: ENABLED
07-25 10:34:45.431  1659  2221 W JobServiceContext: Sending onNetworkChanged for a job that isn't started. JobStatus{81677c8 #u0a167/-605916168 com.google.android.as.oss/com.google.android.gms.learning.internal.training.InAppJobService u=0 s=10167 TIME=-2h13m18s248ms:none NET CHARGING PERSISTED READY}
07-25 10:34:45.431  1659  2221 W JobServiceContext: Sending onNetworkChanged for a job that isn't started. JobStatus{6c02061 #u0a167/-1459396391 com.google.android.as.oss/com.google.android.gms.learning.internal.training.InAppJobService u=0 s=10167 TIME=-2h13m18s248ms:none NET CHARGING PERSISTED READY}
07-25 10:34:45.431  1659  2221 W JobServiceContext: Sending onNetworkChanged for a job that isn't started. JobStatus{59102b0 #u0a167/-1458638241 com.google.android.as.oss/com.google.android.gms.learning.internal.training.InAppJobService u=0 s=10167 TIME=-2h13m18s248ms:none NET CHARGING PERSISTED READY}
07-25 10:34:45.456  1659  2397 D BackgroundInstallControlService: Package event received: 0
07-25 10:34:45.457  1659  1689 D ActivityManager: sync unfroze 21054 com.google.android.gms for 6
07-25 10:34:45.499  1659  2397 D BackgroundInstallControlService: Package event received: 0
07-25 10:34:45.549  1659  1690 D CompatChangeReporter: Compat change id reported: 311402873; UID 10167; state: ENABLED
07-25 10:34:45.549  1659  1690 D CompatChangeReporter: Compat change id reported: 323349338; UID 10167; state: ENABLED
07-25 10:34:45.561  1659  2689 W JobScheduler: Job didn't exist in JobStore: 81677c8 #u0a167/-605916168 com.google.android.as.oss/com.google.android.gms.learning.internal.training.InAppJobService
07-25 10:34:45.572  1659  2689 D ActivityManager: sync unfroze 4423 com.google.android.apps.messaging for 6
07-25 10:34:45.574  1659  1813 I ActivityManager: Start proc 16903:com.google.android.as.oss:learning_bg/u0a167 for service {com.google.android.as.oss/com.google.android.gms.learning.internal.training.InAppTrainingService}
07-25 10:34:45.612  1659  5207 W JobScheduler: Job didn't exist in JobStore: 59102b0 #u0a167/-1458638241 com.google.android.as.oss/com.google.android.gms.learning.internal.training.InAppJobService
07-25 10:34:45.627  1659  5207 W ProcessStats: Tracking association SourceState{64cc6b1 com.google.android.googlequicksearchbox:googleapp/10179 ImpBg #23003} whose proc state 6 is better than process ProcessState{7362d72 com.google.android.adservices.api/10255 pkg=com.google.android.adservices.api} proc state 14 (15 skipped)
07-25 10:34:45.641  1659  5207 D CompatChangeReporter: Compat change id reported: 311208629; UID 10167; state: ENABLED
07-25 10:34:45.652  1659  2689 W JobScheduler: Job didn't exist in JobStore: 6c02061 #u0a167/-1459396391 com.google.android.as.oss/com.google.android.gms.learning.internal.training.InAppJobService
07-25 10:34:45.948  1659  2397 D BackgroundInstallControlService: Package event received: 0
07-25 10:34:46.041  1659  3256 W JobScheduler: Job didn't exist in JobStore: cf30d64 {androidx.work.systemjobscheduler} #u0a160/2528 @androidx.work.systemjobscheduler@com.google.android.apps.messaging/androidx.work.impl.background.systemjob.SystemJobService
07-25 10:34:46.390  1659  2231 D ActivityManager: freezing 4649 com.google.android.apps.turbo
07-25 10:34:48.241  1659  2397 D BackgroundInstallControlService: Package event received: 0
07-25 10:34:48.261  1659  2565 W ActivityManager: pid 31924 com.google.android.googlequicksearchbox:search sent binder code 1 with flags 2 to frozen apps and got error -2147483646
07-25 10:34:48.294 31924 16941 D ActivityThread: Too many transaction errors, throttling freezer binder callback.
07-25 10:34:48.304 31924 16988 D ActivityThread: Too many transaction errors, throttling freezer binder callback.
07-25 10:34:48.305 31924 16864 D ActivityThread: Too many transaction errors, throttling freezer binder callback.
07-25 10:34:48.307 31924 16996 D ActivityThread: Too many transaction errors, throttling freezer binder callback.
07-25 10:34:48.309 31924 16865 D ActivityThread: Too many transaction errors, throttling freezer binder callback.
07-25 10:34:48.310 31924 16984 D ActivityThread: Too many transaction errors, throttling freezer binder callback.
07-25 10:34:48.313 31924 16881 D ActivityThread: Too many transaction errors, throttling freezer binder callback.
07-25 10:34:48.359 31924 17004 D ActivityThread: Too many transaction errors, throttling freezer binder callback.
07-25 10:34:48.362 31924 16944 D ActivityThread: Too many transaction errors, throttling freezer binder callback.
07-25 10:34:48.366 31924 16952 D ActivityThread: Too many transaction errors, throttling freezer binder callback.
07-25 10:34:48.712  1659  3256 I ContentCaptureManagerService: Data share request accepted by Content Capture service
07-25 10:34:49.185  1659  3259 W JobScheduler: Job didn't exist in JobStore: d3a37db {androidx.work.systemjobscheduler} #u0a179/32159 @androidx.work.systemjobscheduler@com.google.android.googlequicksearchbox/androidx.work.impl.background.systemjob.SystemJobService
07-25 10:34:49.596  1659  2565 W JobScheduler: Job didn't exist in JobStore: 6067e49 {androidx.work.systemjobscheduler} #u0a179/32166 @androidx.work.systemjobscheduler@com.google.android.googlequicksearchbox/androidx.work.impl.background.systemjob.SystemJobService
07-25 10:34:49.620  1659  2397 D BackgroundInstallControlService: Package event received: 0
07-25 10:34:49.620  1659  2302 D CompatChangeReporter: Compat change id reported: 151861875; UID 10294; state: ENABLED
07-25 10:34:49.660  1659  1813 I ActivityManager: Start proc 17111:com.google.android.keep/u0a294 for service {com.google.android.keep/com.google.android.keep.syncadapter.KeepSyncAdapterService}
07-25 10:34:50.110  1659  2689 D CompatChangeReporter: Compat change id reported: 311402873; UID 10294; state: ENABLED
07-25 10:34:50.110  1659  2689 D CompatChangeReporter: Compat change id reported: 323349338; UID 10294; state: ENABLED
07-25 10:34:50.571 31924 31970 W ResourcesManager: Found a null ResourcesImpl, skipped.
07-25 10:34:50.571 31924 31970 W ResourcesManager: Found a null ResourcesImpl, skipped.
07-25 10:34:50.572 31924 31970 W ResourcesManager: Found a null ResourcesImpl, skipped.
07-25 10:34:50.726 31924 31970 V ResourcesManager: The following library key has been added: ResourcesKey{ mHash=d816193 mResDir=null mSplitDirs=[] mOverlayDirs=[/product/overlay/NavigationBarModeGestural/NavigationBarModeGesturalOverlay.apk,/data/resource-cache/com.android.systemui-neutral-qJ0L.frro,/data/resource-cache/com.android.systemui-accent-N4YD.frro,/data/resource-cache/com.android.systemui-dynamic-RqqK.frro] mLibDirs=[/data/app/~~BqBZdT625Oy6Ne24CV5pRA==/com.google.android.webview-tcTbjLxkkDdhaC8us8MV-A==/base.apk,/data/app/~~jhWGc8Q3UXcE2OZA5MPV9A==/com.google.android.trichromelibrary_720406733-AyTZoWh-giDf1WYNg0xlpg==/base.apk,/system_ext/framework/androidx.window.extensions.jar] mDisplayId=0 mOverrideConfig=v35 mCompatInfo={420dpi always-compat} mLoaders=[]}
07-25 10:34:51.097   550 16834 I keystore2: system/security/keystore2/watchdog/src/lib.rs:356 - Watchdog thread idle -> terminating. Have a great day.
07-25 10:34:51.244  1659  2397 D BackgroundInstallControlService: Package event received: 0
07-25 10:34:51.961  1659  2397 D BackgroundInstallControlService: Package event received: 0
07-25 10:34:52.225  1659  2221 W JobServiceContext: Sending onNetworkChanged for a job that isn't started. JobStatus{947320c #u0a167/-546068258 com.google.android.as.oss/com.google.android.gms.learning.internal.training.InAppJobService u=0 s=10167 TIME=-2h13m25s41ms:none NET CHARGING PERSISTED READY}
07-25 10:34:52.343  1659  3256 D ActivityManager: sync unfroze 3909 com.android.providers.calendar for 7
07-25 10:34:52.536  1659  2397 D BackgroundInstallControlService: Package event received: 0
07-25 10:34:52.786  1659  2397 D BackgroundInstallControlService: Package event received: 0
07-25 10:34:52.789  1659  2689 D ActivityManager: sync unfroze 13863 com.google.android.webview:webview_service for 6
07-25 10:34:52.877  1659  2397 D BackgroundInstallControlService: Package event received: 0
07-25 10:34:53.018  1659  1813 I ActivityManager: Start proc 17323:com.google.android.webview:sandboxed_process0:org.chromium.content.app.SandboxedProcessService0:0/u0i13 for  {com.google.android.googlequicksearchbox/org.chromium.content.app.SandboxedProcessService0:0}
07-25 10:34:53.028  1659  2397 D BackgroundInstallControlService: Package event received: 0
07-25 10:34:53.061  1659  2397 D BackgroundInstallControlService: Package event received: 0
07-25 10:34:53.062  1659  2565 D ActivityManager: sync unfroze 9445 com.google.android.rkpdapp for 6
07-25 10:34:53.062  1659  2397 D BackgroundInstallControlService: Package event received: 0
07-25 10:34:53.130  1659  2302 D CompatChangeReporter: Compat change id reported: 311208629; UID 10294; state: ENABLED
07-25 10:34:53.166  1659  3259 W JobScheduler: Job didn't exist in JobStore: 45b91e3 #u0a167/-1371219540 com.google.android.as.oss/com.google.android.gms.learning.internal.training.InAppJobService
07-25 10:34:53.206  1659  2565 W JobScheduler: Job didn't exist in JobStore: 947320c #u0a167/-546068258 com.google.android.as.oss/com.google.android.gms.learning.internal.training.InAppJobService
07-25 10:34:53.242  1659  3259 W JobScheduler: Job didn't exist in JobStore: d11598 #u0a167/-280572046 com.google.android.as.oss/com.google.android.gms.learning.internal.training.InAppJobService
07-25 10:34:53.270  1659  2565 W JobScheduler: Job didn't exist in JobStore: 273c562 #u0a167/-1670948438 com.google.android.as.oss/com.google.android.gms.learning.internal.training.InAppJobService
07-25 10:34:53.322  1659  2565 W JobScheduler: Job didn't exist in JobStore: d1c4b12 #u0a167/-1269679295 com.google.android.as.oss/com.google.android.gms.learning.internal.training.InAppJobService
07-25 10:34:53.327  1659  2397 D BackgroundInstallControlService: Package event received: 0
07-25 10:34:53.352  1659  3259 W JobScheduler: Job didn't exist in JobStore: 99f3f0c #u0a167/-1967367952 com.google.android.as.oss/com.google.android.gms.learning.internal.training.InAppJobService
07-25 10:34:53.377  1659  3256 W JobScheduler: Job didn't exist in JobStore: c873ff8 #u0a167/-205649338 com.google.android.as.oss/com.google.android.gms.learning.internal.training.InAppJobService
07-25 10:34:53.414  1659  3256 W JobScheduler: Job didn't exist in JobStore: c5e1610 #u0a167/-814368097 com.google.android.as.oss/com.google.android.gms.learning.internal.training.InAppJobService
07-25 10:34:53.436  1659  2689 W JobScheduler: Job didn't exist in JobStore: 50e25e6 #u0a167/-578294288 com.google.android.as.oss/com.google.android.gms.learning.internal.training.InAppJobService
07-25 10:34:53.441  1659  2397 D BackgroundInstallControlService: Package event received: 0
07-25 10:34:53.476  1659  2565 W JobScheduler: Job didn't exist in JobStore: f6b2340 #u0a167/-648439940 com.google.android.as.oss/com.google.android.gms.learning.internal.training.InAppJobService
07-25 10:34:53.514  1659  2565 W JobScheduler: Job didn't exist in JobStore: 8dbb279 #u0a167/-1909303987 com.google.android.as.oss/com.google.android.gms.learning.internal.training.InAppJobService
07-25 10:34:53.542  1659  2565 W JobScheduler: Job didn't exist in JobStore: 1e7141f #u0a167/-286677079 com.google.android.as.oss/com.google.android.gms.learning.internal.training.InAppJobService
07-25 10:34:53.555  1659  2565 W JobScheduler: Job didn't exist in JobStore: 67f336c #u0a167/-144569728 com.google.android.as.oss/com.google.android.gms.learning.internal.training.InAppJobService
07-25 10:34:53.557  1659  2397 D BackgroundInstallControlService: Package event received: 0
07-25 10:34:53.589  1659  2565 W JobScheduler: Job didn't exist in JobStore: 75bfd35 #u0a167/-1679289975 com.google.android.as.oss/com.google.android.gms.learning.internal.training.InAppJobService
07-25 10:34:53.601  1659  2565 W JobScheduler: Job didn't exist in JobStore: 54f25ca #u0a167/-939763582 com.google.android.as.oss/com.google.android.gms.learning.internal.training.InAppJobService
07-25 10:34:53.645  1659  2565 W JobScheduler: Job didn't exist in JobStore: 39ea422 #u0a167/-782930206 com.google.android.as.oss/com.google.android.gms.learning.internal.training.InAppJobService
07-25 10:34:53.667  1659  2397 D BackgroundInstallControlService: Package event received: 0
07-25 10:34:53.723  1659  2689 W JobScheduler: Job didn't exist in JobStore: 13b012b #u0a167/-1517128893 com.google.android.as.oss/com.google.android.gms.learning.internal.training.InAppJobService
07-25 10:34:53.775  1659  2565 W JobScheduler: Job didn't exist in JobStore: ef9a4b8 #u0a167/-638764459 com.google.android.as.oss/com.google.android.gms.learning.internal.training.InAppJobService
07-25 10:34:53.784  1659  2397 D BackgroundInstallControlService: Package event received: 0
07-25 10:34:53.829  1659  2565 W JobScheduler: Job didn't exist in JobStore: 25124cc #u0a167/-1802126782 com.google.android.as.oss/com.google.android.gms.learning.internal.training.InAppJobService
07-25 10:34:53.837  1659  2565 D ActivityManager: sync unfroze 6030 com.google.android.apps.photos for 6
07-25 10:34:53.851  1659  3256 W JobScheduler: Job didn't exist in JobStore: 83cbc9c {androidx.work.systemjobscheduler} #u0a179/32177 @androidx.work.systemjobscheduler@com.google.android.googlequicksearchbox/androidx.work.impl.background.systemjob.SystemJobService
07-25 10:34:53.858  1659  3256 D ActivityManager: sync unfroze 11791 com.nnacres.app for 6
07-25 10:34:53.866  1659  2221 W JobServiceContext: Sending onNetworkChanged for a job that isn't started. JobStatus{245ae1b #u0a417/98 com.nnacres.app/androidx.work.impl.background.systemjob.SystemJobService u=0 s=10417 NET CHARGING READY}
07-25 10:34:54.252  1659  3311 I PowerGroup: Waking up power group from Dozing (groupId=0, uid=10247, reason=WAKE_REASON_TAP, details=com.android.systemui:NODOZE tap)...
07-25 10:34:54.253  1659  3311 I PowerManagerService: Waking up from Dozing (uid=10247, reason=WAKE_REASON_TAP, details=com.android.systemui:NODOZE tap)...
07-25 10:34:54.256  1659  1876 I DisplayPowerController[0]: Blocking screen on until initial contents have been drawn.
07-25 10:34:54.257  1659  1876 D WindowManager: Remove SleepToken: tag=Display-off, displayId=0
07-25 10:34:54.259  1659  1876 I DisplayPowerController: Window Manager Policy screenTurningOn complete
07-25 10:34:54.265  1659  2397 D BackgroundInstallControlService: Package event received: 0
07-25 10:34:54.267  1659  3259 D CoreBackPreview: Window{10c8c55 u0 NotificationShade}: Setting back callback OnBackInvokedCallbackInfo{mCallback=android.window.IOnBackInvokedCallback$Stub$Proxy@1773aa3, mPriority=0, mIsAnimationCallback=false, mOverrideBehavior=0}
07-25 10:34:54.273  1659  2397 D BackgroundInstallControlService: Package event received: 0
07-25 10:34:54.276  2433  2433 D InsetsController: Setting requestedVisibleTypes to -9 (was -11)
07-25 10:34:54.277  1659  2397 D BackgroundInstallControlService: Package event received: 0
07-25 10:34:54.279  2433  2455 D ShellSplitScreen: onStartedWakingUp
07-25 10:34:54.291  1659  1876 I DisplayBrightnessStrategySelector: Changing the DisplayBrightnessStrategy from ScreenOffBrightnessStrategy to AutoBrightnessFallbackStrategy for display 0
07-25 10:34:54.374     0     0 I trusty  : sac-ssmt: 126: DSP: Setup TZ SSMT 0
07-25 10:34:54.380     0     0 I trusty  : sac-ssmt: 126: DSP: Setup TZ SSMT 1
07-25 10:34:54.401     0     0 I trusty  : sac-ssmt: 111: TPU: Setup TZ SSMT 0
07-25 10:34:54.295  2612  2612 D ContextualAwarenessService: Before dispatching ACTION_SCREEN_ON onReceive work to background
07-25 10:34:54.295  2612  2612 D ContextualAwarenessService: After dispatching ACTION_SCREEN_ON onReceive work to background
07-25 10:34:54.296  2612  3903 D ContextualAwarenessService: Before ACTION_SCREEN_ON onReceive work
07-25 10:34:54.296  2612  3903 D ContextualAwarenessService: After ACTION_SCREEN_ON onReceive work
07-25 10:34:54.296  1659  1876 V DisplayPowerController[0]: Brightness [0.017786358] reason changing to: 'screen_off_brightness_sensor', previous reason: 'screen_off'.
07-25 10:34:54.296  1659  1876 I DisplayPowerController[0]: BrightnessEvent: brt=0.017786358 (39.0%), nits= 27.00682, lux=-1.0, reason=screen_off_brightness_sensor, strat=AutoBrightnessFallbackStrategy, state=ON, stateReason=DEFAULT_POLICY, policy=BRIGHT, flags=, initBrt=0.0, rcmdBrt=NaN, preBrt=NaN, preLux=0.0, wasShortTermModelActive=false, autoBrightness=true (default), unclampedBrt=0.017786358, hbmMax=0.35428858, hbmMode=off, thrmMax=1.0, rbcStrength=25, powerFactor=1.0, physDisp=Built-in Screen(local:4619826886480892416), logicalId=0
07-25 10:34:54.297  1659  1876 I DisplayBrightnessStrategySelector: Changing the DisplayBrightnessStrategy from AutoBrightnessFallbackStrategy to AutomaticBrightnessStrategy for display 0
07-25 10:34:54.302  1659  1876 V DisplayPowerController[0]: Brightness [0.03117571] reason changing to: 'automatic', previous reason: 'screen_off_brightness_sensor'.
07-25 10:34:54.302  1659  1876 I DisplayPowerController[0]: BrightnessEvent: brt=0.03117571 (51.0%), nits= 45.83886, lux=19.352493, reason=automatic, strat=AutomaticBrightnessStrategy, state=ON, stateReason=DEFAULT_POLICY, policy=BRIGHT, flags=, initBrt=0.017786358, rcmdBrt=0.03117571, preBrt=NaN, preLux=NaN, wasShortTermModelActive=false, autoBrightness=true (default), unclampedBrt=0.03117571, hbmMax=0.35428858, hbmMode=off, thrmMax=1.0, rbcStrength=25, powerFactor=1.0, physDisp=Built-in Screen(local:4619826886480892416), logicalId=0
07-25 10:34:54.406     0     0 I trusty  : sac-ssmt: 111: TPU: Setup TZ SSMT 1
07-25 10:34:54.418     0     0 I trusty  : logging.cc: 79: ***: :219: Command Received: AuthenticationCreate
07-25 10:34:54.418     0     0 I trusty  : logging.cc: 79: ***: :262: Faceauth product version 5.5
07-25 10:34:54.428     0     0 I trusty  : gxp_device_impl: 419: Loaded GXP library:
07-25 10:34:54.428     0     0 I trusty  : gxp_device_impl: 421:  - Name: tuscany_dsp_lib
07-25 10:34:54.428     0     0 I trusty  : gxp_device_impl: 422:  - Functions: ExtractThumbnailKernel,Yuv2RgbKernel
07-25 10:34:54.428     0     0 I trusty  : logging.cc: 79: ***: :100: Creating dsp pal.
07-25 10:34:54.312  1659  1803 I DisplayDeviceRepository: Display device changed state: "Built-in Screen", ON
07-25 10:34:54.313  1659  3311 I DisplayDevice: [0] Layerstack set to 0 for local:4619826886480892416
07-25 10:34:54.313  1659  1876 D BrightnessThermalClamper: Thermal status observer already started
07-25 10:34:54.325  1659  2388 I MR2ServiceImpl: Updating composite discovery preference | preference: RouteDiscoveryRequest{ preferredFeatures={}, activeScan=false }, active routers: []
07-25 10:34:54.329  1659  2689 V ALSProbe: Enable ALS: 18114508
07-25 10:34:54.330  1659  1876 I DisplayPowerController[0]: Unblocked screen on after 73 ms
07-25 10:34:54.330  1659  2392 D BiometricScheduler: [Added] {[70] com.android.server.biometrics.sensors.face.aidl.FaceAuthenticationClient, proto=3, owner=com.android.systemui, cookie=0, requestId=27, userId=0}, new queue size: 1
07-25 10:34:54.330  1659  2392 D BiometricScheduler: [Polled] {[70] com.android.server.biometrics.sensors.face.aidl.FaceAuthenticationClient, proto=3, owner=com.android.systemui, cookie=0, requestId=27, userId=0}, State: 0
07-25 10:34:54.337  1659  3259 D AmbientContextManagerService: Not all events types are wearable events.
07-25 10:34:54.337  1659  3259 D AmbientContextManagerService: getServiceForType with userid: 0 service type: DEFAULT
07-25 10:34:54.337  1659  3259 D AmbientContextManagerService: Services that are available: 1 number of services
07-25 10:34:54.337  1659  3259 D AmbientContextManagerService: Not all events types are wearable events.
07-25 10:34:54.337  1659  3259 D AmbientContextManagerPerUserService: Query event status of [3] for com.android.systemui
07-25 10:34:54.337  1659  3259 I DefaultRemoteAmbientContextDetectionService: Query status for com.android.systemui
07-25 10:34:54.343  1659  3311 I AmbientContextManagerPerUserService: Got detection status of 2 for com.android.systemui
07-25 10:34:54.348  1659  5208 E AppOps  : attributionTag IWLAN not declared in manifest of com.google.android.iwlan
07-25 10:34:54.353  1659  2392 V ALSProbe: Enable ALS: 14305317
07-25 10:34:54.353  1659  2392 D BiometricScheduler: [Started] {[70] com.android.server.biometrics.sensors.face.aidl.FaceAuthenticationClient, proto=3, owner=com.android.systemui, cookie=0, requestId=27, userId=0}
07-25 10:34:54.353  1659  2392 D Biometrics/AuthenticationClient: Requesting auth for com.android.systemui
07-25 10:34:54.359  1659  2392 V BiometricSchedulerOperation: started: {[70] com.android.server.biometrics.sensors.face.aidl.FaceAuthenticationClient, proto=3, owner=com.android.systemui, cookie=0, requestId=27, userId=0}, State: 2
07-25 10:34:54.359  1659  2392 V Biometrics/AcquisitionClient: Acquired: 20 0, shouldSend: false
07-25 10:34:54.375  1659  1689 E AppOps  : package client.pid<1584> not found, can't check for attributionTag null
07-25 10:34:54.375  1659  1689 E AppOps  : Bad call made by uid 1047. Package "client.pid<1584>" does not belong to uid 1000.
07-25 10:34:54.375  1659  1689 E AppOps  : Cannot checkOperation: non-application UID 1000
07-25 10:34:54.377  1268 10081 I Lyric   : camera_powerhal.cc:174: SetPowerBoost Trigger CAMERA_LAUNCH for 1000ms
07-25 10:34:54.377  1268  1995 W Lyric   : device_context.cc:317: NotifyCaptureSessionOpen: No OisController found for physical camera Front. Status: NOT_FOUND: Failed to find controller by type and camera id(Front); Controller with ID: optical image stabilization controller for camera: Front not present in device_context
07-25 10:34:54.379  1268  1995 W Lyric   : device_context.cc:317: NotifyCaptureSessionOpen: No OisController found for physical camera FrontVirtual. Status: NOT_FOUND: Failed to find controller by type and camera id(FrontVirtual); Controller with ID: optical image stabilization controller for camera: FrontVirtual not present in device_context
07-25 10:34:54.379  1268  1995 I G3ACoordinator: coordinator.cc:1149: Coordinator::AeNotifyCaptureSessionOpen called for camera: {position: front, lens_type: multi_fov, spectrum: visible, instance: real}
07-25 10:34:54.379  1268  1995 I G3ACoordinator: coordinator.cc:1173: Coordinator::AfNotifyCaptureSessionOpen called for camera: {position: front, lens_type: multi_fov, spectrum: visible, instance: real}
07-25 10:34:54.379  1268  1995 I G3ACoordinator: coordinator.cc:1198: Coordinator::AsdNotifyCaptureSessionOpen called for camera: {position: front, lens_type: multi_fov, spectrum: visible, instance: real}
07-25 10:34:54.379  1268  1995 I G3ACoordinator: coordinator.cc:1215: Coordinator::AwbNotifyCaptureSessionOpen called for camera: {position: front, lens_type: multi_fov, spectrum: visible, instance: real}
07-25 10:34:54.379  1268  1995 I G3ACoordinator: coordinator.cc:1132: Coordinator::NotifyCaptureSessionOpen called for camera: {position: front, lens_type: multi_fov, spectrum: visible, instance: real}
07-25 10:34:54.379  1268  1995 I G3ACoordinator: coordinator.cc:1132: Coordinator::NotifyCaptureSessionOpen called for camera: {position: front, lens_type: multi_fov, spectrum: visible, instance: real}
07-25 10:34:54.379  1268 10081 I Lyric   : camera_device_session_manager_base.cc:381: CameraDeviceSessionManager for camera id(FrontMultiFov) is created.
07-25 10:34:54.379  1268  2154 I Lyric   : motion_sensor_controller_proxy.cc:472: Start to create all sensor readers, enable direct channel: 1, support async query: 0, sample streaming period: 5ms
07-25 10:34:54.379  1268  2154 I Lyric   : direct_channel_motion_sensor_data_streamer.cc:341: Periodic timer is null, sample packet update need to be triggered before query data, type: gyroscope
07-25 10:34:54.384  1268 10081 I Lyric   : camera_device_session_hwl_impl.cc:353: Created CameraDeviceSessionHwlImpl for camera 1
07-25 10:34:54.384  1268  1763 I G3ACoordinator: front_als_manager.cc:173: Front ALS sensor enabled
07-25 10:34:54.384  1268 10081 I Lyric   : camera_device_manager_impl.cc:203: Pinning memory flag is set to 0.
07-25 10:34:54.388  1659  5204 D ActivityManager: sync unfroze 4649 com.google.android.apps.turbo for 6
07-25 10:34:54.390  1659  2397 D BackgroundInstallControlService: Package event received: 0
07-25 10:34:54.390  1659  2397 D BackgroundInstallControlService: Package event received: 0
07-25 10:34:54.398  1268 17466 I Lyric   : sensor_generic_driver.cc:5130: DOKKAEBI ReadSensorId success: 0x30a1 setting version: 1.5 setting type: 0
07-25 10:34:54.406  1268  2154 I Lyric   : direct_channel_motion_sensor_data_streamer.cc:490: gyroscope direct channel created.
07-25 10:34:54.406  1268  2154 I Lyric   : direct_channel_motion_sensor_data_streamer.cc:341: Periodic timer is null, sample packet update need to be triggered before query data, type: gravity
07-25 10:34:54.420  1268  3869 I Lyric   : lyric_basic_capture_session.cc:50: LyricBasicCaptureSession supports the stream config
07-25 10:34:54.420  1268  3869 I Lyric   : camera_device_session_manager_impl.cc:250: ==========Classfied stream for camera 1==========
07-25 10:34:54.420  1268  3869 I Lyric   : camera_device_session_manager_impl.cc:254: Physical camera id 5 stream id 0 width 1600 height 1200 format: YCBCR_420_888 usage: 16 type Output
07-25 10:34:54.420  1268  3869 I Lyric   : camera_device_session_manager_impl.cc:254: Physical camera id 5 stream id 1 width 3648 height 684 format: RAW10 usage: 16 type Output
07-25 10:34:54.420  1268  3869 I Lyric   : camera_device_session_manager_impl.cc:261: Dump lyric internal stream:
07-25 10:34:54.420  1268  3869 I Lyric   : camera_powerhal.cc:249: SetPowerStreamingMode CAMERA_STREAMING_STANDARD mode
07-25 10:34:54.420  1268  3869 I Lyric   : camera_powerhal.cc:249: SetPowerStreamingMode CAMERA_GPU_STANDARD mode
07-25 10:34:54.420  1268  1988 I Lyric   : camera_device_session_hwl_impl.cc:880: BuildPipelines entered, camera_id: 1
07-25 10:34:54.420  1268  1988 I Lyric   : active_camera_device_tracker.cc:51: Adding camera: 1, is_logical_camera: 1, is_front_camera: 1, is_1p_camera_app: 1, active devices: 0, is_tele_camera_participant: 0
07-25 10:34:54.420  1268  1988 I Lyric   : active_camera_device_tracker.cc:194: No specific graph requested, allowing lyric to select based on stream configuration.
07-25 10:34:54.420  1268  1988 I Lyric   : camera_device_session_manager_base.cc:575: Attempting to build a processing graph
07-25 10:34:54.420  1268  1988 I Lyric   : choose_and_make.h:48: Not making GenericGraph due to: FAILED_PRECONDITION: GenericGraph can't support stream configuration with logical camera
07-25 10:34:54.421  1268  1988 I Lyric   : multicam_graph.cc:503: SW denoise supports logical stream only
07-25 10:34:54.421  1268  1988 I Lyric   : multicam_node.cc:812: Create Multicam node for logical camera 1, default camera fov FrontVirtual, roi transformation type 1, enable metadata validation 0, enable zoom ratio recalculation 1
07-25 10:34:54.421  1268  1988 W Lyric   : multicam_graph.cc:426: Force LTMPostProcessingNode to be disabled because is not supported by current device or LTM is disabled.
07-25 10:34:54.421  1268  1988 I Lyric   : multicam_subgraph_config.cc:17: Attempting to configure MulticamGraph for computer vision mode: secure
07-25 10:34:54.421  1268  1988 I Lyric   : stream_info_parser.cc:139: Project11 enabled: 0
07-25 10:34:54.421  1268  1988 W Lyric   : stream_info_parser.cc:357: Camera Front unknown stream: {type: Streaminfo, stream_id: 0, camera_id: Front, format: YCBCR_420_888, width: 1600, height: 1200, usage: [Protected], stream_type: Output, use_case: Default, data_space: DataSpace(Color)::(Standard: BT601_625, Transfer: SMPTE_170M, Range: Full), is_framework_physical_stream: 1, dynamic_range_profile: Standard, intended_for_max_resolution_mode: 0, group_id: -1, is_tunable: 1} does not fall in any known use case
07-25 10:34:54.421  1268  1988 I Lyric   : generic_subgraph.cc:1198: The aligner on camera Front is None
07-25 10:34:54.421  1268  1988 I Lyric   : generic_subgraph.cc:1221: Roshi not supported in Front
07-25 10:34:54.421  1268  1945 I Lyric   : generic_subgraph.cc:1482: Camera id 5 supports settings override.
07-25 10:34:54.422  1268 17489 I Lyric   : binder_sensor_vsync_reader.cc:25: Created BinderSensorVsyncReader, cam_vsync_id: 1
07-25 10:34:54.423  1268  1945 I Lyric   : multisensor_controller.cc:1114: Front RadioExt: preferred_mipi_rate size 1 preferred_dbr_rate size 3. API delay 1.193969ms
07-25 10:34:54.423  1268  1945 I Lyric   : sensor_generic_driver.cc:1948: DOKKAEBI GetModeIndex requirement {size = {width: 3648, height: 2736}, frame_rate_range = [30, 30], request_binning_mode = false, request_pd_stream = true, only_config_logical_cam_stream = false, camera_id = [<recursive>], require_full_fov = true, is_high_frame_rate = false, crop_margin = 0, is_sibling_camera_participating = false, sub_image_count = 1, is_face_auth = true, is_video_mode = false, is_high_resolution_mode = false, is_roshi_enabled = false, is_specific_aspect_ratio_video = false, require_exact_size = false, force_sensor_mode_index = -1, is_multi_cam_usecase = false, raw_stream_usecase = 0} required aspect ratio 1.40351 pick_transition_mode 0 require exact size 0
07-25 10:34:54.423  1268  1945 I Lyric   : sensor_generic_driver.cc:2042: DOKKAEBI GetModeIndex requirement use_binning_mode 0
07-25 10:34:54.423  1268  1945 I Lyric   : sensor_generic_driver.cc:2049: DOKKAEBI candidate mode index 0, size = {width: 3840, height: 2736}, pd = 1, frame rate range = [7.5, 30], is faceauth mode 0
07-25 10:34:54.423  1268  1945 I Lyric   : sensor_generic_driver.cc:2049: DOKKAEBI candidate mode index 1, size = {width: 3840, height: 2236}, pd = 1, frame rate range = [7.5, 30], is faceauth mode 0
07-25 10:34:54.423  1268  1945 I Lyric   : sensor_generic_driver.cc:2049: DOKKAEBI candidate mode index 2, size = {width: 3840, height: 2232}, pd = 1, frame rate range = [15, 60], is faceauth mode 0
07-25 10:34:54.423  1268  1945 I Lyric   : sensor_generic_driver.cc:2049: DOKKAEBI candidate mode index 3, size = {width: 1920, height: 1368}, pd = 1, frame rate range = [15, 60], is faceauth mode 0
07-25 10:34:54.423  1268  1945 I Lyric   : sensor_generic_driver.cc:2049: DOKKAEBI candidate mode index 4, size = {width: 1920, height: 1116}, pd = 1, frame rate range = [7.5, 60], is faceauth mode 0
07-25 10:34:54.423  1268  1945 I Lyric   : sensor_generic_driver.cc:2049: DOKKAEBI candidate mode index 5, size = {width: 3648, height: 2736}, pd = 1, frame rate range = [7.5, 30], is faceauth mode 1
07-25 10:34:54.423  1268  1945 I Lyric   : sensor_generic_driver.cc:2197: DOKKAEBI Matching sensor mode found, mode index: 5
07-25 10:34:54.423  1268  1945 I Lyric   : sensor_generic_driver.cc:2377: DOKKAEBI Mode size {width: 3648, height: 2736} FPS [7.5, 30] requested FPS [30, 30] MIPI rate 1665.03Mbps rss 31.721868ms
07-25 10:34:54.423  1268  1945 I Lyric   : sensor_generic_driver.cc:2634: DOKKAEBI uses alternative DBR rate 126.38 MHz
07-25 10:34:54.423  1268  1945 I Lyric   : sensor_generic_driver.cc:2522: dpm: camera DOKKAEBI, line time: 11.59425us, pixel_rate_vt: 809370000, width: 3648, height: 2736, dual pd size: {width: 3648, height: 684}, sparse pd size: {width: 0, height: 0}, emb height: 2, hblanking: 5736, mode.hblanking: 5736, vblanking: 136(1.576818ms), mode.vblanking: 136(1.576818ms), frame lines: 2874, frame lines for required fps: 2874, line pixels: 9384, FPS: 30, requested FPS: 30, binning factor: {x: 1, y: 1}, analog_gain_range: [1, 16], digital_gain_range: [1, 6], mode index = 5, size = {width: 3648, height: 2736}, pd = 1, frame rate range = [7.5, 30]
07-25 10:34:54.423  1268  1945 I Lyric   : sensor_node.cc:486: cam5_sensor: CPU affinity setting: Auto
07-25 10:34:54.423  1268  1945 W Lyric   : sensor_node.cc:265: cam5_sensor Failed to get pdaf calibration data
07-25 10:34:54.562     0     0 I trusty  : logging.cc: 79: ***: :219: Command Received: AuthenticationEvaluate
07-25 10:34:54.598     0     0 I trusty  : logging.cc: 79: ***: :219: Command Received: AuthenticationEvaluate
07-25 10:34:54.423  1268  1945 I Lyric   : generic_subgraph.cc:1852: minimum pipeline delay: 3, is_portrait_mode: 0 pipeline delay: 3
07-25 10:34:54.423  1268  1945 I Lyric   : generic_subgraph.cc:1860: positive_offsets_enabled: ENABLED.; enable_positive_offset = 1; camera_app_1p_enabled = 1; camera_extensions_enabled = 0
07-25 10:34:54.423  1268  1945 I Lyric   : generic_subgraph.cc:1870: hal_touch_roi_tracking_enabled: ENABLED
07-25 10:34:54.423  1268  1945 I Lyric   : generic_subgraph.cc:1966: enable_eis_blur_refinement_mask_data_flow=0 camera=5
07-25 10:34:54.423  1268  1945 I Lyric   : generic_subgraph.cc:2708: Attempt to obtain pd dma output format from sensor mode
07-25 10:34:54.423  1268  1945 I Lyric   : zuma_isp_subgraph.cc:838: DSNR is disabled and Skin Texture is disabled in Lyric for camera Front
07-25 10:34:54.423  1268  1945 I Lyric   : zuma_isp_subgraph.cc:509: all backend pipelines for nodes: 
07-25 10:34:54.423  1268  1945 I Lyric   : zuma_isp_subgraph.cc:510: scaled_streams_raw_to_yuv: Pipeline (ID: (instance_id: 1976), IPs: [ RawToYuv ], Max Outputs: 1, IPConnections: [ ], Usecase: Realtime)
07-25 10:34:54.423  1268  1945 I Lyric   : zuma_isp_subgraph.cc:513: raw_to_yuv_for_snapshot_exceeding_video: Pipeline (ID: (instance_id: 1977), IPs: [ RawToYuv ], Max Outputs: 1, IPConnections: [ ], Usecase: Snapshot)
07-25 10:34:54.423  1268  1945 I Lyric   : zuma_isp_subgraph.cc:516: tnr_merge: Pipeline (ID: (instance_id: 1978), IPs: [ TnrMerge ], Max Outputs: 1, IPConnections: [ ], Usecase: Realtime)
