--------- beginning of system
07-26 12:30:04.063 D/ActivityManager( 1659): freezing 1694 com.android.vending
07-26 12:30:04.071 D/ActivityManager( 1659): freezing 17112 com.google.android.webview:sandboxed_process0:org.chromium.content.app.SandboxedProcessService0:0
--------- beginning of main
07-26 12:30:04.081 D/InetDiagMessage( 1659): Destroyed 0 sockets, proto=IPPROTO_TCP, family=AF_INET, states=14
07-26 12:30:04.083 D/InetDiagMessage( 1659): Destroyed 0 sockets, proto=IPPROTO_TCP, family=AF_INET6, states=14
07-26 12:30:04.084 D/InetDiagMessage( 1659): Destroyed live tcp sockets for uids={10157} in 5ms
07-26 12:30:04.088 D/InetDiagMessage( 1659): Destroyed 0 sockets, proto=IPPROTO_TCP, family=AF_INET, states=14
07-26 12:30:04.091 D/InetDiagMessage( 1659): Destroyed 0 sockets, proto=IPPROTO_TCP, family=AF_INET6, states=14
07-26 12:30:04.091 D/InetDiagMessage( 1659): Destroyed live tcp sockets for uids={99103} in 7ms
07-26 12:30:06.317 I/pixel-thermal( 2092): quiet_therm:36.313 raw data: quiet_therm:36313 
07-26 12:30:06.762 W/TracingMuxer( 1559): type=1400 audit(0.0:37456): avc:  denied  { write } for  name="traced_producer" dev="tmpfs" ino=1285 scontext=u:r:gxp_logging:s0 tcontext=u:object_r:traced_producer_socket:s0 tclass=sock_file permissive=0
07-26 12:30:08.462 D/TemperatureStateSource( 2612): sequence=4980 actualDelay=10003
07-26 12:30:08.464 D/TemperatureStateSource( 2612): Reading temperature: sequence=4981
07-26 12:30:08.475 I/pixel-thermal( 2092): VIRTUAL-SKIN:36.4864 raw data: VIRTUAL-SKIN:36486.4 VIRTUAL-SKIN-SUB-0:35437.6 VIRTUAL-SKIN-SUB-1:35850.6 VIRTUAL-SKIN-SUB-2:35727.8 VIRTUAL-SKIN-SUB-3:36486.4 VIRTUAL-SKIN-SUB-4:34821.3 VIRTUAL-SKIN-SUB-5:34990.6 VIRTUAL-SKIN-SUB-6:35667.9 VIRTUAL-SKIN-SUB-7:35407.9 VIRTUAL-SKIN-SUB-8:35696 battery:36300 cam_therm:36202 charge_therm:40975 disp_therm:36157 neutral_therm:38339 north_therm:35890 quiet_therm:36313 soc_therm:37827 usb_pwr_therm:37092 
07-26 12:30:08.477 D/TemperatureStateSource( 2612): getDeviceTemperatures: sequence=4981 deviceTemperatureType=3 temperatureSource=0 temperatures=[36.486393]
07-26 12:30:08.477 D/BusinessScope( 2612): Enqueuing the block
07-26 12:30:08.477 D/TemperatureStateSource( 2612): sequence=4981 waitTime=10000
07-26 12:30:08.478 D/BusinessScope( 2612): Start running the #11172 block
07-26 12:30:08.481 I/pixel-thermal( 2092): VIRTUAL-SKIN:36.4864 raw data: VIRTUAL-SKIN:36486.4 
07-26 12:30:08.481 I/TemperatureStateSource( 2612): temperature was set
07-26 12:30:08.484 D/BusinessScope( 2612): Enqueuing the block
07-26 12:30:08.484 D/ImpulseStateSource( 2612): Notify clients: 5585
07-26 12:30:08.484 D/BusinessScope( 2612): Finish running the #11172 block
07-26 12:30:08.485 D/BusinessScope( 2612): Start running the #11173 block
07-26 12:30:08.493 D/BusinessScope( 2612): Finish running the #11173 block
07-26 12:30:08.932 W/pixelstats-vendor( 3392): Thread Pool max thread count is 0. Cannot cache binder as linkToDeath cannot be implemented. serviceName: android.frameworks.stats.IStats/default
07-26 12:30:09.428 I/bt_btm_pm( 2596): system/stack/acl/btm_pm.cc:702 btm_pm_proc_mode_change: Power mode switched from immediate:sniff[2] to immediate:active[0]
07-26 12:30:09.800 I/pixel-thermal( 2092): VIRTUAL-SKIN-CPU-LIGHT-ODPM:36.4864 raw data: VIRTUAL-SKIN:36486.4 VIRTUAL-SKIN-CPU-LIGHT-ODPM:36486.4 
07-26 12:30:09.809 I/pixel-thermal( 2092): VIRTUAL-SKIN-CPU-LIGHT-ODPM power_budget=1805.44 err=2.51361 s_power=800 time_elapsed_ms=7016 p=1005.44 i=0 d=0 compensation=0 budget transient=0 control target=2
07-26 12:30:09.809 I/pixel-thermal( 2092): VIRTUAL-SKIN-CPU-LIGHT-ODPM binded power rails: (S4M_VDD_CPUCL0: 54.19 mW)(S2M_VDD_CPUCL2: 0.94 mW)(S3M_VDD_CPUCL1: 0.18 mW)
07-26 12:30:09.810 I/pixel-thermal( 2092): cellular-emergency:36.4864 raw data: VIRTUAL-SKIN:36486.4 cellular-emergency:36486.4 
07-26 12:30:09.810 I/pixel-thermal( 2092): VIRTUAL-SKIN-CPU-MID:36.4864 raw data: VIRTUAL-SKIN:36486.4 VIRTUAL-SKIN-CPU-MID:36486.4 
07-26 12:30:09.810 I/pixel-thermal( 2092): VIRTUAL-SKIN-HINT:36.4864 raw data: VIRTUAL-SKIN:36486.4 VIRTUAL-SKIN-HINT:36486.4 
07-26 12:30:09.810 I/pixel-thermal( 2092): VIRTUAL-SKIN-CPU-HIGH:36.4864 raw data: VIRTUAL-SKIN:36486.4 VIRTUAL-SKIN-CPU-HIGH:36486.4 
07-26 12:30:09.810 I/pixel-thermal( 2092): VIRTUAL-SKIN-SOC:36.4864 raw data: VIRTUAL-SKIN:36486.4 VIRTUAL-SKIN-SOC:36486.4 
07-26 12:30:09.811 I/pixel-thermal( 2092): VIRTUAL-SKIN-SOC power_budget=3354.08 err=8.51361 s_power=800 time_elapsed_ms=7016 p=2554.08 i=0 d=0 compensation=0 budget transient=0 control target=3
07-26 12:30:09.811 I/pixel-thermal( 2092): VIRTUAL-SKIN-SOC binded power rails: (S4M_VDD_CPUCL0: 54.19 mW)(S2M_VDD_CPUCL2: 0.94 mW)(S3M_VDD_CPUCL1: 0.18 mW)(S2S_VDD_G3D: 0.45 mW)(S7M_VDD_TPU: 0.00 mW)
07-26 12:30:09.811 I/pixel-thermal( 2092): VIRTUAL-SKIN:36.4864 raw data: VIRTUAL-SKIN:36486.4 
07-26 12:30:09.811 I/pixel-thermal( 2092): VIRTUAL-SKIN-GPU:36.4864 raw data: VIRTUAL-SKIN:36486.4 VIRTUAL-SKIN-GPU:36486.4 
07-26 12:30:09.812 I/pixel-thermal( 2092): VIRTUAL-SKIN-SPEAKER:33.7366 raw data: VIRTUAL-SKIN-SPEAKER:33736.6 VIRTUAL-SKIN-SPEAKER-SUB-0:32209.5 VIRTUAL-SKIN-SPEAKER-SUB-1:33736.6 VIRTUAL-SKIN-SPEAKER-SUB-2:33585.4 VIRTUAL-SKIN-SPEAKER-SUB-3:33433.6 battery:36300 cam_therm:36202 charge_therm:40975 disp_therm:36157 neutral_therm:38339 north_therm:35890 quiet_therm:36313 soc_therm:37827 usb_pwr_therm:37092 
07-26 12:30:09.813 I/pixel-thermal( 2092): VIRTUAL-SKIN-CHARGE-WIRED:36.259 raw data: NO_WLC:1 VIRTUAL-SKIN-CHARGE:36259 VIRTUAL-SKIN-CHARGE-SUB-0:35775 VIRTUAL-SKIN-CHARGE-SUB-1:34977.9 VIRTUAL-SKIN-CHARGE-SUB-2:35784.2 VIRTUAL-SKIN-CHARGE-SUB-3:35956 VIRTUAL-SKIN-CHARGE-SUB-4:36259 VIRTUAL-SKIN-CHARGE-SUB-5:35824.6 VIRTUAL-SKIN-CHARGE-SUB-6:34590.9 VIRTUAL-SKIN-CHARGE-WIRED:36259 WLC_CHECK:1 battery:36300 cam_therm:36202 charge_therm:40975 disp_therm:36157 neutral_therm:38339 north_therm:35890 quiet_therm:36313 soc_therm:37827 thb_hda:54 usb_pwr_therm:37092 
07-26 12:30:09.813 I/pixel-thermal( 2092): VIRTUAL-SKIN-CHARGE-WIRED power_budget=3678.84 err=1.741 s_power=2404 time_elapsed_ms=7016 p=175.841 i=1099 d=0 compensation=0 budget transient=0 control target=2
07-26 12:30:09.814 I/pixel-thermal( 2092): VIRTUAL-SKIN-CHARGE-WIRED power budget=3646.16 after (PARTIAL_SYSTEM_POWER: 326.84 mW, cdev_weight: 0.100000) is excluded
07-26 12:30:09.814 I/pixel-thermal( 2092): VIRTUAL-SKIN-CHARGE-WIRED binded power rails: (PARTIAL_SYSTEM_POWER: 326.84 mW, cdev_weight: 0.100000)
07-26 12:30:09.814 I/pixel-thermal( 2092): VIRTUAL-SKIN-CHARGE-PERSIST:36.259 raw data: VIRTUAL-SKIN-CHARGE:36259 VIRTUAL-SKIN-CHARGE-PERSIST:36259 
07-26 12:30:09.814 I/pixel-thermal( 2092): VIRTUAL-SKIN-CHARGE-PERSIST power_budget=3909.52 err=4.741 s_power=2066 time_elapsed_ms=7016 p=777.524 i=1066 d=0 compensation=0 budget transient=0 control target=2
07-26 12:30:09.814 I/pixel-thermal( 2092): VIRTUAL-SKIN-CHARGE-PERSIST power budget=3857.23 after (PARTIAL_SYSTEM_POWER: 326.84 mW, cdev_weight: 0.160000) is excluded
07-26 12:30:09.814 I/pixel-thermal( 2092): VIRTUAL-SKIN-CHARGE-PERSIST binded power rails: (PARTIAL_SYSTEM_POWER: 326.84 mW, cdev_weight: 0.160000)
07-26 12:30:10.522 I/pixel-thermal( 2092): disp_therm:36.157 raw data: disp_therm:36157 
07-26 12:30:10.531 I/pixel-thermal( 2092): VIRTUAL-USB-UI:1 raw data: USB-MINUS-NEUTRAL:-1247 USB-MINUS-QUIET:779 USB_QUIET_RFFE:779 VIRTUAL-USB-UI:1 VIRTUAL-USB-UI-SUB0:0 VSYS_PWR_RFFE:0 neutral_therm:38339 quiet_therm:36313 usb_pwr_therm:37092 
07-26 12:30:10.531 I/pixel-thermal( 2092): usb_pwr_therm:37.092 raw data: usb_pwr_therm:37092 
07-26 12:30:10.532 I/pixel-thermal( 2092): cam_therm:36.202 raw data: cam_therm:36202 
07-26 12:30:10.532 I/pixel-thermal( 2092): VIRTUAL-USB-THROTTLING:1 raw data: USB-MINUS-NEUTRAL:-1247 USB-MINUS-QUIET:779 USB_QUIET_RFFE:779 VIRTUAL-USB-THROTTLING:1 VIRTUAL-USB-THROTTLING-SUB0:0 usb_pwr_therm:37092 
07-26 12:30:13.331 I/pixel-thermal( 2092): quiet_therm:36.291 raw data: quiet_therm:36291 
07-26 12:30:14.244 I/bt_btm_pm( 2596): system/stack/acl/btm_pm.cc:702 btm_pm_proc_mode_change: Power mode switched from immediate:active[0] to immediate:sniff[2]
07-26 12:30:14.411 D/ActivityManager( 1659): freezing 12790 com.android.settings
07-26 12:30:15.255 I/l2c_csm ( 2596): system/stack/l2cap/l2c_csm.cc:215 l2c_csm_execute: Enter CSM, chnl_state:CST_OPEN [6] event:L2CEVT_L2CAP_DISCONNECT_REQ(0x11) lcid:0x0043 rcid:0x0045
07-26 12:30:15.256 I/bt_btm_pm( 2596): system/stack/acl/btm_pm.cc:262 BTM_SetPowerMode: Setting power mode for peer:xx:xx:xx:xx:f2:e3 current_mode:immediate:sniff[2] new_mode:forced:active[0]
07-26 12:30:15.256 I/bt_btm_pm( 2596): system/stack/acl/btm_pm.cc:555 btm_pm_snd_md_req: Switching from immediate:sniff[0x02] to immediate:active[0x00]
07-26 12:30:15.260 W/l2c_csm ( 2596): system/stack/l2cap/l2c_csm.cc:1385 l2c_csm_open: Unable to set link policy active
07-26 12:30:15.261 I/l2c_csm ( 2596): system/stack/l2cap/l2c_csm.cc:215 l2c_csm_execute: Enter CSM, chnl_state:CST_W4_L2CA_DISCONNECT_RSP [8] event:L2CEVT_L2CA_DISCONNECT_RSP(0x1c) lcid:0x0043 rcid:0x0045
07-26 12:30:15.262 I/l2c_csm ( 2596): system/stack/l2cap/l2c_csm.cc:215 l2c_csm_execute: Enter CSM, chnl_state:CST_OPEN [6] event:L2CEVT_L2CAP_DISCONNECT_REQ(0x11) lcid:0x0047 rcid:0x0043
07-26 12:30:15.262 I/bt_btm_pm( 2596): system/stack/acl/btm_pm.cc:250 BTM_SetPowerMode: Current power mode is hold or pending status or pending links state:immediate:sniff[2] pm_pending_link:11
07-26 12:30:15.262 I/avrcp   ( 2596): system/profile/avrcp/connection_handler.cc:341 AcceptorControlCb: handle=0x0 result=0x0 addr=xx:xx:xx:xx:f2:e3
07-26 12:30:15.262 I/avrcp   ( 2596): system/profile/avrcp/connection_handler.cc:416 AcceptorControlCb: Connection Closed Event
07-26 12:30:15.262 I/avrcp   ( 2596): system/profile/avrcp/device.cc:1750 DeviceDisconnected: xx:xx:xx:xx:f2:e3 : Device was disconnected
07-26 12:30:15.264 I/l2c_csm ( 2596): system/stack/l2cap/l2c_csm.cc:215 l2c_csm_execute: Enter CSM, chnl_state:CST_W4_L2CA_DISCONNECT_RSP [8] event:L2CEVT_L2CA_DISCONNECT_RSP(0x1c) lcid:0x0047 rcid:0x0043
07-26 12:30:15.265 I/l2c_csm ( 2596): system/stack/l2cap/l2c_csm.cc:215 l2c_csm_execute: Enter CSM, chnl_state:CST_OPEN [6] event:L2CEVT_L2CAP_DISCONNECT_REQ(0x11) lcid:0x0046 rcid:0x0042
07-26 12:30:15.265 I/AvrcpTargetService( 2596): deviceDisconnected: device=XX:XX:XX:XX:F2:E3
07-26 12:30:15.266 I/bt_btm_pm( 2596): system/stack/acl/btm_pm.cc:250 BTM_SetPowerMode: Current power mode is hold or pending status or pending links state:immediate:sniff[2] pm_pending_link:11
07-26 12:30:15.266 I/bluetooth-a2dp( 2596): system/bta/av/bta_av_main.cc:401 bta_av_conn_cback: conn_cback bd_addr: xx:xx:xx:xx:f2:e3, scb_index: 0
07-26 12:30:15.266 I/l2c_csm ( 2596): system/stack/l2cap/l2c_csm.cc:215 l2c_csm_execute: Enter CSM, chnl_state:CST_W4_L2CA_DISCONNECT_RSP [8] event:L2CEVT_L2CA_DISCONNECT_RSP(0x1c) lcid:0x0046 rcid:0x0042
07-26 12:30:15.267 I/l2c_csm ( 2596): system/stack/l2cap/l2c_csm.cc:215 l2c_csm_execute: Enter CSM, chnl_state:CST_OPEN [6] event:L2CEVT_L2CAP_DISCONNECT_REQ(0x11) lcid:0x0044 rcid:0x0041
07-26 12:30:15.267 I/bt_btm_pm( 2596): system/stack/acl/btm_pm.cc:250 BTM_SetPowerMode: Current power mode is hold or pending status or pending links state:immediate:sniff[2] pm_pending_link:11
07-26 12:30:15.267 I/bluetooth( 2596): system/stack/rfcomm/rfc_mx_fsm.cc:70 rfc_mx_sm_execute: RFCOMM peer:xx:xx:xx:xx:f2:e3 event:RFC_MX_EVENT_DISC_IND state:RFC_MX_STATE_CONNECTED
07-26 12:30:15.267 I/rfcomm  ( 2596): system/stack/rfcomm/port_rfc.cc:1048 port_rfc_closed: RFCOMM connection closed, index=3, state=2, reason=Peer connection failed[16], UUID=0x111f, bd_addr=xx:xx:xx:xx:f2:e3, is_server=true
07-26 12:30:15.268 I/l2c_csm ( 2596): system/stack/l2cap/l2c_csm.cc:215 l2c_csm_execute: Enter CSM, chnl_state:CST_W4_L2CA_DISCONNECT_RSP [8] event:L2CEVT_L2CA_DISCONNECT_RSP(0x1c) lcid:0x0044 rcid:0x0041
07-26 12:30:15.268 I/bluetooth-a2dp( 2596): system/bta/av/bta_av_ssm.cc:442 bta_av_ssm_execute: peer xx:xx:xx:xx:f2:e3 p_scb=0x41(0x75801e0100) AV event=0x121e(STR_CLOSE) state=3(OPEN) -> 0(INIT)
07-26 12:30:15.268 W/bluetooth-a2dp( 2596): system/bta/av/bta_av_aact.cc:2468 bta_av_str_closed: peer xx:xx:xx:xx:f2:e3 bta_handle:0x41 open_status:0 chnl:64 co_started:0
07-26 12:30:15.270 I/bluetooth-a2dp( 2596): system/stack/a2dp/a2dp_codec_config.cc:655 init: 
07-26 12:30:15.270 I/bluetooth-a2dp( 2596): system/stack/a2dp/a2dp_codec_config.cc:162 createCodec: SBC
07-26 12:30:15.270 I/bluetooth-a2dp( 2596): system/stack/a2dp/a2dp_codec_config.cc:692 init: updated SBC codec priority to 1001
07-26 12:30:15.270 I/bluetooth-a2dp( 2596): system/stack/a2dp/a2dp_codec_config.cc:162 createCodec: AAC
07-26 12:30:15.270 I/bluetooth-a2dp( 2596): system/stack/a2dp/a2dp_codec_config.cc:692 init: updated AAC codec priority to 2001
07-26 12:30:15.270 I/bluetooth-a2dp( 2596): system/stack/a2dp/a2dp_codec_config.cc:162 createCodec: aptX
07-26 12:30:15.270 I/bluetooth-a2dp( 2596): system/stack/a2dp/a2dp_codec_config.cc:692 init: updated aptX codec priority to 3001
07-26 12:30:15.270 I/bluetooth-a2dp( 2596): system/stack/a2dp/a2dp_codec_config.cc:162 createCodec: aptX-HD
07-26 12:30:15.270 I/bluetooth-a2dp( 2596): system/stack/a2dp/a2dp_codec_config.cc:692 init: updated aptX-HD codec priority to 4001
07-26 12:30:15.270 I/bluetooth-a2dp( 2596): system/stack/a2dp/a2dp_codec_config.cc:162 createCodec: LDAC
07-26 12:30:15.270 I/bluetooth-a2dp( 2596): system/stack/a2dp/a2dp_codec_config.cc:692 init: updated LDAC codec priority to 5001
07-26 12:30:15.270 I/bluetooth-a2dp( 2596): system/stack/a2dp/a2dp_codec_config.cc:162 createCodec: LC3 not implemented
07-26 12:30:15.273 I/bluetooth-a2dp( 2596): system/stack/a2dp/a2dp_codec_config.cc:162 createCodec: Opus
07-26 12:30:15.273 I/bluetooth-a2dp( 2596): system/stack/a2dp/a2dp_codec_config.cc:692 init: updated Opus codec priority to 7001
07-26 12:30:15.273 I/bluetooth-a2dp( 2596): system/stack/a2dp/a2dp_codec_config.cc:162 createCodec: UNKNOWN CODEC INDEX
07-26 12:30:15.273 I/bluetooth-a2dp( 2596): system/stack/a2dp/a2dp_codec_config.cc:162 createCodec: UNKNOWN CODEC INDEX
07-26 12:30:15.273 I/bluetooth-a2dp( 2596): system/stack/a2dp/a2dp_codec_config.cc:162 createCodec: UNKNOWN CODEC INDEX
07-26 12:30:15.273 I/bluetooth-a2dp( 2596): system/stack/a2dp/a2dp_codec_config.cc:162 createCodec: UNKNOWN CODEC INDEX
07-26 12:30:15.273 I/bluetooth-a2dp( 2596): system/stack/a2dp/a2dp_codec_config.cc:162 createCodec: SBC SINK
07-26 12:30:15.273 I/bluetooth-a2dp( 2596): system/stack/a2dp/a2dp_codec_config.cc:162 createCodec: AAC SINK
07-26 12:30:15.273 I/bluetooth-a2dp( 2596): system/stack/a2dp/a2dp_codec_config.cc:162 createCodec: LDAC SINK
07-26 12:30:15.278 I/bluetooth-a2dp( 2596): system/stack/a2dp/a2dp_vendor_ldac_decoder.cc:128 A2DP_VendorLoadDecoderLdac: cannot open LDAC decoder library libldacBT_bco.so: dlopen failed: library "libldacBT_bco.so" not found
07-26 12:30:15.278 E/bluetooth-a2dp( 2596): system/stack/a2dp/a2dp_vendor_ldac.cc:1333 init: cannot load the decoder
07-26 12:30:15.278 I/bluetooth-a2dp( 2596): system/stack/a2dp/a2dp_codec_config.cc:162 createCodec: Opus SINK
07-26 12:30:15.278 W/bluetooth( 2596): system/gd/hci/hci_layer.cc:204 on_command_status: Received UNEXPECTED command status:COMMAND_DISALLOWED(0x0c) opcode:EXIT_SNIFF_MODE(0x0804)
07-26 12:30:15.278 I/bluetooth-a2dp( 2596): system/stack/a2dp/a2dp_codec_config.cc:162 createCodec: UNKNOWN CODEC INDEX
07-26 12:30:15.278 I/bluetooth-a2dp( 2596): system/stack/a2dp/a2dp_codec_config.cc:162 createCodec: UNKNOWN CODEC INDEX
07-26 12:30:15.278 I/bluetooth-a2dp( 2596): system/stack/a2dp/a2dp_codec_config.cc:162 createCodec: UNKNOWN CODEC INDEX
07-26 12:30:15.279 I/bluetooth-a2dp( 2596): system/stack/a2dp/a2dp_codec_config.cc:162 createCodec: UNKNOWN CODEC INDEX
07-26 12:30:15.279 I/bluetooth-a2dp( 2596): system/stack/a2dp/a2dp_codec_config.cc:716 init: initialized Source codec Opus, idx 6
07-26 12:30:15.279 I/bluetooth-a2dp( 2596): system/stack/a2dp/a2dp_codec_config.cc:716 init: initialized Source codec LDAC, idx 4
07-26 12:30:15.279 I/bluetooth-a2dp( 2596): system/stack/a2dp/a2dp_codec_config.cc:716 init: initialized Source codec aptX-HD, idx 3
07-26 12:30:15.279 I/bluetooth-a2dp( 2596): system/stack/a2dp/a2dp_codec_config.cc:716 init: initialized Source codec aptX, idx 2
07-26 12:30:15.279 I/bluetooth-a2dp( 2596): system/stack/a2dp/a2dp_codec_config.cc:716 init: initialized Source codec AAC, idx 1
07-26 12:30:15.279 I/bluetooth-a2dp( 2596): system/stack/a2dp/a2dp_codec_config.cc:716 init: initialized Source codec SBC, idx 0
07-26 12:30:15.279 I/bluetooth-a2dp( 2596): system/stack/a2dp/a2dp_codec_config.cc:723 init: initialized Sink codec Opus SINK, idx 14
07-26 12:30:15.279 I/bluetooth-a2dp( 2596): system/stack/a2dp/a2dp_codec_config.cc:723 init: initialized Sink codec AAC SINK, idx 12
07-26 12:30:15.279 I/bluetooth-a2dp( 2596): system/stack/a2dp/a2dp_codec_config.cc:723 init: initialized Sink codec SBC SINK, idx 11
07-26 12:30:15.279 I/bluetooth-a2dp( 2596): system/bta/av/bta_av_aact.cc:846 bta_av_cleanup: peer xx:xx:xx:xx:f2:e3
07-26 12:30:15.279 I/bluetooth-a2dp( 2596): system/bta/av/bta_av_main.cc:373 SetAvdtpVersion: AVDTP version for xx:xx:xx:xx:f2:e3 set to 0x0
07-26 12:30:15.279 I/bluetooth-a2dp( 2596): system/bta/av/bta_av_main.cc:373 SetAvdtpVersion: AVDTP version for 00:00:00:00:00:00 set to 0x0
07-26 12:30:15.279 I/bluetooth-a2dp( 2596): system/bta/av/bta_av_act.cc:344 bta_av_rc_create: Skipping RC creation for the old AVRCP profile
07-26 12:30:15.279 W/rfcomm_port_utils( 2596): system/stack/rfcomm/port_utils.cc:288 port_find_mcb: not found, bd_addr:ff:ff:ff:ff:ff:ff
07-26 12:30:15.280 I/BluetoothHeadsetServiceJni( 2596): android/app/jni/com_android_bluetooth_hfp.cpp:91 ConnectionStateCallback: 4 for xx:xx:xx:xx:f2:e3
07-26 12:30:15.280 I/bt_port_api( 2596): system/stack/rfcomm/port_api.cc:214 RFCOMM_CreateConnectionWithSecurity: bd_addr=ff:ff:ff:ff:ff:ff, scn=2, is_server=true, mtu=256, uuid=0x1112, dlci=4, signal_state=0xb, p_port=0x7311f62dc0
07-26 12:30:15.280 I/bluetooth( 2596): system/bta/ag/bta_ag_sco.cc:756 bta_ag_sco_event: device:00:00:00:00:00:00 index:0xffff state:BTA_AG_SCO_LISTEN_ST[1] event:BTA_AG_SCO_SHUTDOWN_E[6]
07-26 12:30:15.280 W/bluetooth( 2596): system/bta/ag/bta_ag_sco.cc:1244 bta_ag_sco_event: SCO_state_change: [BTA_AG_SCO_LISTEN_ST(0x01)]->[BTA_AG_SCO_SHUTDOWN_ST(0x00)] after event [BTA_AG_SCO_SHUTDOWN_E(0x06)]
07-26 12:30:15.280 I/bluetooth-a2dp( 2596): system/bta/av/bta_av_main.cc:969 bta_av_sco_chg_cback: status=BTA_SYS_SCO_CLOSE, num_links=0
07-26 12:30:15.280 I/bluetooth-a2dp( 2596): system/btif/src/btif_av.cc:3088 btif_av_handle_event: peer=00:00:00:00:00:00 handle=0x41 event=BTA_AV_CLOSE_EVT(0x3)
07-26 12:30:15.280 I/BluetoothHeadsetServiceJni( 2596): android/app/jni/com_android_bluetooth_hfp.cpp:91 ConnectionStateCallback: 0 for xx:xx:xx:xx:f2:e3
07-26 12:30:15.280 I/bluetooth-a2dp( 2596): system/btif/src/btif_av.cc:2250 ProcessEvent: state=Opened peer=xx:xx:xx:xx:f2:e3 event=BTA_AV_CLOSE_EVT(0x3) flags=0x0(None) active_peer=true
07-26 12:30:15.280 I/bluetooth-a2dp( 2596): system/btif/src/btif_av.cc:2869 btif_report_connection_state: peer=xx:xx:xx:xx:f2:e3 state=3
07-26 12:30:15.280 I/bluetooth-a2dp( 2596): system/btif/src/btif_a2dp.cc:98 btif_a2dp_on_stopped: ## ON A2DP STOPPED ## p_av_suspend=0x0
07-26 12:30:15.280 I/bluetooth-a2dp( 2596): system/btif/src/btif_a2dp_source.cc:788 btif_a2dp_source_on_stopped: state=STATE_RUNNING
07-26 12:30:15.280 I/bluetooth-a2dp( 2596): android/app/jni/com_android_bluetooth_a2dp.cpp:67 bta2dp_connection_state_callback: xx:xx:xx:xx:f2:e3: state: BTAV_CONNECTION_STATE_DISCONNECTING(0x3)
07-26 12:30:15.281 I/HeadsetStateMachine( 2596): Connected: currentDevice=XX:XX:XX:XX:F2:E3, msg=processConnectionEvent: Disconnecting
07-26 12:30:15.283 W/HeadsetService( 2596): getHfpCallAudioPolicy(), null does not have a state machine
07-26 12:30:15.283 I/HeadsetService( 2596): setActiveDevice: device=null, uid/pid=1002/2596
07-26 12:30:15.283 I/BTAudioA2dpAIDL( 2596): system/audio_hal_interface/aidl/a2dp/a2dp_encoding_aidl.cc:572 ack_stream_suspended: result=0
07-26 12:30:15.283 W/BTAudioA2dpAIDL( 2596): system/audio_hal_interface/aidl/a2dp/a2dp_encoding_aidl.cc:580 ack_stream_suspended: pending=0 ignore result=0
07-26 12:30:15.283 I/bluetooth-a2dp( 2596): system/btif/src/btif_a2dp_source.cc:1077 btif_a2dp_source_audio_tx_flush_req: state=STATE_RUNNING
07-26 12:30:15.283 I/bluetooth-a2dp( 2596): system/btif/src/btif_a2dp_source.cc:707 btif_a2dp_source_stop_audio_req: state=STATE_RUNNING
07-26 12:30:15.283 I/bluetooth-a2dp( 2596): system/btif/src/btif_av.cc:2869 btif_report_connection_state: peer=xx:xx:xx:xx:f2:e3 state=0
07-26 12:30:15.283 I/bluetooth-a2dp( 2596): system/btif/src/btif_av.cc:2242 OnExit: state=Opened peer=xx:xx:xx:xx:f2:e3
07-26 12:30:15.283 I/bluetooth-a2dp( 2596): system/btif/src/btif_av.cc:1650 OnEnter: state=Idle peer=xx:xx:xx:xx:f2:e3
07-26 12:30:15.283 I/bluetooth-a2dp( 2596): system/btif/src/btif_a2dp_source.cc:778 btif_a2dp_source_on_idle: state=STATE_RUNNING
07-26 12:30:15.283 I/bluetooth-a2dp( 2596): system/btif/src/btif_a2dp_source.cc:707 btif_a2dp_source_stop_audio_req: state=STATE_RUNNING
07-26 12:30:15.283 I/bluetooth-a2dp( 2596): system/btif/src/btif_av.cc:518 SetActivePeer: peer=00:00:00:00:00:00 active_peer=xx:xx:xx:xx:f2:e3
07-26 12:30:15.283 I/bluetooth-a2dp( 2596): system/btif/src/btif_av.cc:525 SetActivePeer: peer address is empty, shutdown the Audio source
07-26 12:30:15.283 I/bluetooth-a2dp( 2596): system/btif/co/bta_av_co.cc:659 SetActivePeer: peer_address=00:00:00:00:00:00
07-26 12:30:15.283 I/bluetooth-a2dp( 2596): system/btif/src/btif_a2dp_source.cc:534 btif_a2dp_source_end_session: peer_address=xx:xx:xx:xx:f2:e3 state=STATE_RUNNING
07-26 12:30:15.283 I/bluetooth-a2dp( 2596): android/app/jni/com_android_bluetooth_a2dp.cpp:67 bta2dp_connection_state_callback: xx:xx:xx:xx:f2:e3: state: BTAV_CONNECTION_STATE_DISCONNECTED(0x0)
07-26 12:30:15.284 I/bluetooth-a2dp( 2596): system/btif/src/btif_a2dp_source.cc:686 btif_a2dp_source_cleanup_codec: state=STATE_RUNNING
07-26 12:30:15.284 I/bluetooth-a2dp( 2596): system/btif/src/btif_a2dp_source.cc:707 btif_a2dp_source_stop_audio_req: state=STATE_RUNNING
07-26 12:30:15.284 I/bluetooth-a2dp( 2596): system/btif/src/btif_a2dp_source.cc:568 btif_a2dp_source_shutdown: state=STATE_RUNNING
07-26 12:30:15.284 I/A2dpStateMachine( 2596): Disconnecting from XX:XX:XX:XX:F2:E3
07-26 12:30:15.284 I/A2dpStateMachine( 2596): Enter Disconnecting(XX:XX:XX:XX:F2:E3): STACK_EVENT
07-26 12:30:15.297 I/A2dpStateMachine( 2596): Disconnected: XX:XX:XX:XX:F2:E3
07-26 12:30:15.298 I/A2dpStateMachine( 2596): Enter Disconnected(XX:XX:XX:XX:F2:E3): STACK_EVENT
07-26 12:30:15.310 D/ActivityManager( 1659): sync unfroze 12790 com.android.settings for 10
07-26 12:30:15.315 I/AdapterProperties( 2596): getBondedDevices: length=15
07-26 12:30:15.317 W/HeadsetClientService( 2596): getHeadsetClientService(): service is null
07-26 12:30:15.317 I/HeadsetService( 2596): updateInbandRinging(): Device=null ActiveDevice=null enabled=false connected=true Update all=true
07-26 12:30:15.322 I/Telecom ( 1659): BluetoothStateReceiver: HFP device 08:E4:DF:94:F2:E3 changed state to 3: BSR.oR@T4g
07-26 12:30:15.323 I/bt_btif_dm( 2596): system/btif/src/btif_dm.cc:852 btif_dm_get_connection_state: Acl is not connected to peer:xx:xx:xx:xx:68:a3
07-26 12:30:15.324 I/Telecom ( 1659): CallAudioRouteController: Message received: BT_DEVICE_REMOVED=11, arg1=5: BSR.oR->CARC.pM_BT_DEVICE_REMOVED@T4g
07-26 12:30:15.324 I/bt_btif_dm( 2596): system/btif/src/btif_dm.cc:852 btif_dm_get_connection_state: Acl is not connected to peer:xx:xx:xx:xx:8f:c1
07-26 12:30:15.326 I/AS.BtHelper( 1659): onSetBtScoActiveDevice: XX:XX:XX:XX:F2:E3 -> (null)
07-26 12:30:15.326 I/bt_btif_dm( 2596): system/btif/src/btif_dm.cc:852 btif_dm_get_connection_state: Acl is not connected to peer:xx:xx:xx:xx:96:4d
07-26 12:30:15.327 I/Telecom ( 1659): BluetoothStateReceiver: Device null is now the preferred BT device for HFP: BSR.oR@T4k
07-26 12:30:15.327 I/Telecom ( 1659): CallAudioRouteController: bluetooth route removed: AudioRoute[Type=TYPE_BLUETOOTH_SCO, Address=08:E4:DF:94:F2:E3]: BSR.oR->CARC.pM_BT_DEVICE_REMOVED@T4g
07-26 12:30:15.328 I/bt_btif_dm( 2596): system/btif/src/btif_dm.cc:852 btif_dm_get_connection_state: Acl is not connected to peer:xx:xx:xx:xx:74:48
07-26 12:30:15.329 I/bt_btif_dm( 2596): system/btif/src/btif_dm.cc:852 btif_dm_get_connection_state: Acl is not connected to peer:xx:xx:xx:xx:40:25
07-26 12:30:15.330 I/bt_btif_dm( 2596): system/btif/src/btif_dm.cc:852 btif_dm_get_connection_state: Acl is not connected to peer:xx:xx:xx:xx:ec:4d
07-26 12:30:15.332 I/bt_btif_dm( 2596): system/btif/src/btif_dm.cc:852 btif_dm_get_connection_state: Acl is not connected to peer:xx:xx:xx:xx:c9:8e
07-26 12:30:15.333 D/DeviceHalAidl( 1327): [default] prepareToDisconnectExternalDevice: device AudioPort{id: 2096, name: Airdopes 141 ANC, profiles: [AudioProfile{name: , format: AudioFormatDescription{type: PCM, pcm: DEFAULT, encoding: }, channelMasks: [AudioChannelLayout{layoutMask: 3}], sampleRates: [48000], encapsulationType: NONE}], flags: AudioIoFlags{output: 0}, extraAudioDescriptors: [], gains: [], ext: AudioPortExt{device: AudioPortDeviceExt{device: AudioDevice{type: AudioDeviceDescription{type: OUT_HEADSET, connection: bt-sco}, address: AudioDeviceAddress{mac: [8, 228, 223, 148, 242, 227]}}, flags: 0, encodedFormats: [], encapsulationModes: 0, encapsulationMetadataTypes: 0, speakerLayout: (null)}}}
07-26 12:30:15.333 D/ActivityManager( 1659): sync unfroze 20501 com.google.android.projection.gearhead:shared for 3
07-26 12:30:15.334 I/bt_btif_dm( 2596): system/btif/src/btif_dm.cc:852 btif_dm_get_connection_state: Acl is not connected to peer:xx:xx:xx:xx:4d:19
07-26 12:30:15.334 I/ASvc::Module( 1265): prepareToDisconnectExternalDevice: prepare to disconnect external device from port 300026
07-26 12:30:15.334 D/DeviceHalAidl( 1327): [r_submix] prepareToDisconnectExternalDevice: device AudioPort{id: 2096, name: Airdopes 141 ANC, profiles: [AudioProfile{name: , format: AudioFormatDescription{type: PCM, pcm: DEFAULT, encoding: }, channelMasks: [AudioChannelLayout{layoutMask: 3}], sampleRates: [48000], encapsulationType: NONE}], flags: AudioIoFlags{output: 0}, extraAudioDescriptors: [], gains: [], ext: AudioPortExt{device: AudioPortDeviceExt{device: AudioDevice{type: AudioDeviceDescription{type: OUT_HEADSET, connection: bt-sco}, address: AudioDeviceAddress{mac: [8, 228, 223, 148, 242, 227]}}, flags: 0, encodedFormats: [], encapsulationModes: 0, encapsulationMetadataTypes: 0, speakerLayout: (null)}}}
07-26 12:30:15.334 D/DeviceHalAidl( 1327): [bluetooth] prepareToDisconnectExternalDevice: device AudioPort{id: 2096, name: Airdopes 141 ANC, profiles: [AudioProfile{name: , format: AudioFormatDescription{type: PCM, pcm: DEFAULT, encoding: }, channelMasks: [AudioChannelLayout{layoutMask: 3}], sampleRates: [48000], encapsulationType: NONE}], flags: AudioIoFlags{output: 0}, extraAudioDescriptors: [], gains: [], ext: AudioPortExt{device: AudioPortDeviceExt{device: AudioDevice{type: AudioDeviceDescription{type: OUT_HEADSET, connection: bt-sco}, address: AudioDeviceAddress{mac: [8, 228, 223, 148, 242, 227]}}, flags: 0, encodedFormats: [], encapsulationModes: 0, encapsulationMetadataTypes: 0, speakerLayout: (null)}}}
07-26 12:30:15.335 I/bt_btif_dm( 2596): system/btif/src/btif_dm.cc:852 btif_dm_get_connection_state: Acl is not connected to peer:xx:xx:xx:xx:1a:18
07-26 12:30:15.335 D/DeviceHalAidl( 1327): [default] setConnectedState: connected 0 port: AudioPort{id: 2096, name: Airdopes 141 ANC, profiles: [AudioProfile{name: , format: AudioFormatDescription{type: PCM, pcm: DEFAULT, encoding: }, channelMasks: [AudioChannelLayout{layoutMask: 3}], sampleRates: [48000], encapsulationType: NONE}], flags: AudioIoFlags{output: 0}, extraAudioDescriptors: [], gains: [], ext: AudioPortExt{device: AudioPortDeviceExt{device: AudioDevice{type: AudioDeviceDescription{type: OUT_HEADSET, connection: bt-sco}, address: AudioDeviceAddress{mac: [8, 228, 223, 148, 242, 227]}}, flags: 0, encodedFormats: [], encapsulationModes: 0, encapsulationMetadataTypes: 0, speakerLayout: (null)}}}
07-26 12:30:15.335 D/Hal2AidlMapper( 1327): [default] setDevicePortConnectedState: state disconnected, device AudioPort{id: 2096, name: Airdopes 141 ANC, profiles: [AudioProfile{name: , format: AudioFormatDescription{type: PCM, pcm: DEFAULT, encoding: }, channelMasks: [AudioChannelLayout{layoutMask: 3}], sampleRates: [48000], encapsulationType: NONE}], flags: AudioIoFlags{output: 0}, extraAudioDescriptors: [], gains: [], ext: AudioPortExt{device: AudioPortDeviceExt{device: AudioDevice{type: AudioDeviceDescription{type: OUT_HEADSET, connection: bt-sco}, address: AudioDeviceAddress{mac: [8, 228, 223, 148, 242, 227]}}, flags: 0, encodedFormats: [], encapsulationModes: 0, encapsulationMetadataTypes: 0, speakerLayout: (null)}}}
07-26 12:30:15.335 D/Hal2AidlMapper( 1327): [default] setDevicePortConnectedState: device port for device AudioDevice{type: AudioDeviceDescription{type: OUT_HEADSET, connection: bt-sco}, address: AudioDeviceAddress{mac: [8, 228, 223, 148, 242, 227]}} found
07-26 12:30:15.335 I/ASvc::Module( 1265): disconnectExternalDevice: disconnecting an external device from port 300026
07-26 12:30:15.335 I/bt_btif_dm( 2596): system/btif/src/btif_dm.cc:852 btif_dm_get_connection_state: Acl is not connected to peer:xx:xx:xx:xx:c4:de
07-26 12:30:15.337 I/Telecom ( 1659): CallAudioRouteController: updateCallAudioState: updating call audio state to [AudioState isMuted: false, route: BLUETOOTH, supportedRouteMask: EARPIECE, SPEAKER, activeBluetoothDevice: [XX:XX:XX:XX:F2:E3], supportedBluetoothDevices: []]: BSR.oR->CARC.pM_BT_DEVICE_REMOVED@T4g
07-26 12:30:15.337 I/bt_btif_dm( 2596): system/btif/src/btif_dm.cc:852 btif_dm_get_connection_state: Acl is not connected to peer:xx:xx:xx:xx:a7:9d
07-26 12:30:15.337 I/AHal::PortRouteManager( 1265): UpdateRoutes: disconnect port 300026, template port 100005
07-26 12:30:15.337 I/AHal::PortRouteManager( 1265): UpdateHifiProfiles: port 300026, disconnecting
07-26 12:30:15.337 I/AHal::DeviceManager( 1265): RemoveDynamicPortMapping: dynamic port ID = 300026
07-26 12:30:15.337 I/AHal::BT( 1265): DisconnectDevice: bluetooth-sco-headset
07-26 12:30:15.337 I/ASvc::Module( 1265): getAudioRoutes: routes count = 28
07-26 12:30:15.338 I/bt_btif_dm( 2596): system/btif/src/btif_dm.cc:852 btif_dm_get_connection_state: Acl is not connected to peer:xx:xx:xx:xx:80:09
07-26 12:30:15.338 D/DeviceHalAidl( 1327): [r_submix] setConnectedState: connected 0 port: AudioPort{id: 2096, name: Airdopes 141 ANC, profiles: [AudioProfile{name: , format: AudioFormatDescription{type: PCM, pcm: DEFAULT, encoding: }, channelMasks: [AudioChannelLayout{layoutMask: 3}], sampleRates: [48000], encapsulationType: NONE}], flags: AudioIoFlags{output: 0}, extraAudioDescriptors: [], gains: [], ext: AudioPortExt{device: AudioPortDeviceExt{device: AudioDevice{type: AudioDeviceDescription{type: OUT_HEADSET, connection: bt-sco}, address: AudioDeviceAddress{mac: [8, 228, 223, 148, 242, 227]}}, flags: 0, encodedFormats: [], encapsulationModes: 0, encapsulationMetadataTypes: 0, speakerLayout: (null)}}}
07-26 12:30:15.338 D/Hal2AidlMapper( 1327): [r_submix] setDevicePortConnectedState: state disconnected, device AudioPort{id: 2096, name: Airdopes 141 ANC, profiles: [AudioProfile{name: , format: AudioFormatDescription{type: PCM, pcm: DEFAULT, encoding: }, channelMasks: [AudioChannelLayout{layoutMask: 3}], sampleRates: [48000], encapsulationType: NONE}], flags: AudioIoFlags{output: 0}, extraAudioDescriptors: [], gains: [], ext: AudioPortExt{device: AudioPortDeviceExt{device: AudioDevice{type: AudioDeviceDescription{type: OUT_HEADSET, connection: bt-sco}, address: AudioDeviceAddress{mac: [8, 228, 223, 148, 242, 227]}}, flags: 0, encodedFormats: [], encapsulationModes: 0, encapsulationMetadataTypes: 0, speakerLayout: (null)}}}
07-26 12:30:15.338 D/DeviceHalAidl( 1327): [bluetooth] setConnectedState: connected 0 port: AudioPort{id: 2096, name: Airdopes 141 ANC, profiles: [AudioProfile{name: , format: AudioFormatDescription{type: PCM, pcm: DEFAULT, encoding: }, channelMasks: [AudioChannelLayout{layoutMask: 3}], sampleRates: [48000], encapsulationType: NONE}], flags: AudioIoFlags{output: 0}, extraAudioDescriptors: [], gains: [], ext: AudioPortExt{device: AudioPortDeviceExt{device: AudioDevice{type: AudioDeviceDescription{type: OUT_HEADSET, connection: bt-sco}, address: AudioDeviceAddress{mac: [8, 228, 223, 148, 242, 227]}}, flags: 0, encodedFormats: [], encapsulationModes: 0, encapsulationMetadataTypes: 0, speakerLayout: (null)}}}
07-26 12:30:15.338 D/Hal2AidlMapper( 1327): [bluetooth] setDevicePortConnectedState: state disconnected, device AudioPort{id: 2096, name: Airdopes 141 ANC, profiles: [AudioProfile{name: , format: AudioFormatDescription{type: PCM, pcm: DEFAULT, encoding: }, channelMasks: [AudioChannelLayout{layoutMask: 3}], sampleRates: [48000], encapsulationType: NONE}], flags: AudioIoFlags{output: 0}, extraAudioDescriptors: [], gains: [], ext: AudioPortExt{device: AudioPortDeviceExt{device: AudioDevice{type: AudioDeviceDescription{type: OUT_HEADSET, connection: bt-sco}, address: AudioDeviceAddress{mac: [8, 228, 223, 148, 242, 227]}}, flags: 0, encodedFormats: [], encapsulationModes: 0, encapsulationMetadataTypes: 0, speakerLayout: (null)}}}
07-26 12:30:15.339 D/ActivityManager( 1659): sync unfroze 14100 com.google.android.projection.gearhead:car for 10
07-26 12:30:15.344 I/HeadsetPhoneState( 2596): stopListenForPhoneState(), stopping listener, enabled_events=0
07-26 12:30:15.346 I/AS.AudioDeviceInventory( 1659): SCO sink device addr=08:E4:DF:94:F2:E3 made unavailable
07-26 12:30:15.351 I/bt_btif_dm( 2596): system/btif/src/btif_dm.cc:852 btif_dm_get_connection_state: Acl is not connected to peer:xx:xx:xx:xx:cb:f6
07-26 12:30:15.352 D/DeviceHalAidl( 1327): [default] prepareToDisconnectExternalDevice: device AudioPort{id: 2101, name: Airdopes 141 ANC, profiles: [AudioProfile{name: , format: AudioFormatDescription{type: PCM, pcm: DEFAULT, encoding: }, channelMasks: [AudioChannelLayout{layoutMask: 3}], sampleRates: [48000], encapsulationType: NONE}], flags: AudioIoFlags{input: 0}, extraAudioDescriptors: [], gains: [], ext: AudioPortExt{device: AudioPortDeviceExt{device: AudioDevice{type: AudioDeviceDescription{type: IN_HEADSET, connection: bt-sco}, address: AudioDeviceAddress{mac: [8, 228, 223, 148, 242, 227]}}, flags: 0, encodedFormats: [], encapsulationModes: 0, encapsulationMetadataTypes: 0, speakerLayout: (null)}}}
07-26 12:30:15.353 I/bt_btif_dm( 2596): system/btif/src/btif_dm.cc:852 btif_dm_get_connection_state: Acl is not connected to peer:xx:xx:xx:xx:09:92
07-26 12:30:15.353 I/AS.SpatializerHelper( 1659): onRoutingUpdated: can spatialize media 5.1:true on device:AudioDeviceAttributes: role:output type:bt_a2dp addr:XX:XX:XX:XX:F2:E3 name: profiles:[] descriptors:[]
07-26 12:30:15.353 I/AS.SpatializerHelper( 1659): setDispatchAvailableState(true) no dispatch: mState:STATE_ENABLED_AVAILABLE
07-26 12:30:15.353 I/AS.SpatializerHelper( 1659): Enabling Spatial Audio since enabled for media device:AudioDeviceAttributes: role:output type:bt_a2dp addr:XX:XX:XX:XX:F2:E3 name: profiles:[] descriptors:[]
07-26 12:30:15.353 I/AS.SpatializerHelper( 1659): Setting spatialization level to: 1
07-26 12:30:15.353 I/ASvc::Module( 1265): prepareToDisconnectExternalDevice: prepare to disconnect external device from port 300027
07-26 12:30:15.354 D/DeviceHalAidl( 1327): [r_submix] prepareToDisconnectExternalDevice: device AudioPort{id: 2101, name: Airdopes 141 ANC, profiles: [AudioProfile{name: , format: AudioFormatDescription{type: PCM, pcm: DEFAULT, encoding: }, channelMasks: [AudioChannelLayout{layoutMask: 3}], sampleRates: [48000], encapsulationType: NONE}], flags: AudioIoFlags{input: 0}, extraAudioDescriptors: [], gains: [], ext: AudioPortExt{device: AudioPortDeviceExt{device: AudioDevice{type: AudioDeviceDescription{type: IN_HEADSET, connection: bt-sco}, address: AudioDeviceAddress{mac: [8, 228, 223, 148, 242, 227]}}, flags: 0, encodedFormats: [], encapsulationModes: 0, encapsulationMetadataTypes: 0, speakerLayout: (null)}}}
07-26 12:30:15.354 D/DeviceHalAidl( 1327): [bluetooth] prepareToDisconnectExternalDevice: device AudioPort{id: 2101, name: Airdopes 141 ANC, profiles: [AudioProfile{name: , format: AudioFormatDescription{type: PCM, pcm: DEFAULT, encoding: }, channelMasks: [AudioChannelLayout{layoutMask: 3}], sampleRates: [48000], encapsulationType: NONE}], flags: AudioIoFlags{input: 0}, extraAudioDescriptors: [], gains: [], ext: AudioPortExt{device: AudioPortDeviceExt{device: AudioDevice{type: AudioDeviceDescription{type: IN_HEADSET, connection: bt-sco}, address: AudioDeviceAddress{mac: [8, 228, 223, 148, 242, 227]}}, flags: 0, encodedFormats: [], encapsulationModes: 0, encapsulationMetadataTypes: 0, speakerLayout: (null)}}}
07-26 12:30:15.354 D/DeviceHalAidl( 1327): [default] setConnectedState: connected 0 port: AudioPort{id: 2101, name: Airdopes 141 ANC, profiles: [AudioProfile{name: , format: AudioFormatDescription{type: PCM, pcm: DEFAULT, encoding: }, channelMasks: [AudioChannelLayout{layoutMask: 3}], sampleRates: [48000], encapsulationType: NONE}], flags: AudioIoFlags{input: 0}, extraAudioDescriptors: [], gains: [], ext: AudioPortExt{device: AudioPortDeviceExt{device: AudioDevice{type: AudioDeviceDescription{type: IN_HEADSET, connection: bt-sco}, address: AudioDeviceAddress{mac: [8, 228, 223, 148, 242, 227]}}, flags: 0, encodedFormats: [], encapsulationModes: 0, encapsulationMetadataTypes: 0, speakerLayout: (null)}}}
07-26 12:30:15.354 D/Hal2AidlMapper( 1327): [default] setDevicePortConnectedState: state disconnected, device AudioPort{id: 2101, name: Airdopes 141 ANC, profiles: [AudioProfile{name: , format: AudioFormatDescription{type: PCM, pcm: DEFAULT, encoding: }, channelMasks: [AudioChannelLayout{layoutMask: 3}], sampleRates: [48000], encapsulationType: NONE}], flags: AudioIoFlags{input: 0}, extraAudioDescriptors: [], gains: [], ext: AudioPortExt{device: AudioPortDeviceExt{device: AudioDevice{type: AudioDeviceDescription{type: IN_HEADSET, connection: bt-sco}, address: AudioDeviceAddress{mac: [8, 228, 223, 148, 242, 227]}}, flags: 0, encodedFormats: [], encapsulationModes: 0, encapsulationMetadataTypes: 0, speakerLayout: (null)}}}
07-26 12:30:15.354 D/Hal2AidlMapper( 1327): [default] setDevicePortConnectedState: device port for device AudioDevice{type: AudioDeviceDescription{type: IN_HEADSET, connection: bt-sco}, address: AudioDeviceAddress{mac: [8, 228, 223, 148, 242, 227]}} found
07-26 12:30:15.355 I/ASvc::Module( 1265): disconnectExternalDevice: disconnecting an external device from port 300027
07-26 12:30:15.355 I/AHal::PortRouteManager( 1265): UpdateRoutes: disconnect port 300027, template port 101006
07-26 12:30:15.355 I/AHal::PortRouteManager( 1265): UpdateHifiProfiles: port 300027, disconnecting
07-26 12:30:15.355 I/AHal::DeviceManager( 1265): RemoveDynamicPortMapping: dynamic port ID = 300027
07-26 12:30:15.355 I/AHal::BT( 1265): DisconnectDevice: bluetooth-sco-headset-microphones
07-26 12:30:15.355 I/ASvc::Module( 1265): getAudioRoutes: routes count = 28
07-26 12:30:15.356 D/DeviceHalAidl( 1327): [r_submix] setConnectedState: connected 0 port: AudioPort{id: 2101, name: Airdopes 141 ANC, profiles: [AudioProfile{name: , format: AudioFormatDescription{type: PCM, pcm: DEFAULT, encoding: }, channelMasks: [AudioChannelLayout{layoutMask: 3}], sampleRates: [48000], encapsulationType: NONE}], flags: AudioIoFlags{input: 0}, extraAudioDescriptors: [], gains: [], ext: AudioPortExt{device: AudioPortDeviceExt{device: AudioDevice{type: AudioDeviceDescription{type: IN_HEADSET, connection: bt-sco}, address: AudioDeviceAddress{mac: [8, 228, 223, 148, 242, 227]}}, flags: 0, encodedFormats: [], encapsulationModes: 0, encapsulationMetadataTypes: 0, speakerLayout: (null)}}}
07-26 12:30:15.356 D/Hal2AidlMapper( 1327): [r_submix] setDevicePortConnectedState: state disconnected, device AudioPort{id: 2101, name: Airdopes 141 ANC, profiles: [AudioProfile{name: , format: AudioFormatDescription{type: PCM, pcm: DEFAULT, encoding: }, channelMasks: [AudioChannelLayout{layoutMask: 3}], sampleRates: [48000], encapsulationType: NONE}], flags: AudioIoFlags{input: 0}, extraAudioDescriptors: [], gains: [], ext: AudioPortExt{device: AudioPortDeviceExt{device: AudioDevice{type: AudioDeviceDescription{type: IN_HEADSET, connection: bt-sco}, address: AudioDeviceAddress{mac: [8, 228, 223, 148, 242, 227]}}, flags: 0, encodedFormats: [], encapsulationModes: 0, encapsulationMetadataTypes: 0, speakerLayout: (null)}}}
07-26 12:30:15.356 D/DeviceHalAidl( 1327): [bluetooth] setConnectedState: connected 0 port: AudioPort{id: 2101, name: Airdopes 141 ANC, profiles: [AudioProfile{name: , format: AudioFormatDescription{type: PCM, pcm: DEFAULT, encoding: }, channelMasks: [AudioChannelLayout{layoutMask: 3}], sampleRates: [48000], encapsulationType: NONE}], flags: AudioIoFlags{input: 0}, extraAudioDescriptors: [], gains: [], ext: AudioPortExt{device: AudioPortDeviceExt{device: AudioDevice{type: AudioDeviceDescription{type: IN_HEADSET, connection: bt-sco}, address: AudioDeviceAddress{mac: [8, 228, 223, 148, 242, 227]}}, flags: 0, encodedFormats: [], encapsulationModes: 0, encapsulationMetadataTypes: 0, speakerLayout: (null)}}}
07-26 12:30:15.356 D/Hal2AidlMapper( 1327): [bluetooth] setDevicePortConnectedState: state disconnected, device AudioPort{id: 2101, name: Airdopes 141 ANC, profiles: [AudioProfile{name: , format: AudioFormatDescription{type: PCM, pcm: DEFAULT, encoding: }, channelMasks: [AudioChannelLayout{layoutMask: 3}], sampleRates: [48000], encapsulationType: NONE}], flags: AudioIoFlags{input: 0}, extraAudioDescriptors: [], gains: [], ext: AudioPortExt{device: AudioPortDeviceExt{device: AudioDevice{type: AudioDeviceDescription{type: IN_HEADSET, connection: bt-sco}, address: AudioDeviceAddress{mac: [8, 228, 223, 148, 242, 227]}}, flags: 0, encodedFormats: [], encapsulationModes: 0, encapsulationMetadataTypes: 0, speakerLayout: (null)}}}
07-26 12:30:15.358 W/HeadsetPhoneState( 2596): startListenForPhoneState, no event to listen
07-26 12:30:15.359 W/HeadsetClientService( 2596): getHeadsetClientService(): service is null
07-26 12:30:15.359 I/HeadsetService( 2596): updateInbandRinging(): Device=XX:XX:XX:XX:F2:E3 ActiveDevice=null enabled=false connected=false Update all=false
07-26 12:30:15.360 D/Spatializer( 1327): checkSensorsState_l: setRequestedLatencyMode for output thread(501) to FREE returned 0
07-26 12:30:15.361 I/fhem    ( 4147): (REDACTED) appOpsListener %s %s
07-26 12:30:15.361 I/AS.SpatializerHelper( 1659): setDispatchFeatureEnabledState(true) no dispatch: mState:STATE_ENABLED_AVAILABLE src:onRoutingUpdated
07-26 12:30:15.362 I/fhem    ( 4147): (REDACTED) Ignoring irrelevant audio permission changes for package %s
07-26 12:30:15.363 I/Telecom ( 1659): CallEndpointController: onCallAudioStateChanged, audioState: [AudioState isMuted: false, route: BLUETOOTH, supportedRouteMask: EARPIECE, BLUETOOTH, SPEAKER, activeBluetoothDevice: [XX:XX:XX:XX:F2:E3], supportedBluetoothDevices: [XX:XX:XX:XX:F2:E3]] -> [AudioState isMuted: false, route: BLUETOOTH, supportedRouteMask: EARPIECE, SPEAKER, activeBluetoothDevice: [XX:XX:XX:XX:F2:E3], supportedBluetoothDevices: []]: BSR.oR->CARC.pM_BT_DEVICE_REMOVED@T4g
07-26 12:30:15.371 I/Telecom ( 1659): WiredHeadsetManager: ACTION_HEADSET_PLUG event, plugged in: false, : WHC.oADR@T4o
07-26 12:30:15.372 I/AS.AudioDeviceInventory( 1659): SCO source device addr=08:E4:DF:94:F2:E3 made unavailable
07-26 12:30:15.372 I/AS.AudioDeviceBroker( 1659): setBluetoothScoOn: false, mBluetoothScoOn: false, btScoRequesterUId: -1, from: resetBluetoothSco
07-26 12:30:15.373 E/AudioSystem( 1659): Function: getDevicesForRoleAndStrategy Line: 2573 Failed 
07-26 12:30:15.373 E/AudioSystem-JNI( 1659): Command failed for android_media_AudioSystem_getDevicesForRoleAndStrategy: -2
07-26 12:30:15.373 E/AS.AudioService( 1659): Error 1 in getPreferredDeviceForStrategy(0)
07-26 12:30:15.373 I/Telecom ( 1659): CallAudioRouteController: getPreferredAudioRouteFromStrategy: preferred device is null: BSR.oR->CARC.pM_BT_DEVICE_REMOVED@T4g
07-26 12:30:15.373 I/Telecom ( 1659): CallAudioRouteController: getBaseRoute: preferred audio route is null: BSR.oR->CARC.pM_BT_DEVICE_REMOVED@T4g
07-26 12:30:15.373 I/Telecom ( 1659): CallAudioRouteController: Routing to a non-watch device - null: BSR.oR->CARC.pM_BT_DEVICE_REMOVED@T4g
07-26 12:30:15.373 I/Telecom ( 1659): CallAudioRouteController: getPreferredAudioRouteFromDefault: Audio routing defaulting to available non-BT route.: BSR.oR->CARC.pM_BT_DEVICE_REMOVED@T4g
07-26 12:30:15.373 I/AS.SpatializerHelper( 1659): head tracker sensor handle initialized to -1
07-26 12:30:15.373 I/Telecom ( 1659): CallAudioRouteController: getBaseRoute - audio routing to AudioRoute[Type=TYPE_EARPIECE, Address=invalid]: BSR.oR->CARC.pM_BT_DEVICE_REMOVED@T4g
07-26 12:30:15.373 I/AS.SpatializerHelper( 1659): found screen sensor handle initialized to 16842762
07-26 12:30:15.373 I/AS.SpatializerHelper( 1659): setScreenSensor:16842762
07-26 12:30:15.373 I/Telecom ( 1659): CallAudioRouteController: Enter pending route, origAudioRoute[Type=TYPE_BLUETOOTH_SCO, Address=08:E4:DF:94:F2:E3](active=false), destAudioRoute[Type=TYPE_EARPIECE, Address=invalid](active=false): BSR.oR->CARC.pM_BT_DEVICE_REMOVED@T4g
07-26 12:30:15.373 I/Telecom ( 1659): AudioRoute: onOrigRouteAsPendingRoute: active (false), type (null): BSR.oR->CARC.pM_BT_DEVICE_REMOVED@T4g
07-26 12:30:15.373 I/Telecom ( 1659): AudioRoute: onDestRouteAsPendingRoute: active (false), type (TYPE_EARPIECE): BSR.oR->CARC.pM_BT_DEVICE_REMOVED@T4g
07-26 12:30:15.374 I/Telecom ( 1659): CallAudioRouteController: Message received: BT_ACTIVE_DEVICE_GONE=9, arg1=5: BSR.oR->CARC.pM_BT_ACTIVE_DEVICE_GONE@T4k
07-26 12:30:15.374 I/AS.SpatializerHelper( 1659): setHeadSensor:-1
07-26 12:30:15.374 I/AS.SpatializerHelper( 1659): setDesiredHeadTrackingMode(HEAD_TRACKING_MODE_RELATIVE_WORLD)
07-26 12:30:15.375 D/Spatializer( 1327): checkSensorsState_l: setRequestedLatencyMode for output thread(501) to FREE returned 0
07-26 12:30:15.379 I/Telecom ( 1659): CallAudioRouteController: Message received: EXIT_PENDING_ROUTE=10001, arg1=0: BSR.oR->CARC.pM_BT_DEVICE_REMOVED->CARC.pM_EXIT_PENDING_ROUTE@T4g
07-26 12:30:15.379 I/Telecom ( 1659): Logging.Events: Non-call EVENT: AUDIO_ROUTE, Entering audio route: AudioRoute[Type=TYPE_EARPIECE, Address=invalid] (active=false): BSR.oR->CARC.pM_BT_DEVICE_REMOVED->CARC.pM_EXIT_PENDING_ROUTE@T4g
07-26 12:30:15.379 I/Telecom ( 1659): CallAudioRouteController: updateCallAudioState: updating call audio state to [AudioState isMuted: false, route: EARPIECE, supportedRouteMask: EARPIECE, SPEAKER, activeBluetoothDevice: [null], supportedBluetoothDevices: []]: BSR.oR->CARC.pM_BT_DEVICE_REMOVED->CARC.pM_EXIT_PENDING_ROUTE@T4g
07-26 12:30:15.379 I/Telecom ( 1659): CallEndpointController: onCallAudioStateChanged, audioState: [AudioState isMuted: false, route: BLUETOOTH, supportedRouteMask: EARPIECE, SPEAKER, activeBluetoothDevice: [XX:XX:XX:XX:F2:E3], supportedBluetoothDevices: []] -> [AudioState isMuted: false, route: EARPIECE, supportedRouteMask: EARPIECE, SPEAKER, activeBluetoothDevice: [null], supportedBluetoothDevices: []]: BSR.oR->CARC.pM_BT_DEVICE_REMOVED->CARC.pM_EXIT_PENDING_ROUTE@T4g
07-26 12:30:15.380 I/Telecom ( 1659): BluetoothStateReceiver: HFP device 08:E4:DF:94:F2:E3 changed state to 0: BSR.oR@T4s
07-26 12:30:15.380 I/Telecom ( 1659): CallAudioRouteController: Message received: BT_DEVICE_REMOVED=11, arg1=5: BSR.oR->CARC.pM_BT_DEVICE_REMOVED@T4s
07-26 12:30:15.381 I/bluetooth( 2596): system/btif/avrcp/avrcp_service.cc:572 SendMediaUpdate: track_changed=false :  play_state=true :  queue=false
07-26 12:30:15.383 I/AdapterProperties( 2596): getBondedDevices: length=15
07-26 12:30:15.384 I/bt_btif_dm( 2596): system/btif/src/btif_dm.cc:852 btif_dm_get_connection_state: Acl is not connected to peer:xx:xx:xx:xx:68:a3
07-26 12:30:15.385 I/bt_btif_dm( 2596): system/btif/src/btif_dm.cc:852 btif_dm_get_connection_state: Acl is not connected to peer:xx:xx:xx:xx:8f:c1
07-26 12:30:15.386 I/AS.AudioService( 1659): BluetoothActiveDeviceChanged for A2DP, device update XX:XX:XX:XX:F2:E3 -> null
07-26 12:30:15.386 I/bluetooth-a2dp( 2596): android/app/jni/com_android_bluetooth_a2dp.cpp:424 setActiveDeviceNative: 00:00:00:00:00:00
07-26 12:30:15.386 I/bluetooth-a2dp( 2596): system/btif/src/btif_av.cc:3604 btif_av_source_set_active_device: peer=00:00:00:00:00:00
07-26 12:30:15.387 I/AdapterProperties( 2596): getBondedDevices: length=15
07-26 12:30:15.387 I/bt_btif_dm( 2596): system/btif/src/btif_dm.cc:852 btif_dm_get_connection_state: Acl is not connected to peer:xx:xx:xx:xx:96:4d
07-26 12:30:15.388 I/bt_btif_dm( 2596): system/btif/src/btif_dm.cc:852 btif_dm_get_connection_state: Acl is not connected to peer:xx:xx:xx:xx:74:48
07-26 12:30:15.388 I/AS.AudioDeviceBroker( 1659): msg: MSG_L_BT_ACTIVE_DEVICE_CHANGE_EXT BtDeviceInfo: device=XX:XX:XX:XX:F2:E3 state=0 prof=2 supprNoisy=false volume=-1 isLeOutput=false eventSource=AudioService audioSystemDevice=128 musicDevice=0
07-26 12:30:15.388 I/AS.AudioDeviceInventory( 1659): NOISY: adding 0x80
07-26 12:30:15.389 I/bt_btif_dm( 2596): system/btif/src/btif_dm.cc:852 btif_dm_get_connection_state: Acl is not connected to peer:xx:xx:xx:xx:40:25
07-26 12:30:15.389 I/AS.AudioDeviceInventory( 1659): NOISY: musicDevice changing from NONE to 0x80
07-26 12:30:15.390 I/bt_btif_dm( 2596): system/btif/src/btif_dm.cc:852 btif_dm_get_connection_state: Acl is not connected to peer:xx:xx:xx:xx:ec:4d
07-26 12:30:15.391 I/bt_btif_dm( 2596): system/btif/src/btif_dm.cc:852 btif_dm_get_connection_state: Acl is not connected to peer:xx:xx:xx:xx:c9:8e
