07-26 12:30:16.861 D/AHAL_EffectImpl( 1265): destroyEffect Multichannel Downmix To Stereo instance 0xb400007907fbbc50 destroyed
07-26 12:30:16.861 W/audioserver( 1327): Binder 0xb400007983f5b7a0 destroyed after setInheritRt before being parceled.
07-26 12:30:16.861 W/audioserver( 1327): Binder 0xb400007983f5b7a0 destroyed after setMinSchedulerPolicy before being parceled.
07-26 12:30:16.862 D/StreamHalAidl( 1327): [out|ioHandle:501] ~StreamHalAidl
07-26 12:30:16.862 E/AHAL_EffectImpl( 1265): command: line271 return with expr mState == State::INIT
07-26 12:30:16.862 I/AHAL_EffectImpl( 1265): close: line125 return with expr mState == State::INIT
07-26 12:30:16.862 I/ASvc::StreamCommonImpl( 1265): close (spatializer-offload-playback) : closing spatializer-offload-playback, on 400294
07-26 12:30:16.862 I/ASvc::CommandWorker( 1265): cw-spatializer-offload-playback: exit command form HAL
07-26 12:30:16.861 I/bmuh    ( 4147): (REDACTED) FCF: Device model check status : %s
07-26 12:30:16.863 I/AUtl::Worker( 1265): Loop: cw-spatializer-offload-playback thread exit
07-26 12:30:16.863 I/bnbj    ( 4147): #isGeminiDefaultSystemFeatureEnabled: false
07-26 12:30:16.863 I/bmqa    ( 4147): openMicEarlyInInteractorProcess is enabled. Mic is not suppressed even when delegation is disabled.
07-26 12:30:16.863 I/AUtl::Worker( 1265): Loop: pw-spatializer-offload-playback thread exit
07-26 12:30:16.863 I/bmqa    ( 4147): openMicEarlyInInteractorProcess is enabled. Mic is not suppressed even when delegation is disabled.
07-26 12:30:16.863 I/bmqa    ( 4147): openMicEarlyInInteractorProcess is enabled. Mic is not suppressed even when delegation is disabled.
07-26 12:30:16.863 I/bmqa    ( 4147): openMicEarlyInInteractorProcess is enabled. Mic is not suppressed even when delegation is disabled.
07-26 12:30:16.863 I/bmqa    ( 4147): openMicEarlyInInteractorProcess is enabled. Mic is not suppressed even when delegation is disabled.
07-26 12:30:16.863 I/bmqa    ( 4147): openMicEarlyInInteractorProcess is enabled. Mic is not suppressed even when delegation is disabled.
07-26 12:30:16.864 I/bmzm    ( 4147): Robin is eligible and opted-in
07-26 12:30:16.864 I/bmzm    ( 4147): (REDACTED) Headphone Integration status: %s
07-26 12:30:16.864 I/bmqa    ( 4147): openMicEarlyInInteractorProcess is enabled. Mic is not suppressed even when delegation is disabled.
07-26 12:30:16.865 I/bmqa    ( 4147): openMicEarlyInInteractorProcess is enabled. Mic is not suppressed even when delegation is disabled.
07-26 12:30:16.865 I/bmqa    ( 4147): openMicEarlyInInteractorProcess is enabled. Mic is not suppressed even when delegation is disabled.
07-26 12:30:16.865 I/bmqa    ( 4147): openMicEarlyInInteractorProcess is enabled. Mic is not suppressed even when delegation is disabled.
07-26 12:30:16.865 I/bmqa    ( 4147): openMicEarlyInInteractorProcess is enabled. Mic is not suppressed even when delegation is disabled.
07-26 12:30:16.865 I/bmqa    ( 4147): openMicEarlyInInteractorProcess is enabled. Mic is not suppressed even when delegation is disabled.
07-26 12:30:16.865 I/bmqa    ( 4147): openMicEarlyInInteractorProcess is enabled. Mic is not suppressed even when delegation is disabled.
07-26 12:30:16.865 I/bmqa    ( 4147): openMicEarlyInInteractorProcess is enabled. Mic is not suppressed even when delegation is disabled.
07-26 12:30:16.865 I/bmqa    ( 4147): openMicEarlyInInteractorProcess is enabled. Mic is not suppressed even when delegation is disabled.
07-26 12:30:16.865 I/bmqa    ( 4147): openMicEarlyInInteractorProcess is enabled. Mic is not suppressed even when delegation is disabled.
07-26 12:30:16.866 I/bmqa    ( 4147): openMicEarlyInInteractorProcess is enabled. Mic is not suppressed even when delegation is disabled.
07-26 12:30:16.866 I/bmqa    ( 4147): openMicEarlyInInteractorProcess is enabled. Mic is not suppressed even when delegation is disabled.
07-26 12:30:16.866 I/bmqa    ( 4147): openMicEarlyInInteractorProcess is enabled. Mic is not suppressed even when delegation is disabled.
07-26 12:30:16.866 I/bmqa    ( 4147): openMicEarlyInInteractorProcess is enabled. Mic is not suppressed even when delegation is disabled.
07-26 12:30:16.868 I/eowa    ( 4147): (REDACTED) isAppDefaultAssistant setting: %s
07-26 12:30:16.868 I/eowa    ( 4147): (REDACTED) isAppDefaultAssistant defaultComponentName: %s
07-26 12:30:16.872 I/btsg    ( 4147): (REDACTED) DelegationStatus: %s
07-26 12:30:16.872 W/AxMediaRouter( 2893): Changing selection(Airdopes 141 ANC(BT=true, syncMediaRoute1Provider=false)) to default while BT is available: pkgName=com.google.android.gms- Stacktrace: [msn.j:167, muv.k:10, mvl.i:64, mvb.onRouteSelected:3, android.media.MediaRouter.dispatchRouteSelected:1364, android.media.MediaRouter.selectRouteStatic:1120, android.media.MediaRouter.selectDefaultRouteStatic:1133, android.media.MediaRouter.removeRouteStatic:1246, android.media.MediaRouter$Static.updateAudioRoutes:264, android.media.MediaRouter$Static$1$1.run:132, android.os.Handler.handleCallback:991, android.os.Handler.dispatchMessage:102, android.os.Looper.loopOnce:232, android.os.Looper.loop:317, android.app.ActivityThread.main:8934, java.lang.reflect.Method.invoke:-2, com.android.internal.os.RuntimeInit$MethodAndArgsCaller.run:591, com.android.internal.os.ZygoteInit.main:911]
07-26 12:30:16.873 I/bmqi    ( 4147): (REDACTED) Populated bump behaviors: %s
07-26 12:30:16.874 I/bmqp    ( 4147): (REDACTED) Client type %s set for %s
07-26 12:30:16.874 I/bmqp    ( 4147): (REDACTED) Client type %s set for %s
07-26 12:30:16.874 I/bmqp    ( 4147): (REDACTED) Client type %s set for %s
07-26 12:30:16.875 I/bqha    ( 4147): (REDACTED) #isRobinOnlyLocale checkedLocale:%s language:%s list:%s
07-26 12:30:16.875 I/bmuh    ( 4147): (REDACTED) FCF System FeatureName to check: %s
07-26 12:30:16.876 I/bmuh    ( 4147): (REDACTED) FCF: Device model check status : %s
07-26 12:30:16.876 I/bnae    ( 4147): (REDACTED) #evaluate: isEnabled = %s failure reasons: %s
07-26 12:30:16.877 I/bmha    ( 4147): (REDACTED) #initialConfig Current Locale set to: %s
07-26 12:30:16.877 I/bmha    ( 4147): (REDACTED) #initialConfig Assistant is currently enabled: %s
07-26 12:30:16.877 I/bmha    ( 4147): (REDACTED) #initialConfig InputModality is currently: %s
07-26 12:30:16.877 I/bmha    ( 4147): (REDACTED) #initialConfig Speed Bump entry points: %s
07-26 12:30:16.877 I/bmha    ( 4147): (REDACTED) #initialConfig Long Press Power Education entrypoints: %s
07-26 12:30:16.877 I/bmha    ( 4147): (REDACTED) #initialConfig Robin entrypoints: %s
07-26 12:30:16.877 I/bmha    ( 4147): (REDACTED) #initialConfig Preferred audio route type: %s
07-26 12:30:16.877 I/bmha    ( 4147): (REDACTED) #initialConfig Earcons to be added: %s
07-26 12:30:16.877 I/bmha    ( 4147): (REDACTED) #initialConfig Mic occupied behavior: %s
07-26 12:30:16.877 I/bmha    ( 4147): (REDACTED) #initialConfig Headphone voice queries and spoken notifications status: %s
07-26 12:30:16.879 V/MediaRouter( 2893): Audio routes updated: AudioRoutesInfo{ type=SPEAKER }, a2dp=false
07-26 12:30:16.879 V/MediaRouter( 2893): Selecting route: RouteInfo{ name=Phone, description=null, status=null, category=RouteCategory{ name=System types=ROUTE_TYPE_LIVE_AUDIO ROUTE_TYPE_LIVE_VIDEO  groupable=false }, supportedTypes=ROUTE_TYPE_LIVE_AUDIO ROUTE_TYPE_LIVE_VIDEO , presentationDisplay=null }
07-26 12:30:16.880 I/eowa    ( 4147): (REDACTED) isAppDefaultAssistant setting: %s
07-26 12:30:16.880 I/eowa    ( 4147): (REDACTED) isAppDefaultAssistant defaultComponentName: %s
07-26 12:30:16.880 I/btsg    ( 4147): (REDACTED) DelegationStatus: %s
07-26 12:30:16.882 I/AxMediaRouter( 2893): Clearing the bluetooth route because it is no longer selectable: MediaRouter.RouteInfo{ uniqueId=ROUTE_ce7ba1ad, name=Airdopes 141 ANC, description=Bluetooth audio, iconUri=null, enabled=true, isSystemRoute=true, connectionState=0, canDisconnect=false, playbackType=0, playbackStream=3, deviceType=3, volumeHandling=1, volume=14, volumeMax=25, presentationDisplayId=-1, extras=null, settingsIntent=null, providerPackageName=android }
07-26 12:30:16.887 I/SensorManager( 1659): Removing dynamic sensor listener
07-26 12:30:16.887 I/smedia  ( 5315): SMediaNodeHelper.aliveConnection(): No connected node.
07-26 12:30:16.887 I/AS.SpatializerHelper( 1659): setScreenSensor:-1
07-26 12:30:16.887 I/AS.SpatializerHelper( 1659): setHeadSensor:-1
07-26 12:30:16.888 I/AS.SpatializerHelper( 1659): setDesiredHeadTrackingMode(HEAD_TRACKING_MODE_RELATIVE_WORLD)
07-26 12:30:16.888 I/system_server( 1659): Background concurrent mark compact GC freed 93MB AllocSpace bytes, 35(2604KB) LOS objects, 53% free, 84MB/180MB, paused 1.201ms,4.982ms total 308.264ms
07-26 12:30:16.890 I/BpBinder( 1659): onLastStrongRef automatically unlinking death recipients: 
07-26 12:30:16.892 I/BpBinder( 1659): onLastStrongRef automatically unlinking death recipients: 
07-26 12:30:16.892 I/vol.Events( 2433): writeEvent level_changed STREAM_SYSTEM 6
07-26 12:30:16.893 I/vol.Events( 2433): writeEvent level_changed STREAM_MUSIC 14
07-26 12:30:16.893 I/bmxc    (12836): (REDACTED) #FCF: Managed profile check status : %s
07-26 12:30:16.894 I/bnbo    (12836): Robin eligibility: Device is eligible.
07-26 12:30:16.894 I/bviq    (12836): (REDACTED) #TRIGGER_TYPE type is: %s
07-26 12:30:16.894 I/bviq    (12836): (REDACTED) #TRIGGER_TYPE islockscreen is: %s
07-26 12:30:16.895 I/bmuh    (12836): (REDACTED) FCF System FeatureName to check: %s
07-26 12:30:16.896 I/bmuh    (12836): (REDACTED) FCF: Device model check status : %s
07-26 12:30:16.896 I/bnbj    (12836): #isGeminiDefaultSystemFeatureEnabled: false
07-26 12:30:16.897 I/bmuh    (12836): (REDACTED) FCF System FeatureName to check: %s
07-26 12:30:16.897 I/bmuh    (12836): (REDACTED) FCF: Device model check status : %s
07-26 12:30:16.897 I/bnbj    (12836): #isGeminiDefaultSystemFeatureEnabled: false
07-26 12:30:16.903 I/bnbc    (12836): (REDACTED) %s was not found: %s
07-26 12:30:16.907 W/System  ( 1659): A resource failed to call HardwareBuffer.close. 
07-26 12:30:16.909 I/bshq    (12836): (REDACTED) Provider package not found: %s
07-26 12:30:16.910 I/brwu    (12836): ClockLookupExecutor is not enabled.
07-26 12:30:16.910 I/bshq    (12836): (REDACTED) Provider package %s enabled: %s
07-26 12:30:16.910 I/bshq    (12836): (REDACTED) Provider package %s enabled: %s
07-26 12:30:16.910 W/ConstraintSet( 2433): id unknown center_vertical_guideline
07-26 12:30:16.910 W/ConstraintSet( 2433): id unknown action_button_guideline
07-26 12:30:16.910 W/ConstraintSet( 2433): id unknown icon
07-26 12:30:16.910 W/ConstraintSet( 2433): id unknown media_seamless
07-26 12:30:16.910 I/eowa    (12836): (REDACTED) isAppDefaultAssistant setting: %s
07-26 12:30:16.910 W/ConstraintSet( 2433): id unknown media_action_barrier_start
07-26 12:30:16.910 I/eowa    (12836): (REDACTED) isAppDefaultAssistant defaultComponentName: %s
07-26 12:30:16.910 W/ConstraintSet( 2433): id unknown media_action_barrier_end
07-26 12:30:16.910 W/ConstraintSet( 2433): id unknown media_action_barrier_top
07-26 12:30:16.911 W/ConstraintSet( 2433): id unknown remove_text
07-26 12:30:16.911 W/ConstraintSet( 2433): id unknown settings
07-26 12:30:16.911 W/ConstraintSet( 2433): id unknown dismiss
07-26 12:30:16.911 W/ConstraintSet( 2433): id unknown cancel
07-26 12:30:16.913 I/eowa    (12836): (REDACTED) isAppDefaultAssistant setting: %s
07-26 12:30:16.914 I/eowa    (12836): (REDACTED) isAppDefaultAssistant defaultComponentName: %s
07-26 12:30:16.914 I/bshq    (12836): (REDACTED) Provider package %s enabled: %s
07-26 12:30:16.914 I/bshq    (12836): (REDACTED) Provider package %s enabled: %s
07-26 12:30:16.914 I/bshq    (12836): (REDACTED) Provider package %s enabled: %s
07-26 12:30:16.915 I/bshq    (12836): (REDACTED) Provider package %s enabled: %s
07-26 12:30:16.916 I/eowa    (12836): (REDACTED) isAppDefaultAssistant setting: %s
07-26 12:30:16.916 I/eowa    (12836): (REDACTED) isAppDefaultAssistant defaultComponentName: %s
07-26 12:30:16.916 I/bshq    (12836): (REDACTED) Provider package %s enabled: %s
07-26 12:30:16.918 I/eowa    (12836): (REDACTED) isAppDefaultAssistant setting: %s
07-26 12:30:16.918 I/eowa    (12836): (REDACTED) isAppDefaultAssistant defaultComponentName: %s
07-26 12:30:16.919 I/bshq    (12836): (REDACTED) Provider package %s enabled: %s
07-26 12:30:16.919 I/brtv    (12836): CreateCalendarEventExecutor is not enabled.
07-26 12:30:16.920 I/brvb    (12836): DeviceStateLookUpExecutor getRequiredCapabilities
07-26 12:30:16.920 I/bruo    (12836): DeleteNoteExecutor is not enabled.
07-26 12:30:16.921 I/brwh    (12836): UpdateNoteExecutor is not enabled.
07-26 12:30:16.921 I/brwh    (12836): UpdateNoteExecutor is not enabled.
07-26 12:30:16.923 I/eowa    (12836): (REDACTED) isAppDefaultAssistant setting: %s
07-26 12:30:16.924 I/eowa    (12836): (REDACTED) isAppDefaultAssistant defaultComponentName: %s
07-26 12:30:16.928 I/bmxc    (12836): (REDACTED) #FCF: Managed profile check status : %s
07-26 12:30:16.929 I/bndq    (12836): (REDACTED) isCacheFresh: %s
07-26 12:30:16.932 I/bmuh    (12836): (REDACTED) FCF System FeatureName to check: %s
07-26 12:30:16.933 I/bmuh    (12836): (REDACTED) FCF: Device model check status : %s
07-26 12:30:16.933 I/bnbj    (12836): #isGeminiDefaultSystemFeatureEnabled: false
07-26 12:30:16.934 I/brcx    (12836): Robin eligibility : Robin is eligible
07-26 12:30:16.938 I/bnbn    ( 4147): (REDACTED) Robin eligibility #evaluate: isEnabled = %s failure reasons: %s
07-26 12:30:16.940 I/bmuh    ( 4147): (REDACTED) FCF System FeatureName to check: %s
07-26 12:30:16.940 I/bmuh    ( 4147): (REDACTED) FCF: Device model check status : %s
07-26 12:30:16.940 I/bnbj    ( 4147): #isGeminiDefaultSystemFeatureEnabled: false
07-26 12:30:16.940 I/bmha    ( 4147): Robin backend selected for headphone invocations.
07-26 12:30:16.941 I/bmto    ( 4147): (REDACTED) #FCF: Preferred assistant locale set %s 
07-26 12:30:16.941 I/bnap    ( 4147): (REDACTED) #evaluate: isEnabled = %s failure reasons: %s
07-26 12:30:16.942 I/bmto    ( 4147): (REDACTED) #FCF: Preferred assistant locale set %s 
07-26 12:30:16.942 I/bnak    ( 4147): (REDACTED) #evaluate: isEnabled = %s failure reasons: %s
07-26 12:30:16.942 I/bmha    ( 4147): (REDACTED) Needs to download files: %s
07-26 12:30:16.943 I/bmif    ( 4147): (REDACTED) Updated config based on request %s, currentClient %s
07-26 12:30:16.944 I/etqr    ( 4147): (REDACTED) New message(%s, @%s) received at connection(%s).
07-26 12:30:16.944 I/etqr    ( 4147): (REDACTED) Message(%s, @%s) has been successfully processed at connection(%s).
07-26 12:30:16.944 I/etkl    ( 4147): (REDACTED) Connection state changed: %s.
07-26 12:30:16.950 I/etkl    ( 4147): (REDACTED) Invocations routing has changed
07-26 12:30:16.950 I/etkl    ( 4147): %s
07-26 12:30:17.351 I/smedia  ( 5315): SMediaAudioHelper.onReceive(android.media.STREAM_DEVICES_CHANGED_ACTION)
07-26 12:30:17.352 I/smedia  ( 5315): SMediaNodeHelper.aliveConnection(): No connected node.
07-26 12:30:17.363 I/smedia  ( 5315): SMediaAudioHelper.onReceive(android.media.STREAM_DEVICES_CHANGED_ACTION)
07-26 12:30:17.364 I/smedia  ( 5315): SMediaNodeHelper.aliveConnection(): No connected node.
07-26 12:30:17.364 I/smedia  ( 5315): SMediaAudioHelper.onReceive(android.media.STREAM_DEVICES_CHANGED_ACTION)
07-26 12:30:17.364 I/smedia  ( 5315): SMediaNodeHelper.aliveConnection(): No connected node.
07-26 12:30:17.366 I/Connection4Heart( 5315): ConnectionReceiver.onReceive-android.bluetooth.device.action.ACL_DISCONNECTED
07-26 12:30:17.369 I/smedia  ( 5315): SMediaAudioHelper.onReceive(android.media.STREAM_DEVICES_CHANGED_ACTION)
07-26 12:30:17.370 I/smedia  ( 5315): SMediaNodeHelper.aliveConnection(): No connected node.
07-26 12:30:17.370 I/Connection4Heart( 5315): BluetoothEventHandler.onBluetoothEvent-action: android.bluetooth.device.action.ACL_DISCONNECTED
07-26 12:30:17.370 I/smedia  ( 5315): SMediaAudioHelper.onReceive(android.media.STREAM_DEVICES_CHANGED_ACTION)
07-26 12:30:17.370 I/smedia  ( 5315): SMediaNodeHelper.aliveConnection(): No connected node.
07-26 12:30:17.370 I/smedia  ( 5315): SMediaAudioHelper.onReceive(android.media.STREAM_DEVICES_CHANGED_ACTION)
07-26 12:30:17.370 I/smedia  ( 5315): SMediaNodeHelper.aliveConnection(): No connected node.
07-26 12:30:17.371 W/Connection4Heart( 5315): WatchData.isManualConnectWatch() : do not have device - ##:##:##:##:F2:E3!!
07-26 12:30:17.372 I/Connection4Heart( 5315): ConnectionHandler.getDeviceFromIntent() : non contain watch - ##:##:##:##:F2:E3
07-26 12:30:17.376 I/AdapterProperties( 2596): getBondedDevices: length=15
07-26 12:30:17.428 I/smedia  ( 5315): SMediaNodeHelper.aliveConnection(): No connected node.
07-26 12:30:17.428 I/smedia  ( 5315): SMediaAudioHelper.onReceive(android.media.STREAM_DEVICES_CHANGED_ACTION)
07-26 12:30:17.428 I/smedia  ( 5315): SMediaNodeHelper.aliveConnection(): No connected node.
07-26 12:30:17.429 I/smedia  ( 5315): SMediaAudioHelper.onReceive(android.media.STREAM_DEVICES_CHANGED_ACTION)
07-26 12:30:17.429 I/smedia  ( 5315): SMediaNodeHelper.aliveConnection(): No connected node.
07-26 12:30:17.429 I/smedia  ( 5315): SMediaAudioHelper.onReceive(android.media.STREAM_DEVICES_CHANGED_ACTION)
07-26 12:30:17.429 I/smedia  ( 5315): SMediaNodeHelper.aliveConnection(): No connected node.
07-26 12:30:17.429 I/smedia  ( 5315): SMediaAudioHelper.onReceive(android.media.STREAM_DEVICES_CHANGED_ACTION)
07-26 12:30:17.429 I/smedia  ( 5315): SMediaNodeHelper.aliveConnection(): No connected node.
07-26 12:30:17.540 I/pixel-thermal( 2092): disp_therm:36.068 raw data: disp_therm:36068 
07-26 12:30:17.552 I/pixel-thermal( 2092): VIRTUAL-USB-UI:1 raw data: USB-MINUS-NEUTRAL:-1224 USB-MINUS-QUIET:757 USB_QUIET_RFFE:757 VIRTUAL-USB-UI:1 VIRTUAL-USB-UI-SUB0:0 VSYS_PWR_RFFE:0 neutral_therm:38272 quiet_therm:36291 usb_pwr_therm:37048 
07-26 12:30:17.552 I/pixel-thermal( 2092): usb_pwr_therm:37.048 raw data: usb_pwr_therm:37048 
07-26 12:30:17.553 I/pixel-thermal( 2092): cam_therm:36.18 raw data: cam_therm:36180 
07-26 12:30:17.553 I/pixel-thermal( 2092): VIRTUAL-USB-THROTTLING:1 raw data: USB-MINUS-NEUTRAL:-1224 USB-MINUS-QUIET:757 USB_QUIET_RFFE:757 VIRTUAL-USB-THROTTLING:1 VIRTUAL-USB-THROTTLING-SUB0:0 usb_pwr_therm:37048 
07-26 12:30:18.446 I/AidlLazyServiceRegistrar(25306): Process has 0 (of 1 available) client(s) in use after notification artd has clients: 0
07-26 12:30:18.446 I/AidlLazyServiceRegistrar(25306): Trying to shut down the service. No clients in use for any service in process.
07-26 12:30:18.448 D/ImpulseConnection( 2612): timeout didn't happen: com.google.android.apps.turbo
07-26 12:30:18.448 I/AidlLazyServiceRegistrar(25306): Unregistered all clients and exiting
07-26 12:30:18.478 D/TemperatureStateSource( 2612): sequence=4981 actualDelay=10001
07-26 12:30:18.479 D/TemperatureStateSource( 2612): Reading temperature: sequence=4982
07-26 12:30:18.484 I/pixel-thermal( 2092): VIRTUAL-SKIN:36.4816 raw data: VIRTUAL-SKIN:36481.6 
07-26 12:30:18.492 D/TemperatureStateSource( 2612): getDeviceTemperatures: sequence=4982 deviceTemperatureType=3 temperatureSource=0 temperatures=[36.481644]
07-26 12:30:18.492 D/BusinessScope( 2612): Enqueuing the block
07-26 12:30:18.493 D/TemperatureStateSource( 2612): sequence=4982 waitTime=10000
07-26 12:30:18.493 D/BusinessScope( 2612): Start running the #11174 block
07-26 12:30:18.494 D/BusinessScope( 2612): Enqueuing the block
07-26 12:30:18.495 D/ImpulseStateSource( 2612): Notify clients: 5586
07-26 12:30:18.495 D/BusinessScope( 2612): Finish running the #11174 block
07-26 12:30:18.495 D/BusinessScope( 2612): Start running the #11175 block
07-26 12:30:18.496 D/BusinessScope( 2612): Finish running the #11175 block
07-26 12:30:20.351 I/pixel-thermal( 2092): quiet_therm:36.335 raw data: quiet_therm:36335 
07-26 12:30:22.216 W/pixelstats-vendor( 3392): Thread Pool max thread count is 0. Cannot cache binder as linkToDeath cannot be implemented. serviceName: android.frameworks.stats.IStats/default
07-26 12:30:22.261 D/DLObserver( 2433): onReceive(); android.intent.action.BATTERY_CHANGED
07-26 12:30:22.262 D/DLObserver( 2433): plugged=2
07-26 12:30:22.264 D/SystemEventDataSource( 2433): onReceive: intentAction
07-26 12:30:22.270 I/ReverseChargingControl( 2433): handleIntentForReverseCharging(): rtx=0 wlc=0 plgac=0 ac=0 acrtx=0 extra=2 this=com.google.android.systemui.reversecharging.ReverseChargingController@b824cf6
07-26 12:30:22.270 D/PowerNotificationWarningsGoogleImpl( 2433): onReceive: android.intent.action.BATTERY_CHANGED
07-26 12:30:22.271 D/PowerUI ( 2433): can't show warning due to - plugged: true status unknown: false
07-26 12:30:22.271 D/IncompatibleChargerNotification( 2433): dispatchIntent: android.intent.action.BATTERY_CHANGED
07-26 12:30:22.273 D/GoogleBatteryDataSource( 2433): fetchDwellDefendStatus: CONNECTED
07-26 12:30:22.275 D/GoogleBatteryDataSource( 2433): fetchTempDefendStatus: t_sum=0, time_sum=0 t_avg=0 lst_v=0 lst_t=0 lst_u=0, dt=34531, t=0 e=1
07-26 12:30:22.276 D/SystemEventDataSource( 2433): updatedEventData: SystemEventData(intentAction=android.intent.action.BATTERY_CHANGED, plugged=EventData(value=2), batteryScale=EventData(value=100), batteryLevel=EventData(value=70), chargingStatus=EventData(value=1), maxChargingCurrent=EventData(value=3000000), maxChargingVoltage=EventData(value=5000000), batteryStatus=EventData(value=2), halEventData=HalEventData(dockDefendStatus=EventData(value=-3), tempDefendEventData=EventData(value=false), dwellDefendEventData=EventData(value=false)), settingsEventData=SettingsEventData(dockDefenderBypass=EventData(value=0), chargingLimitSettings=EventData(value=0), dndState=EventData(value=false), airplaneState=EventData(value=false)), frameworkApiEventData=FrameworkApiEventData(batterySaverState=EventData(value=false), extremeBatterySaverState=EventData(value=false)))
07-26 12:30:22.276 D/SystemEventDataSource( 2433): extra doesn't changed, no need to onEventSourceUpdate
07-26 12:30:22.280 I/bluetooth( 2596): system/bta/dm/bta_dm_pm.cc:601 bta_dm_pm_set_mode: Device list count is zero
07-26 12:30:23.837 I/pixel-thermal( 2092): VIRTUAL-SKIN-CPU-LIGHT-ODPM:36.4618 raw data: VIRTUAL-SKIN:36461.8 VIRTUAL-SKIN-CPU-LIGHT-ODPM:36461.8 VIRTUAL-SKIN-SUB-0:35434.2 VIRTUAL-SKIN-SUB-1:35773.4 VIRTUAL-SKIN-SUB-2:35693.5 VIRTUAL-SKIN-SUB-3:36461.8 VIRTUAL-SKIN-SUB-4:34775.4 VIRTUAL-SKIN-SUB-5:34913.4 VIRTUAL-SKIN-SUB-6:35666.4 VIRTUAL-SKIN-SUB-7:35345.7 VIRTUAL-SKIN-SUB-8:35624.5 battery:36300 cam_therm:36068 charge_therm:40952 disp_therm:36001 neutral_therm:38250 north_therm:35868 quiet_therm:36269 soc_therm:37894 usb_pwr_therm:37048 
07-26 12:30:23.846 I/pixel-thermal( 2092): VIRTUAL-SKIN-CPU-LIGHT-ODPM power_budget=1815.28 err=2.53821 s_power=800 time_elapsed_ms=7015 p=1015.28 i=0 d=0 compensation=0 budget transient=0 control target=2
07-26 12:30:23.846 I/pixel-thermal( 2092): VIRTUAL-SKIN-CPU-LIGHT-ODPM binded power rails: (S4M_VDD_CPUCL0: 184.15 mW)(S2M_VDD_CPUCL2: 5.54 mW)(S3M_VDD_CPUCL1: 153.07 mW)
07-26 12:30:23.847 I/pixel-thermal( 2092): cellular-emergency:36.4618 raw data: VIRTUAL-SKIN:36461.8 cellular-emergency:36461.8 
07-26 12:30:23.847 I/pixel-thermal( 2092): VIRTUAL-SKIN-CPU-MID:36.4618 raw data: VIRTUAL-SKIN:36461.8 VIRTUAL-SKIN-CPU-MID:36461.8 
07-26 12:30:23.847 I/pixel-thermal( 2092): VIRTUAL-SKIN-HINT:36.4618 raw data: VIRTUAL-SKIN:36461.8 VIRTUAL-SKIN-HINT:36461.8 
07-26 12:30:23.848 I/pixel-thermal( 2092): VIRTUAL-SKIN-CPU-HIGH:36.4618 raw data: VIRTUAL-SKIN:36461.8 VIRTUAL-SKIN-CPU-HIGH:36461.8 
07-26 12:30:23.848 I/pixel-thermal( 2092): VIRTUAL-SKIN-SOC:36.4618 raw data: VIRTUAL-SKIN:36461.8 VIRTUAL-SKIN-SOC:36461.8 
07-26 12:30:23.848 I/pixel-thermal( 2092): VIRTUAL-SKIN-SOC power_budget=3361.46 err=8.53821 s_power=800 time_elapsed_ms=7015 p=2561.46 i=0 d=0 compensation=0 budget transient=0 control target=3
07-26 12:30:23.848 I/pixel-thermal( 2092): VIRTUAL-SKIN-SOC binded power rails: (S4M_VDD_CPUCL0: 184.15 mW)(S2M_VDD_CPUCL2: 5.54 mW)(S3M_VDD_CPUCL1: 153.07 mW)(S2S_VDD_G3D: 0.52 mW)(S7M_VDD_TPU: 0.00 mW)
07-26 12:30:23.849 I/pixel-thermal( 2092): VIRTUAL-SKIN:36.4618 raw data: VIRTUAL-SKIN:36461.8 
07-26 12:30:23.849 I/pixel-thermal( 2092): VIRTUAL-SKIN-GPU:36.4618 raw data: VIRTUAL-SKIN:36461.8 VIRTUAL-SKIN-GPU:36461.8 
07-26 12:30:23.851 I/pixel-thermal( 2092): VIRTUAL-SKIN-SPEAKER:33.6866 raw data: VIRTUAL-SKIN-SPEAKER:33686.6 VIRTUAL-SKIN-SPEAKER-SUB-0:32080.6 VIRTUAL-SKIN-SPEAKER-SUB-1:33686.6 VIRTUAL-SKIN-SPEAKER-SUB-2:33559.8 VIRTUAL-SKIN-SPEAKER-SUB-3:33412 battery:36300 cam_therm:36068 charge_therm:40952 disp_therm:36001 neutral_therm:38250 north_therm:35868 quiet_therm:36269 soc_therm:37894 usb_pwr_therm:37048 
07-26 12:30:23.853 I/pixel-thermal( 2092): VIRTUAL-SKIN-CHARGE-WIRED:36.2144 raw data: NO_WLC:1 VIRTUAL-SKIN-CHARGE:36214.4 VIRTUAL-SKIN-CHARGE-SUB-0:35755.3 VIRTUAL-SKIN-CHARGE-SUB-1:34901.4 VIRTUAL-SKIN-CHARGE-SUB-2:35737 VIRTUAL-SKIN-CHARGE-SUB-3:35901.9 VIRTUAL-SKIN-CHARGE-SUB-4:36214.4 VIRTUAL-SKIN-CHARGE-SUB-5:35800.4 VIRTUAL-SKIN-CHARGE-SUB-6:34511.4 VIRTUAL-SKIN-CHARGE-WIRED:36214.4 WLC_CHECK:1 battery:36300 cam_therm:36068 charge_therm:40952 disp_therm:36001 neutral_therm:38250 north_therm:35868 quiet_therm:36269 soc_therm:37894 thb_hda:54 usb_pwr_therm:37048 
07-26 12:30:23.853 I/pixel-thermal( 2092): VIRTUAL-SKIN-CHARGE-WIRED power_budget=3683.35 err=1.78562 s_power=2404 time_elapsed_ms=7015 p=180.347 i=1099 d=0 compensation=0 budget transient=0 control target=2
07-26 12:30:23.853 I/pixel-thermal( 2092): VIRTUAL-SKIN-CHARGE-WIRED power budget=3646.58 after (PARTIAL_SYSTEM_POWER: 367.70 mW, cdev_weight: 0.100000) is excluded
07-26 12:30:23.854 I/pixel-thermal( 2092): VIRTUAL-SKIN-CHARGE-WIRED binded power rails: (PARTIAL_SYSTEM_POWER: 367.70 mW, cdev_weight: 0.100000)
07-26 12:30:23.854 I/pixel-thermal( 2092): VIRTUAL-SKIN-CHARGE-PERSIST:36.2144 raw data: VIRTUAL-SKIN-CHARGE:36214.4 VIRTUAL-SKIN-CHARGE-PERSIST:36214.4 
07-26 12:30:23.854 I/pixel-thermal( 2092): VIRTUAL-SKIN-CHARGE-PERSIST power_budget=3916.84 err=4.78562 s_power=2066 time_elapsed_ms=7015 p=784.841 i=1066 d=0 compensation=0 budget transient=0 control target=2
07-26 12:30:23.854 I/pixel-thermal( 2092): VIRTUAL-SKIN-CHARGE-PERSIST power budget=3858.01 after (PARTIAL_SYSTEM_POWER: 367.70 mW, cdev_weight: 0.160000) is excluded
07-26 12:30:23.854 I/pixel-thermal( 2092): VIRTUAL-SKIN-CHARGE-PERSIST binded power rails: (PARTIAL_SYSTEM_POWER: 367.70 mW, cdev_weight: 0.160000)
07-26 12:30:24.569 I/pixel-thermal( 2092): disp_therm:36.001 raw data: disp_therm:36001 
07-26 12:30:24.577 I/pixel-thermal( 2092): VIRTUAL-USB-UI:1 raw data: USB-MINUS-NEUTRAL:-1202 USB-MINUS-QUIET:779 USB_QUIET_RFFE:779 VIRTUAL-USB-UI:1 VIRTUAL-USB-UI-SUB0:0 VSYS_PWR_RFFE:0 neutral_therm:38250 quiet_therm:36269 usb_pwr_therm:37048 
07-26 12:30:24.577 I/pixel-thermal( 2092): usb_pwr_therm:37.048 raw data: usb_pwr_therm:37048 
07-26 12:30:24.578 I/pixel-thermal( 2092): cam_therm:36.068 raw data: cam_therm:36068 
07-26 12:30:24.578 I/pixel-thermal( 2092): VIRTUAL-USB-THROTTLING:1 raw data: USB-MINUS-NEUTRAL:-1202 USB-MINUS-QUIET:779 USB_QUIET_RFFE:779 VIRTUAL-USB-THROTTLING:1 VIRTUAL-USB-THROTTLING-SUB0:0 usb_pwr_therm:37048 
07-26 12:30:25.456 D/ActivityManager( 1659): freezing 27927 com.google.android.youtube
07-26 12:30:25.475 D/ActivityManager( 1659): freezing 13295 com.whatsapp
07-26 12:30:25.482 D/ActivityManager( 1659): freezing 22241 org.thunderdog.challegram
07-26 12:30:25.493 D/InetDiagMessage( 1659): Destroyed 0 sockets, proto=IPPROTO_TCP, family=AF_INET, states=14
07-26 12:30:25.496 D/InetDiagMessage( 1659): Destroyed 0 sockets, proto=IPPROTO_TCP, family=AF_INET6, states=14
07-26 12:30:25.496 D/InetDiagMessage( 1659): Destroyed live tcp sockets for uids={10215} in 7ms
07-26 12:30:25.502 D/InetDiagMessage( 1659): Destroyed 0 sockets, proto=IPPROTO_TCP, family=AF_INET, states=14
07-26 12:30:25.507 D/InetDiagMessage( 1659): Destroyed 0 sockets, proto=IPPROTO_TCP, family=AF_INET6, states=14
07-26 12:30:25.507 D/InetDiagMessage( 1659): Destroyed live tcp sockets for uids={10278} in 9ms
07-26 12:30:25.512 D/InetDiagMessage( 1659): Destroyed 0 sockets, proto=IPPROTO_TCP, family=AF_INET, states=14
07-26 12:30:25.515 D/InetDiagMessage( 1659): Destroyed 1 sockets, proto=IPPROTO_TCP, family=AF_INET6, states=14
07-26 12:30:25.515 D/InetDiagMessage( 1659): Destroyed live tcp sockets for uids={10291} in 8ms
07-26 12:30:27.364 I/pixel-thermal( 2092): quiet_therm:36.269 raw data: quiet_therm:36269 
07-26 12:30:28.320 I/device_iot_config( 2596): system/device/src/device_iot_config_int.cc:194 device_iot_config_write: evt=1
07-26 12:30:28.496 D/TemperatureStateSource( 2612): sequence=4982 actualDelay=10003
07-26 12:30:28.497 D/TemperatureStateSource( 2612): Reading temperature: sequence=4983
07-26 12:30:28.513 I/pixel-thermal( 2092): VIRTUAL-SKIN:36.4618 raw data: VIRTUAL-SKIN:36461.8 VIRTUAL-SKIN-SUB-0:35434.2 VIRTUAL-SKIN-SUB-1:35773.4 VIRTUAL-SKIN-SUB-2:35693.5 VIRTUAL-SKIN-SUB-3:36461.8 VIRTUAL-SKIN-SUB-4:34775.4 VIRTUAL-SKIN-SUB-5:34913.4 VIRTUAL-SKIN-SUB-6:35666.4 VIRTUAL-SKIN-SUB-7:35345.7 VIRTUAL-SKIN-SUB-8:35624.5 battery:36300 cam_therm:36068 charge_therm:40952 disp_therm:36001 neutral_therm:38250 north_therm:35868 quiet_therm:36269 soc_therm:37894 usb_pwr_therm:37048 
07-26 12:30:28.515 D/TemperatureStateSource( 2612): getDeviceTemperatures: sequence=4983 deviceTemperatureType=3 temperatureSource=0 temperatures=[36.46179]
07-26 12:30:28.515 D/BusinessScope( 2612): Enqueuing the block
07-26 12:30:28.516 D/TemperatureStateSource( 2612): sequence=4983 waitTime=10000
07-26 12:30:28.516 D/BusinessScope( 2612): Start running the #11176 block
07-26 12:30:28.517 D/BusinessScope( 2612): Enqueuing the block
07-26 12:30:28.517 D/ImpulseStateSource( 2612): Notify clients: 5587
07-26 12:30:28.518 D/BusinessScope( 2612): Finish running the #11176 block
07-26 12:30:28.518 D/BusinessScope( 2612): Start running the #11177 block
07-26 12:30:28.519 D/BusinessScope( 2612): Finish running the #11177 block
07-26 12:30:30.852 I/pixel-thermal( 2092): VIRTUAL-SKIN-CPU-LIGHT-ODPM:36.4149 raw data: VIRTUAL-SKIN:36414.9 VIRTUAL-SKIN-CPU-LIGHT-ODPM:36414.9 VIRTUAL-SKIN-SUB-0:35387.2 VIRTUAL-SKIN-SUB-1:35738.6 VIRTUAL-SKIN-SUB-2:35679.1 VIRTUAL-SKIN-SUB-3:36414.9 VIRTUAL-SKIN-SUB-4:34751.7 VIRTUAL-SKIN-SUB-5:34899.9 VIRTUAL-SKIN-SUB-6:35603.4 VIRTUAL-SKIN-SUB-7:35332.9 VIRTUAL-SKIN-SUB-8:35615.2 battery:36300 cam_therm:36091 charge_therm:40883 disp_therm:36001 neutral_therm:38227 north_therm:35801 quiet_therm:36246 soc_therm:37760 usb_pwr_therm:37003 
07-26 12:30:30.860 I/pixel-thermal( 2092): VIRTUAL-SKIN-CPU-LIGHT-ODPM power_budget=1834.06 err=2.58514 s_power=800 time_elapsed_ms=7017 p=1034.06 i=0 d=0 compensation=0 budget transient=0 control target=2
07-26 12:30:30.861 I/pixel-thermal( 2092): VIRTUAL-SKIN-CPU-LIGHT-ODPM binded power rails: (S4M_VDD_CPUCL0: 55.68 mW)(S2M_VDD_CPUCL2: 0.90 mW)(S3M_VDD_CPUCL1: 0.70 mW)
07-26 12:30:30.861 I/pixel-thermal( 2092): cellular-emergency:36.4149 raw data: VIRTUAL-SKIN:36414.9 cellular-emergency:36414.9 
07-26 12:30:30.861 I/pixel-thermal( 2092): VIRTUAL-SKIN-CPU-MID:36.4149 raw data: VIRTUAL-SKIN:36414.9 VIRTUAL-SKIN-CPU-MID:36414.9 
07-26 12:30:30.862 I/pixel-thermal( 2092): VIRTUAL-SKIN-HINT:36.4149 raw data: VIRTUAL-SKIN:36414.9 VIRTUAL-SKIN-HINT:36414.9 
07-26 12:30:30.862 I/pixel-thermal( 2092): VIRTUAL-SKIN-CPU-HIGH:36.4149 raw data: VIRTUAL-SKIN:36414.9 VIRTUAL-SKIN-CPU-HIGH:36414.9 
07-26 12:30:30.862 I/pixel-thermal( 2092): VIRTUAL-SKIN-SOC:36.4149 raw data: VIRTUAL-SKIN:36414.9 VIRTUAL-SKIN-SOC:36414.9 
07-26 12:30:30.862 I/pixel-thermal( 2092): VIRTUAL-SKIN-SOC power_budget=3375.54 err=8.58514 s_power=800 time_elapsed_ms=7017 p=2575.54 i=0 d=0 compensation=0 budget transient=0 control target=3
07-26 12:30:30.863 I/pixel-thermal( 2092): VIRTUAL-SKIN-SOC binded power rails: (S4M_VDD_CPUCL0: 55.68 mW)(S2M_VDD_CPUCL2: 0.90 mW)(S3M_VDD_CPUCL1: 0.70 mW)(S2S_VDD_G3D: 0.45 mW)(S7M_VDD_TPU: 0.00 mW)
07-26 12:30:30.863 I/pixel-thermal( 2092): VIRTUAL-SKIN:36.4149 raw data: VIRTUAL-SKIN:36414.9 
07-26 12:30:30.863 I/pixel-thermal( 2092): VIRTUAL-SKIN-GPU:36.4149 raw data: VIRTUAL-SKIN:36414.9 VIRTUAL-SKIN-GPU:36414.9 
07-26 12:30:30.864 I/pixel-thermal( 2092): VIRTUAL-SKIN-SPEAKER:33.6652 raw data: VIRTUAL-SKIN-SPEAKER:33665.2 VIRTUAL-SKIN-SPEAKER-SUB-0:32068.6 VIRTUAL-SKIN-SPEAKER-SUB-1:33665.2 VIRTUAL-SKIN-SPEAKER-SUB-2:33545 VIRTUAL-SKIN-SPEAKER-SUB-3:33397.8 battery:36300 cam_therm:36091 charge_therm:40883 disp_therm:36001 neutral_therm:38227 north_therm:35801 quiet_therm:36246 soc_therm:37760 usb_pwr_therm:37003 
07-26 12:30:30.867 I/pixel-thermal( 2092): VIRTUAL-SKIN-CHARGE-WIRED:36.1971 raw data: NO_WLC:1 VIRTUAL-SKIN-CHARGE:36197.1 VIRTUAL-SKIN-CHARGE-SUB-0:35708 VIRTUAL-SKIN-CHARGE-SUB-1:34858.3 VIRTUAL-SKIN-CHARGE-SUB-2:35711.9 VIRTUAL-SKIN-CHARGE-SUB-3:35879.4 VIRTUAL-SKIN-CHARGE-SUB-4:36197.1 VIRTUAL-SKIN-CHARGE-SUB-5:35750.8 VIRTUAL-SKIN-CHARGE-SUB-6:34460.7 VIRTUAL-SKIN-CHARGE-WIRED:36197.1 WLC_CHECK:1 battery:36300 cam_therm:36091 charge_therm:40883 disp_therm:36001 neutral_therm:38227 north_therm:35801 quiet_therm:36246 soc_therm:37760 thb_hda:54 usb_pwr_therm:37003 
07-26 12:30:30.867 I/pixel-thermal( 2092): VIRTUAL-SKIN-CHARGE-WIRED power_budget=3685.09 err=1.80292 s_power=2404 time_elapsed_ms=7017 p=182.095 i=1099 d=0 compensation=0 budget transient=0 control target=2
07-26 12:30:30.867 I/pixel-thermal( 2092): VIRTUAL-SKIN-CHARGE-WIRED power budget=3648.73 after (PARTIAL_SYSTEM_POWER: 363.68 mW, cdev_weight: 0.100000) is excluded
07-26 12:30:30.867 I/pixel-thermal( 2092): VIRTUAL-SKIN-CHARGE-WIRED binded power rails: (PARTIAL_SYSTEM_POWER: 363.68 mW, cdev_weight: 0.100000)
07-26 12:30:30.868 I/pixel-thermal( 2092): VIRTUAL-SKIN-CHARGE-PERSIST:36.1971 raw data: VIRTUAL-SKIN-CHARGE:36197.1 VIRTUAL-SKIN-CHARGE-PERSIST:36197.1 
07-26 12:30:30.868 I/pixel-thermal( 2092): VIRTUAL-SKIN-CHARGE-PERSIST power_budget=3919.68 err=4.80292 s_power=2066 time_elapsed_ms=7017 p=787.679 i=1066 d=0 compensation=0 budget transient=0 control target=2
07-26 12:30:30.868 I/pixel-thermal( 2092): VIRTUAL-SKIN-CHARGE-PERSIST power budget=3861.49 after (PARTIAL_SYSTEM_POWER: 363.68 mW, cdev_weight: 0.160000) is excluded
07-26 12:30:30.868 I/pixel-thermal( 2092): VIRTUAL-SKIN-CHARGE-PERSIST binded power rails: (PARTIAL_SYSTEM_POWER: 363.68 mW, cdev_weight: 0.160000)
07-26 12:30:31.077 I/BugleRcsEngine( 4170): getConfigServerUrl without simId [CONTEXT log_prefix="ProvisioningServerUtil" thread_id=111 ]
07-26 12:30:31.121 D/ActivityManager( 1659): sync unfroze 4887 com.google.android.apps.messaging for 7
07-26 12:30:31.123 W/ProcessStats( 1659): Tracking association SourceState{da39118 com.google.android.apps.messaging:rcs/10160 BFgs #158029} whose proc state 4 is better than process ProcessState{7563de9 com.google.android.apps.messaging/10160 pkg=com.google.android.apps.messaging} proc state 15 (94 skipped)
07-26 12:30:31.126 D/BackgroundInstallControlService( 1659): Package event received: 0
07-26 12:30:31.265 I/AiAiStatsd( 4126): (REDACTED) Usage metrics: %d features enabled, %d features used for date %s.
07-26 12:30:31.265 I/AiAiStatsd( 4126): (REDACTED) AiAi is used for the day (%s): %s, the week: %s
07-26 12:30:31.272 I/AiAiStatsd( 4126): (REDACTED) Uploading atoms for date: %s.
07-26 12:30:31.282 I/AiAiStatsd( 4126): (REDACTED) Total days uploaded: %d days.
07-26 12:30:31.296 I/Bugle   ( 4887): BroadcastReceiverAsyncWorkTracker: Acknowledging broadcast of cusf@dfba9e1
07-26 12:30:31.330 I/ForwardSyncCache( 4887): reclaimMemory: Clearing caches
07-26 12:30:31.353 I/BugleRcsEngine( 4170): Using config server URL from dhww [CONTEXT log_prefix="ProvisioningServerUtil" thread_id=111 ]
07-26 12:30:31.360 W/Bugle   ( 4887): TextClassifierLibManagerImpl: Reclaiming memory at level: 40
07-26 12:30:31.363 I/ForwardSyncCache( 4887): reclaimMemory: Clearing caches
07-26 12:30:31.365 W/Bugle   ( 4887): TextClassifierLibManagerImpl: Reclaiming memory at level: 40
07-26 12:30:31.366 I/ForwardSyncCache( 4887): reclaimMemory: Clearing caches
07-26 12:30:31.369 W/Bugle   ( 4887): TextClassifierLibManagerImpl: Reclaiming memory at level: 40
07-26 12:30:31.420 I/bctd    ( 4147): (REDACTED) getHotwordActive::active query: %s, watch: %s, devices connected: %s
07-26 12:30:31.596 I/pixel-thermal( 2092): disp_therm:36.001 raw data: disp_therm:36001 
07-26 12:30:31.605 I/pixel-thermal( 2092): VIRTUAL-USB-UI:1 raw data: USB-MINUS-NEUTRAL:-1224 USB-MINUS-QUIET:757 USB_QUIET_RFFE:757 VIRTUAL-USB-UI:1 VIRTUAL-USB-UI-SUB0:0 VSYS_PWR_RFFE:0 neutral_therm:38227 quiet_therm:36246 usb_pwr_therm:37003 
07-26 12:30:31.606 I/pixel-thermal( 2092): usb_pwr_therm:37.003 raw data: usb_pwr_therm:37003 
07-26 12:30:31.606 I/pixel-thermal( 2092): cam_therm:36.091 raw data: cam_therm:36091 
07-26 12:30:31.607 I/pixel-thermal( 2092): VIRTUAL-USB-THROTTLING:1 raw data: USB-MINUS-NEUTRAL:-1224 USB-MINUS-QUIET:757 USB_QUIET_RFFE:757 VIRTUAL-USB-THROTTLING:1 VIRTUAL-USB-THROTTLING-SUB0:0 usb_pwr_therm:37003 
