07-26 12:30:15.392 I/bt_btif_dm( 2596): system/btif/src/btif_dm.cc:852 btif_dm_get_connection_state: Acl is not connected to peer:xx:xx:xx:xx:4d:19
07-26 12:30:15.393 I/bt_btif_dm( 2596): system/btif/src/btif_dm.cc:852 btif_dm_get_connection_state: Acl is not connected to peer:xx:xx:xx:xx:1a:18
07-26 12:30:15.394 I/bt_btif_dm( 2596): system/btif/src/btif_dm.cc:852 btif_dm_get_connection_state: Acl is not connected to peer:xx:xx:xx:xx:c4:de
07-26 12:30:15.394 I/bt_btif_dm( 2596): system/btif/src/btif_dm.cc:852 btif_dm_get_connection_state: Acl is not connected to peer:xx:xx:xx:xx:a7:9d
07-26 12:30:15.395 I/bt_btif_dm( 2596): system/btif/src/btif_dm.cc:852 btif_dm_get_connection_state: Acl is not connected to peer:xx:xx:xx:xx:80:09
07-26 12:30:15.400 I/bntz    ( 4147): (REDACTED) #onAudioDevicesRemoved count: %s
07-26 12:30:15.400 I/AS.AudioDeviceBroker( 1659): broadcast ACTION_AUDIO_BECOMING_NOISY
07-26 12:30:15.401 I/bntt    ( 4147): (REDACTED) #isBluetoothOrWiredHeadsetConnected Number of connected audio devices: %s
07-26 12:30:15.401 I/bntt    ( 4147): (REDACTED) Headset device detected of type: %s
07-26 12:30:15.405 D/ActivityManager( 1659): sync unfroze 27927 com.google.android.youtube for 3
07-26 12:30:15.408 D/ActivityManager( 1659): sync unfroze 13295 com.whatsapp for 3
07-26 12:30:15.410 D/ActivityManager( 1659): sync unfroze 22241 org.thunderdog.challegram for 3
07-26 12:30:15.417 W/YTPL.audiomanager(27927): AudioFocus Noisy
07-26 12:30:15.419 W/YTPL.audiomanager(27927): shouldResumeOnAudioFocusGain=false
07-26 12:30:15.419 W/YTPL.audiomanager(27927): shouldResumeOnWindowFocusGain=false
07-26 12:30:15.419 W/YTPL.audiomanager(27927): lostAudioFocusFromTransientCanDuck=false
07-26 12:30:15.429 I/ezjb    ( 4147): (REDACTED) #audio# BT-device(%s) is disconnected
07-26 12:30:15.436 I/ezjb    ( 4147): (REDACTED) #audio# observed BT-devices connection changes, # of available devices(%s)
07-26 12:30:15.437 I/bmjr    ( 4147): #onBluetoothAudioInputDevicesChanged
07-26 12:30:15.438 I/bmif    ( 4147): (REDACTED) starting updateConfig, reason: %s
07-26 12:30:15.440 I/bmtk    ( 4147): #getEarcons
07-26 12:30:15.440 I/bntt    ( 4147): (REDACTED) #isBluetoothOrWiredHeadsetConnected Number of connected audio devices: %s
07-26 12:30:15.440 I/bntt    ( 4147): (REDACTED) Headset device detected of type: %s
07-26 12:30:15.440 I/bmtk    ( 4147): #getEarcons - Adding headset MicOpened earcon.
07-26 12:30:15.443 I/GH.WifiBluetoothRcvr(20501): Connection action: android.bluetooth.a2dp.profile.action.CONNECTION_STATE_CHANGED, device XX:XX:XX:XX:F2:E3
07-26 12:30:15.446 I/bluetooth( 2596): system/gd/hci/acl_manager/round_robin_scheduler.cc:74 Unregister: unregistering acl_queue handle=11, sent_packets=0
07-26 12:30:15.446 W/BluetoothMetrics( 2596): system/gd/os/android/metrics.cc:465 LogMetricBluetoothEvent: Failed BluetoothEvent Upload - Address is Empty
07-26 12:30:15.446 I/bqha    ( 4147): (REDACTED) #isRobinOnlyLocale checkedLocale:%s language:%s list:%s
07-26 12:30:15.448 I/smedia  ( 5315): SMediaNodeHelper.aliveConnection(): No connected node.
07-26 12:30:15.460 I/bunm    ( 4147): #getOobeStatus: OptedIn [CONTEXT ratelimit_period="10 SECONDS" skipped=9 ]
07-26 12:30:15.462 I/bmuh    ( 4147): (REDACTED) FCF System FeatureName to check: %s
07-26 12:30:15.462 I/bmuh    ( 4147): (REDACTED) FCF: Device model check status : %s
07-26 12:30:15.463 I/bnbj    ( 4147): #isGeminiDefaultSystemFeatureEnabled: false
07-26 12:30:15.463 I/bmqa    ( 4147): openMicEarlyInInteractorProcess is enabled. Mic is not suppressed even when delegation is disabled.
07-26 12:30:15.463 I/bmqa    ( 4147): openMicEarlyInInteractorProcess is enabled. Mic is not suppressed even when delegation is disabled.
07-26 12:30:15.463 I/bmqa    ( 4147): openMicEarlyInInteractorProcess is enabled. Mic is not suppressed even when delegation is disabled.
07-26 12:30:15.464 I/bmqa    ( 4147): openMicEarlyInInteractorProcess is enabled. Mic is not suppressed even when delegation is disabled.
07-26 12:30:15.464 I/bmqa    ( 4147): openMicEarlyInInteractorProcess is enabled. Mic is not suppressed even when delegation is disabled.
07-26 12:30:15.464 I/bmqa    ( 4147): openMicEarlyInInteractorProcess is enabled. Mic is not suppressed even when delegation is disabled.
07-26 12:30:15.464 I/bmqa    ( 4147): openMicEarlyInInteractorProcess is enabled. Mic is not suppressed even when delegation is disabled.
07-26 12:30:15.464 I/bmqa    ( 4147): openMicEarlyInInteractorProcess is enabled. Mic is not suppressed even when delegation is disabled.
07-26 12:30:15.464 I/bmqa    ( 4147): openMicEarlyInInteractorProcess is enabled. Mic is not suppressed even when delegation is disabled.
07-26 12:30:15.464 I/bmqa    ( 4147): openMicEarlyInInteractorProcess is enabled. Mic is not suppressed even when delegation is disabled.
07-26 12:30:15.464 I/bmqa    ( 4147): openMicEarlyInInteractorProcess is enabled. Mic is not suppressed even when delegation is disabled.
07-26 12:30:15.464 I/bmqa    ( 4147): openMicEarlyInInteractorProcess is enabled. Mic is not suppressed even when delegation is disabled.
07-26 12:30:15.464 I/bmqa    ( 4147): openMicEarlyInInteractorProcess is enabled. Mic is not suppressed even when delegation is disabled.
07-26 12:30:15.465 I/bmqa    ( 4147): openMicEarlyInInteractorProcess is enabled. Mic is not suppressed even when delegation is disabled.
07-26 12:30:15.471 I/bmzm    ( 4147): Robin is eligible and opted-in
07-26 12:30:15.471 I/bmzm    ( 4147): (REDACTED) Headphone Integration status: %s
07-26 12:30:15.472 I/bmqa    ( 4147): openMicEarlyInInteractorProcess is enabled. Mic is not suppressed even when delegation is disabled.
07-26 12:30:15.472 I/bmqa    ( 4147): openMicEarlyInInteractorProcess is enabled. Mic is not suppressed even when delegation is disabled.
07-26 12:30:15.472 I/bmqa    ( 4147): openMicEarlyInInteractorProcess is enabled. Mic is not suppressed even when delegation is disabled.
07-26 12:30:15.472 I/bmqa    ( 4147): openMicEarlyInInteractorProcess is enabled. Mic is not suppressed even when delegation is disabled.
07-26 12:30:15.472 I/bmqa    ( 4147): openMicEarlyInInteractorProcess is enabled. Mic is not suppressed even when delegation is disabled.
07-26 12:30:15.472 I/bmqa    ( 4147): openMicEarlyInInteractorProcess is enabled. Mic is not suppressed even when delegation is disabled.
07-26 12:30:15.474 I/eowa    ( 4147): (REDACTED) isAppDefaultAssistant setting: %s
07-26 12:30:15.475 I/eowa    ( 4147): (REDACTED) isAppDefaultAssistant defaultComponentName: %s
07-26 12:30:15.475 I/btsg    ( 4147): (REDACTED) DelegationStatus: %s
07-26 12:30:15.476 I/bmqi    ( 4147): (REDACTED) Populated bump behaviors: %s
07-26 12:30:15.476 I/bmqp    ( 4147): (REDACTED) Client type %s set for %s
07-26 12:30:15.476 I/bmqp    ( 4147): (REDACTED) Client type %s set for %s
07-26 12:30:15.476 I/bmqp    ( 4147): (REDACTED) Client type %s set for %s
07-26 12:30:15.478 I/bqha    ( 4147): (REDACTED) #isRobinOnlyLocale checkedLocale:%s language:%s list:%s
07-26 12:30:15.478 I/bmuh    ( 4147): (REDACTED) FCF System FeatureName to check: %s
07-26 12:30:15.478 I/bmuh    ( 4147): (REDACTED) FCF: Device model check status : %s
07-26 12:30:15.480 I/bnae    ( 4147): (REDACTED) #evaluate: isEnabled = %s failure reasons: %s
07-26 12:30:15.480 I/bmha    ( 4147): (REDACTED) #initialConfig Current Locale set to: %s
07-26 12:30:15.480 I/bmha    ( 4147): (REDACTED) #initialConfig Assistant is currently enabled: %s
07-26 12:30:15.480 I/bmha    ( 4147): (REDACTED) #initialConfig InputModality is currently: %s
07-26 12:30:15.480 I/bmha    ( 4147): (REDACTED) #initialConfig Speed Bump entry points: %s
07-26 12:30:15.480 I/bmha    ( 4147): (REDACTED) #initialConfig Long Press Power Education entrypoints: %s
07-26 12:30:15.481 I/bmha    ( 4147): (REDACTED) #initialConfig Robin entrypoints: %s
07-26 12:30:15.481 I/bmha    ( 4147): (REDACTED) #initialConfig Preferred audio route type: %s
07-26 12:30:15.481 I/bmha    ( 4147): (REDACTED) #initialConfig Earcons to be added: %s
07-26 12:30:15.481 I/bmha    ( 4147): (REDACTED) #initialConfig Mic occupied behavior: %s
07-26 12:30:15.481 I/bmha    ( 4147): (REDACTED) #initialConfig Headphone voice queries and spoken notifications status: %s
07-26 12:30:15.483 I/eowa    ( 4147): (REDACTED) isAppDefaultAssistant setting: %s
07-26 12:30:15.483 I/eowa    ( 4147): (REDACTED) isAppDefaultAssistant defaultComponentName: %s
07-26 12:30:15.483 I/btsg    ( 4147): (REDACTED) DelegationStatus: %s
07-26 12:30:15.490 I/GH.WifiBluetoothRcvr(20501): Wireless projection is available on this phone.
07-26 12:30:15.497 I/GH.WifiBluetoothRcvr(20501): Processing connection state change for XX:XX:XX:XX:F2:E3. Action android.bluetooth.a2dp.profile.action.CONNECTION_STATE_CHANGED has state 3
07-26 12:30:15.504 D/ActivityManager( 1659): sync unfroze 16722 com.google.android.gms for 6
07-26 12:30:15.505 D/BackgroundInstallControlService( 1659): Package event received: 0
07-26 12:30:15.510 D/ActivityManager( 1659): sync unfroze 30079 com.google.android.googlequicksearchbox:googleapp for 6
07-26 12:30:15.512 D/BackgroundInstallControlService( 1659): Package event received: 0
07-26 12:30:15.515 D/ActivityManager( 1659): sync unfroze 12836 com.google.android.googlequicksearchbox:search for 6
07-26 12:30:15.521 D/BackgroundInstallControlService( 1659): Package event received: 0
07-26 12:30:15.521 D/ActivityManager( 1659): sync unfroze 1694 com.android.vending for 6
07-26 12:30:15.522 D/BackgroundInstallControlService( 1659): Package event received: 0
07-26 12:30:15.523 D/ActivityManager( 1659): sync unfroze 17112 com.google.android.webview:sandboxed_process0:org.chromium.content.app.SandboxedProcessService0:0 for 6
07-26 12:30:15.524 D/BackgroundInstallControlService( 1659): Package event received: 0
07-26 12:30:15.528 D/CachedBluetoothDevice( 2433): onProfileStateChanged: profile A2DP, device XX:XX:XX:XX:F2:E3, newProfileState 3
07-26 12:30:15.528 D/BluetoothAdapter( 2433): getActiveDevices(A2DP)
07-26 12:30:15.534 I/A       ( 4147): (REDACTED) HeadsetState: onReceive=%s
07-26 12:30:15.535 I/NearbyDiscovery( 2893): (REDACTED) onProfileConnectionStateChange: action=%s, prevState=%s, state=%s, %s
07-26 12:30:15.536 D/PowerNotificationWarningsGoogleImpl( 2433): onReceive: android.bluetooth.a2dp.profile.action.CONNECTION_STATE_CHANGED
07-26 12:30:15.536 D/IncompatibleChargerNotification( 2433): dispatchIntent: android.bluetooth.a2dp.profile.action.CONNECTION_STATE_CHANGED
07-26 12:30:15.540 W/APM::HwModule( 1327): getDeviceDescriptor: could not find HW module for device  (AUDIO_DEVICE_OUT_WIRED_HEADSET, 00000004) address 
07-26 12:30:15.541 W/APM::HwModule( 1327): getDeviceDescriptor: could not find HW module for device  (AUDIO_DEVICE_OUT_WIRED_HEADPHONE, 00000008) address 
07-26 12:30:15.542 I/geox    (12836): (REDACTED) Created gRPC endpoint for service %s
07-26 12:30:15.543 I/headsetCtxPrv( 4147): wired -- returning false
07-26 12:30:15.543 I/GH.WifiBluetoothRcvr(20501): Connection action: android.bluetooth.headset.profile.action.CONNECTION_STATE_CHANGED, device XX:XX:XX:XX:F2:E3
07-26 12:30:15.544 I/GH.WifiBluetoothRcvr(20501): Wireless projection is available on this phone.
07-26 12:30:15.546 I/GH.WifiBluetoothRcvr(20501): Processing connection state change for XX:XX:XX:XX:F2:E3. Action android.bluetooth.headset.profile.action.CONNECTION_STATE_CHANGED has state 3
07-26 12:30:15.554 W/ProcessStats( 1659): Tracking association SourceState{7eaf3f9 com.google.android.gms/10175 BFgs #157940} whose proc state 4 is better than process ProcessState{a21fc68 com.google.android.webview:sandboxed_process0:org.chromium.content.app.SandboxedProcessService0:0/10175 pkg=com.google.android.gms} proc state 14 (1 skipped)
07-26 12:30:15.555 I/headsetCtxPrv( 4147): (REDACTED) A2DP profile connection state changed, State:[%s] Device:[%s]
07-26 12:30:15.558 W/pixelstats-vendor( 3392): Thread Pool max thread count is 0. Cannot cache binder as linkToDeath cannot be implemented. serviceName: android.frameworks.stats.IStats/default
07-26 12:30:15.558 D/PowerNotificationWarningsGoogleImpl( 2433): onReceive: android.bluetooth.headset.profile.action.CONNECTION_STATE_CHANGED
07-26 12:30:15.558 D/IncompatibleChargerNotification( 2433): dispatchIntent: android.bluetooth.headset.profile.action.CONNECTION_STATE_CHANGED
07-26 12:30:15.560 I/GH.WifiBluetoothRcvr(20501): Connection action: android.bluetooth.a2dp.profile.action.CONNECTION_STATE_CHANGED, device XX:XX:XX:XX:F2:E3
07-26 12:30:15.560 I/GH.WifiBluetoothRcvr(20501): Wireless projection is available on this phone.
07-26 12:30:15.561 I/NearbyDiscovery( 2893): (REDACTED) onProfileConnectionStateChange: action=%s, prevState=%s, state=%s, %s
07-26 12:30:15.561 I/GH.WifiBluetoothRcvr(20501): Processing connection state change for XX:XX:XX:XX:F2:E3. Action android.bluetooth.a2dp.profile.action.CONNECTION_STATE_CHANGED has state 0
07-26 12:30:15.562 I/headsetCtxPrv( 4147): (REDACTED) is headset profile connected? %s check_enabled? %b
07-26 12:30:15.566 I/headsetCtxPrv( 4147): (REDACTED) is a2dp profile connected? %s
07-26 12:30:15.569 I/headsetCtxPrv( 4147): (REDACTED) A2DP device disconnected, profiles connected: headset:%b a2dp:%b
07-26 12:30:15.570 I/headsetCtxPrv( 4147): A2DP disconnected and headset profile disconnected
07-26 12:30:15.577 I/GH.WifiBluetoothRcvr(20501): Connection action: android.bluetooth.headset.profile.action.CONNECTION_STATE_CHANGED, device XX:XX:XX:XX:F2:E3
07-26 12:30:15.581 I/GH.WifiBluetoothRcvr(20501): Wireless projection is available on this phone.
07-26 12:30:15.581 I/Nearby  ( 2893): (REDACTED) is blocked device type %s, isAuto=%s, isIot=%s, isLatchsky=%s, isChinaWearable=%s, isTv=%s, isWearable=%s (supportWearOs=%s), isChromeOsDevice=%s (supportChromeOs=%s)
07-26 12:30:15.584 I/GH.WifiBluetoothRcvr(20501): Processing connection state change for XX:XX:XX:XX:F2:E3. Action android.bluetooth.headset.profile.action.CONNECTION_STATE_CHANGED has state 0
07-26 12:30:15.586 I/ryj     ( 4147): (REDACTED) refreshAndGetAlias(Name: %s, Alias: %s
07-26 12:30:15.592 I/Nearby  ( 2893): (REDACTED) is blocked device type %s, isAuto=%s, isIot=%s, isLatchsky=%s, isChinaWearable=%s, isTv=%s, isWearable=%s (supportWearOs=%s), isChromeOsDevice=%s (supportChromeOs=%s)
07-26 12:30:15.592 I/bbwi    ( 4147): onReceive
07-26 12:30:15.597 I/ryj     ( 4147): (REDACTED) #device name: %s alias: %s class: %d major: %d
07-26 12:30:15.598 I/A       ( 4147): (REDACTED) HeadsetState: Got state %s
07-26 12:30:15.599 I/NearbyDiscovery( 2893): (REDACTED) DiscoveryService onStartCommand action: %s
07-26 12:30:15.600 I/NearbyDiscovery( 2893): (REDACTED) onProfileConnectionStateChange: action=%s, prevState=%s, state=%s, %s
07-26 12:30:15.602 D/PowerNotificationWarningsGoogleImpl( 2433): onReceive: android.bluetooth.a2dp.profile.action.CONNECTION_STATE_CHANGED
07-26 12:30:15.602 D/IncompatibleChargerNotification( 2433): dispatchIntent: android.bluetooth.a2dp.profile.action.CONNECTION_STATE_CHANGED
07-26 12:30:15.605 I/AmbBrdcstRcvrServClient( 4147): (REDACTED) onTrigger(): %s
07-26 12:30:15.606 I/bbtz    ( 4147): (REDACTED) isGrpcDeviceIntent: %s
07-26 12:30:15.606 I/NearbyDiscovery( 2893): (REDACTED) onProfileConnectionStateChange: action=%s, prevState=%s, state=%s, %s
07-26 12:30:15.606 I/bbtz    ( 4147): (REDACTED) isAgsaUpgradedIntent: %s
07-26 12:30:15.606 W/bdic    ( 4147): (REDACTED) Wrong intent action: %s
07-26 12:30:15.608 I/bmxc    (12836): (REDACTED) #FCF: Managed profile check status : %s
07-26 12:30:15.608 I/bnbo    (12836): Robin eligibility: Device is eligible.
07-26 12:30:15.611 I/bviq    (12836): (REDACTED) #TRIGGER_TYPE type is: %s
07-26 12:30:15.611 I/bviq    (12836): (REDACTED) #TRIGGER_TYPE islockscreen is: %s
07-26 12:30:15.612 I/BrdcstRcvrMsgr( 4147): (REDACTED) sendMessage(): received broadcast id:%d with action:%s
07-26 12:30:15.614 I/A       ( 4147): (REDACTED) HeadsetState: onReceive=%s
07-26 12:30:15.615 W/APM::HwModule( 1327): getDeviceDescriptor: could not find HW module for device  (AUDIO_DEVICE_OUT_WIRED_HEADSET, 00000004) address 
07-26 12:30:15.615 I/bmuh    (12836): (REDACTED) FCF System FeatureName to check: %s
07-26 12:30:15.616 I/bmuh    (12836): (REDACTED) FCF: Device model check status : %s
07-26 12:30:15.616 W/APM::HwModule( 1327): getDeviceDescriptor: could not find HW module for device  (AUDIO_DEVICE_OUT_WIRED_HEADPHONE, 00000008) address 
07-26 12:30:15.616 I/bnbj    (12836): #isGeminiDefaultSystemFeatureEnabled: false
07-26 12:30:15.616 I/headsetCtxPrv( 4147): wired -- returning false
07-26 12:30:15.618 I/NearbyDiscovery( 2893): (REDACTED) FastPairController: DeviceStateManager: removeProfile: %s, action=%s
07-26 12:30:15.619 I/NearbyDiscovery( 2893): (REDACTED) FastPairController: destroyEventStreamIfNeeded: %s, type=%s
07-26 12:30:15.619 I/bmuh    (12836): (REDACTED) FCF System FeatureName to check: %s
07-26 12:30:15.619 I/bmuh    (12836): (REDACTED) FCF: Device model check status : %s
07-26 12:30:15.619 I/bnbj    (12836): #isGeminiDefaultSystemFeatureEnabled: false
07-26 12:30:15.620 I/bqfh    (12836): Manufacturer not matched [CONTEXT ratelimit_period="10 SECONDS" skipped=1 ]
07-26 12:30:15.620 I/bqfh    (12836): Device not matched [CONTEXT ratelimit_period="10 SECONDS" skipped=1 ]
07-26 12:30:15.622 I/bnbc    (12836): (REDACTED) %s was not found: %s
07-26 12:30:15.623 D/PowerNotificationWarningsGoogleImpl( 2433): onReceive: android.bluetooth.adapter.action.CONNECTION_STATE_CHANGED
07-26 12:30:15.623 D/IncompatibleChargerNotification( 2433): dispatchIntent: android.bluetooth.adapter.action.CONNECTION_STATE_CHANGED
07-26 12:30:15.623 D/PowerNotificationWarningsGoogleImpl( 2433): onReceive: android.bluetooth.device.action.BATTERY_LEVEL_CHANGED
07-26 12:30:15.623 D/IncompatibleChargerNotification( 2433): dispatchIntent: android.bluetooth.device.action.BATTERY_LEVEL_CHANGED
07-26 12:30:15.623 D/PowerNotificationWarningsGoogleImpl( 2433): onReceive: android.bluetooth.headset.profile.action.CONNECTION_STATE_CHANGED
07-26 12:30:15.623 D/IncompatibleChargerNotification( 2433): dispatchIntent: android.bluetooth.headset.profile.action.CONNECTION_STATE_CHANGED
07-26 12:30:15.624 D/PowerNotificationWarningsGoogleImpl( 2433): onReceive: android.bluetooth.adapter.action.CONNECTION_STATE_CHANGED
07-26 12:30:15.624 D/IncompatibleChargerNotification( 2433): dispatchIntent: android.bluetooth.adapter.action.CONNECTION_STATE_CHANGED
07-26 12:30:15.626 I/headsetCtxPrv( 4147): (REDACTED) A2DP profile connection state changed, State:[%s] Device:[%s]
07-26 12:30:15.627 I/headsetCtxPrv( 4147): (REDACTED) is headset profile connected? %s check_enabled? %b
07-26 12:30:15.629 I/headsetCtxPrv( 4147): (REDACTED) is a2dp profile connected? %s
07-26 12:30:15.629 I/headsetCtxPrv( 4147): (REDACTED) A2DP device disconnected, profiles connected: headset:%b a2dp:%b
07-26 12:30:15.629 I/headsetCtxPrv( 4147): A2DP disconnected and headset profile disconnected
07-26 12:30:15.634 I/bshq    (12836): (REDACTED) Provider package not found: %s
07-26 12:30:15.634 I/brwu    (12836): ClockLookupExecutor is not enabled.
07-26 12:30:15.635 I/bshq    (12836): (REDACTED) Provider package %s enabled: %s
07-26 12:30:15.635 I/bshq    (12836): (REDACTED) Provider package %s enabled: %s
07-26 12:30:15.635 I/eowa    (12836): (REDACTED) isAppDefaultAssistant setting: %s
07-26 12:30:15.635 I/eowa    (12836): (REDACTED) isAppDefaultAssistant defaultComponentName: %s
07-26 12:30:15.637 I/bbwi    ( 4147): onReceive
07-26 12:30:15.639 I/eowa    (12836): (REDACTED) isAppDefaultAssistant setting: %s
07-26 12:30:15.639 I/eowa    (12836): (REDACTED) isAppDefaultAssistant defaultComponentName: %s
07-26 12:30:15.639 I/A       (12836): Calling beginBinderSession().
07-26 12:30:15.639 I/bshq    (12836): (REDACTED) Provider package %s enabled: %s
07-26 12:30:15.640 I/bshq    (12836): (REDACTED) Provider package %s enabled: %s
07-26 12:30:15.640 I/bshq    (12836): (REDACTED) Provider package %s enabled: %s
07-26 12:30:15.640 I/bshq    (12836): (REDACTED) Provider package %s enabled: %s
07-26 12:30:15.641 I/eowa    (12836): (REDACTED) isAppDefaultAssistant setting: %s
07-26 12:30:15.642 I/eowa    (12836): (REDACTED) isAppDefaultAssistant defaultComponentName: %s
07-26 12:30:15.642 I/bshq    (12836): (REDACTED) Provider package %s enabled: %s
07-26 12:30:15.643 I/eowa    (12836): (REDACTED) isAppDefaultAssistant setting: %s
07-26 12:30:15.643 I/eowa    (12836): (REDACTED) isAppDefaultAssistant defaultComponentName: %s
07-26 12:30:15.643 I/bdic    ( 4147): (REDACTED) bluetoothConnectionStateChanged. Action: %s
07-26 12:30:15.644 D/ActivityManager( 1659): sync unfroze 20669 com.spotify.music for 3
07-26 12:30:15.644 I/bshq    (12836): (REDACTED) Provider package %s enabled: %s
07-26 12:30:15.645 I/brtv    (12836): CreateCalendarEventExecutor is not enabled.
07-26 12:30:15.646 I/brvb    (12836): DeviceStateLookUpExecutor getRequiredCapabilities
07-26 12:30:15.646 I/bruo    (12836): DeleteNoteExecutor is not enabled.
07-26 12:30:15.646 I/brwh    (12836): UpdateNoteExecutor is not enabled.
07-26 12:30:15.647 I/brwh    (12836): UpdateNoteExecutor is not enabled.
07-26 12:30:15.648 I/ryj     ( 4147): (REDACTED) refreshAndGetAlias(Name: %s, Alias: %s
07-26 12:30:15.648 I/A       ( 4147): (REDACTED) HeadsetState: onReceive=%s
07-26 12:30:15.649 W/APM::HwModule( 1327): getDeviceDescriptor: could not find HW module for device  (AUDIO_DEVICE_OUT_WIRED_HEADSET, 00000004) address 
07-26 12:30:15.650 I/ryj     ( 4147): (REDACTED) #device name: %s alias: %s class: %d major: %d
07-26 12:30:15.651 I/A       (12836): beginBinderSession(): calling binder
07-26 12:30:15.652 D/ActivityManager( 1659): sync unfroze 20541 com.google.android.apps.wearables.maestro.companion for 3
07-26 12:30:15.652 W/APM::HwModule( 1327): getDeviceDescriptor: could not find HW module for device  (AUDIO_DEVICE_OUT_WIRED_HEADPHONE, 00000008) address 
07-26 12:30:15.652 I/BrdcstRcvrMsgr( 4147): SvcConn: messenger connected
07-26 12:30:15.653 I/headsetCtxPrv( 4147): wired -- returning false
07-26 12:30:15.653 I/eowa    (12836): (REDACTED) isAppDefaultAssistant setting: %s
07-26 12:30:15.654 I/eowa    (12836): (REDACTED) isAppDefaultAssistant defaultComponentName: %s
07-26 12:30:15.659 I/headsetCtxPrv( 4147): (REDACTED) Bluetooth adapter connection state to a profile changed. State:[%s] Device:[%s]
07-26 12:30:15.660 I/headsetCtxPrv( 4147): Adapter disconnected from all profiles.
07-26 12:30:15.660 I/A       ( 4147): (REDACTED) HeadsetState: onReceive=%s
07-26 12:30:15.661 I/bunm    (12836): #getOobeStatus: OptedIn [CONTEXT ratelimit_period="10 SECONDS" skipped=5 ]
07-26 12:30:15.661 I/BrdcstRcvrBProvider(12836): (REDACTED) handleMessage(): id:%d action:%s
07-26 12:30:15.661 W/APM::HwModule( 1327): getDeviceDescriptor: could not find HW module for device  (AUDIO_DEVICE_OUT_WIRED_HEADSET, 00000004) address 
07-26 12:30:15.661 I/AmbBrdcstRcvrBProvider(12836): (REDACTED) receive(): %s
07-26 12:30:15.662 I/A       (12836): (REDACTED) handleIntent(): action:%s
07-26 12:30:15.663 I/bmxc    (12836): (REDACTED) #FCF: Managed profile check status : %s
07-26 12:30:15.664 W/APM::HwModule( 1327): getDeviceDescriptor: could not find HW module for device  (AUDIO_DEVICE_OUT_WIRED_HEADPHONE, 00000008) address 
07-26 12:30:15.664 I/bndq    (12836): (REDACTED) isCacheFresh: %s
07-26 12:30:15.665 I/headsetCtxPrv( 4147): wired -- returning false
07-26 12:30:15.671 I/ryj     ( 4147): (REDACTED) refreshAndGetAlias(Name: %s, Alias: %s
07-26 12:30:15.671 I/headsetCtxPrv( 4147): (REDACTED) Bluetooth adapter connection state to a profile changed. State:[%s] Device:[%s]
07-26 12:30:15.671 I/HeadsetContextPlugin(12836): (REDACTED) headset state. %s
07-26 12:30:15.671 I/headsetCtxPrv( 4147): Adapter disconnected from all profiles.
07-26 12:30:15.674 I/ryj     ( 4147): (REDACTED) #device name: %s alias: %s class: %d major: %d
07-26 12:30:15.679 I/anrv    (12836): (REDACTED) Enqueue background periodic task and save headphone connection log to geller: type: %s, state: %s, time: %d
07-26 12:30:15.680 I/A       (12836): (REDACTED) Applying result: %s
07-26 12:30:15.682 I/ryj     ( 4147): (REDACTED) refreshAndGetAlias(Name: %s, Alias: %s
07-26 12:30:15.684 I/ryj     ( 4147): (REDACTED) #device name: %s alias: %s class: %d major: %d
07-26 12:30:15.688 I/HeadsetContextPlugin(12836): (REDACTED) updating context. Connected %s, type %s, name %s
07-26 12:30:15.689 I/bmuh    (12836): (REDACTED) FCF System FeatureName to check: %s
07-26 12:30:15.689 I/bmuh    (12836): (REDACTED) FCF: Device model check status : %s
07-26 12:30:15.689 I/bnbj    (12836): #isGeminiDefaultSystemFeatureEnabled: false
07-26 12:30:15.689 I/A       (12836): (REDACTED) Applying result: %s
07-26 12:30:15.690 I/brcx    (12836): Robin eligibility : Robin is eligible
07-26 12:30:15.695 I/SuggAggr(12836): onContextChanged
07-26 12:30:15.695 I/MediaRecsCtxProducer(12836): #shouldHandleContext(): Media AGSA-C path is disabled. Not handling...
07-26 12:30:15.702 I/bnbn    ( 4147): (REDACTED) Robin eligibility #evaluate: isEnabled = %s failure reasons: %s
07-26 12:30:15.705 I/bmuh    ( 4147): (REDACTED) FCF System FeatureName to check: %s
07-26 12:30:15.705 I/bmuh    ( 4147): (REDACTED) FCF: Device model check status : %s
07-26 12:30:15.706 I/bnbj    ( 4147): #isGeminiDefaultSystemFeatureEnabled: false
07-26 12:30:15.706 I/bmha    ( 4147): Robin backend selected for headphone invocations.
07-26 12:30:15.707 I/bmto    ( 4147): (REDACTED) #FCF: Preferred assistant locale set %s 
07-26 12:30:15.707 I/bmto    ( 4147): (REDACTED) #FCF: Preferred assistant locale set %s 
07-26 12:30:15.708 I/bnap    ( 4147): (REDACTED) #evaluate: isEnabled = %s failure reasons: %s
07-26 12:30:15.708 I/bnak    ( 4147): (REDACTED) #evaluate: isEnabled = %s failure reasons: %s
07-26 12:30:15.708 I/bmha    ( 4147): (REDACTED) Needs to download files: %s
07-26 12:30:15.710 I/A       (12836): (REDACTED) set() chips:%s filtered:%s
07-26 12:30:15.711 I/etqr    ( 4147): (REDACTED) New message(%s, @%s) received at connection(%s).
07-26 12:30:15.711 I/etqr    ( 4147): (REDACTED) Message(%s, @%s) has been successfully processed at connection(%s).
07-26 12:30:15.711 I/etkl    ( 4147): (REDACTED) Connection state changed: %s.
07-26 12:30:15.711 I/dxbq    (12836): (REDACTED) Writing data of size=%d bytes with N=%d keys to Geller corpus %s at ts=%d
07-26 12:30:15.713 I/bmif    ( 4147): (REDACTED) Updated config based on request %s, currentClient %s
07-26 12:30:15.716 I/etkl    ( 4147): (REDACTED) Invocations routing has changed
07-26 12:30:15.716 I/etkl    ( 4147): %s
07-26 12:30:15.739 I/HeadsetContextPlugin(12836): Successfully saved the connection log
07-26 12:30:15.741 W/CPDataMediator(12836): Missing weather card from content store
07-26 12:30:15.741 W/CPDataMediator(12836): Missing weather card from content store
07-26 12:30:15.747 I/BrdcstRcvrBProvider(12836): (REDACTED) handleMessage(): DONE id:%d
07-26 12:30:15.749 I/BrdcstRcvrMsgr( 4147): (REDACTED) handleMessage(): id:%d, DEC to %d
07-26 12:30:15.750 I/BrdcstRcvrMsgr( 4147): disconnect()
07-26 12:30:15.750 I/A       ( 4147): (REDACTED) HeadsetState: Got state %s
07-26 12:30:15.751 I/AmbBrdcstRcvrServClient( 4147): (REDACTED) onTrigger(): %s
07-26 12:30:15.756 I/BrdcstRcvrMsgr( 4147): (REDACTED) sendMessage(): received broadcast id:%d with action:%s
07-26 12:30:15.764 I/A       (12836): Calling beginBinderSession().
07-26 12:30:15.764 I/A       (12836): beginBinderSession(): calling binder
07-26 12:30:15.765 I/BrdcstRcvrMsgr( 4147): SvcConn: messenger connected
07-26 12:30:15.767 I/BrdcstRcvrBProvider(12836): (REDACTED) handleMessage(): id:%d action:%s
07-26 12:30:15.768 I/AmbBrdcstRcvrBProvider(12836): (REDACTED) receive(): %s
07-26 12:30:15.769 I/A       (12836): (REDACTED) handleIntent(): action:%s
07-26 12:30:15.771 I/HeadsetContextPlugin(12836): (REDACTED) headset state. %s
07-26 12:30:15.773 I/anrv    (12836): (REDACTED) Enqueue background periodic task and save headphone connection log to geller: type: %s, state: %s, time: %d
07-26 12:30:15.774 I/A       (12836): (REDACTED) Applying result: %s
07-26 12:30:15.774 I/HeadsetContextPlugin(12836): (REDACTED) updating context. Connected %s, type %s, name %s
07-26 12:30:15.775 I/A       (12836): (REDACTED) Applying result: %s
07-26 12:30:15.776 I/SuggAggr(12836): onContextChanged
07-26 12:30:15.776 I/MediaRecsCtxProducer(12836): #shouldHandleContext(): Media AGSA-C path is disabled. Not handling...
07-26 12:30:15.778 I/A       (12836): (REDACTED) set() chips:%s filtered:%s
07-26 12:30:15.797 W/CPDataMediator(12836): Missing weather card from content store
07-26 12:30:15.806 W/CPDataMediator(12836): Missing weather card from content store
07-26 12:30:15.807 I/Connection4Heart( 5315): ConnectionReceiver.onReceive-android.bluetooth.headset.profile.action.CONNECTION_STATE_CHANGED
07-26 12:30:15.810 I/HeadsetContextPlugin(12836): Successfully saved the connection log
07-26 12:30:15.812 I/smedia  ( 5315): SMediaAudioHelper.onReceive(android.bluetooth.adapter.action.CONNECTION_STATE_CHANGED)
07-26 12:30:15.812 I/smedia  ( 5315): SMediaAudioHelper.onReceive(other): android.bluetooth.adapter.action.CONNECTION_STATE_CHANGED
07-26 12:30:15.812 I/Connection4Heart( 5315): ConnectionReceiver.onReceive-android.bluetooth.headset.profile.action.CONNECTION_STATE_CHANGED
07-26 12:30:15.813 I/smedia  ( 5315): SMediaAudioHelper.onReceive(android.bluetooth.adapter.action.CONNECTION_STATE_CHANGED)
07-26 12:30:15.813 I/smedia  ( 5315): SMediaAudioHelper.onReceive(other): android.bluetooth.adapter.action.CONNECTION_STATE_CHANGED
07-26 12:30:15.813 I/smedia  ( 5315): SMediaAudioHelper.onReceive(android.bluetooth.a2dp.profile.action.ACTIVE_DEVICE_CHANGED)
07-26 12:30:15.814 I/Connection4Heart( 5315): BluetoothEventHandler.onBluetoothEvent-action: android.bluetooth.headset.profile.action.CONNECTION_STATE_CHANGED
07-26 12:30:15.815 W/Connection4Heart( 5315): WatchData.isManualConnectWatch() : do not have device - ##:##:##:##:F2:E3!!
07-26 12:30:15.816 I/AdapterProperties( 2596): getBondedDevices: length=15
07-26 12:30:15.816 I/BrdcstRcvrBProvider(12836): (REDACTED) handleMessage(): DONE id:%d
07-26 12:30:15.818 I/Connection4Heart( 5315): ConnectionHandler.getDeviceFromIntent() : non contain watch - ##:##:##:##:F2:E3
07-26 12:30:15.818 I/Connection4Heart( 5315): BluetoothEventHandler.onBluetoothEvent-action: android.bluetooth.headset.profile.action.CONNECTION_STATE_CHANGED
07-26 12:30:15.819 W/Connection4Heart( 5315): WatchData.isManualConnectWatch() : do not have device - ##:##:##:##:F2:E3!!
07-26 12:30:15.819 I/BrdcstRcvrMsgr( 4147): (REDACTED) handleMessage(): id:%d, DEC to %d
07-26 12:30:15.819 I/Connection4Heart( 5315): ConnectionHandler.getDeviceFromIntent() : non contain watch - ##:##:##:##:F2:E3
07-26 12:30:15.821 I/BrdcstRcvrMsgr( 4147): disconnect()
07-26 12:30:15.821 I/A       ( 4147): (REDACTED) HeadsetState: Got state %s
07-26 12:30:15.822 I/AmbBrdcstRcvrServClient( 4147): (REDACTED) onTrigger(): %s
07-26 12:30:15.824 I/AiAiEcho( 4126): (REDACTED) Predicting[%d]: %s
07-26 12:30:15.826 I/AiAiEcho( 4126): (REDACTED) EchoTargets: %s
07-26 12:30:15.826 I/AiAiEcho( 4126): Filtered by AiAi flag check: %s
07-26 12:30:15.828 I/AiAiEcho( 4126): #remoteViewsTwiddler: feature disabled.
07-26 12:30:15.828 I/AiAiEcho( 4126): (REDACTED) Predicting[%d]: %s
07-26 12:30:15.828 I/BrdcstRcvrMsgr( 4147): (REDACTED) sendMessage(): received broadcast id:%d with action:%s
07-26 12:30:15.830 I/AiAiEcho( 4126): (REDACTED) EchoTargets: %s
07-26 12:30:15.830 I/AiAiEcho( 4126): Filtered by AiAi flag check: %s
07-26 12:30:15.831 I/AiAiEcho( 4126): (REDACTED) #weatherTwiddler: Weather removes SubtitleSupplementalItem in surface: %s
07-26 12:30:15.831 I/AiAiEcho( 4126): #remoteViewsTwiddler: feature disabled.
07-26 12:30:15.831 I/AiAiEcho( 4126): (REDACTED) Predicting[%d]: %s
07-26 12:30:15.835 I/AiAiEcho( 4126): (REDACTED) EchoTargets: %s
07-26 12:30:15.835 I/AiAiEcho( 4126): Filtered by AiAi flag check: %s
07-26 12:30:15.837 I/AiAiEcho( 4126): (REDACTED) #weatherTwiddler: Weather removes SubtitleSupplementalItem in surface: %s
07-26 12:30:15.837 I/A       (12836): Calling beginBinderSession().
07-26 12:30:15.837 I/AiAiEcho( 4126): #remoteViewsTwiddler: feature disabled.
07-26 12:30:15.838 I/A       (12836): beginBinderSession(): calling binder
07-26 12:30:15.839 I/BrdcstRcvrMsgr( 4147): SvcConn: messenger connected
07-26 12:30:15.839 I/AiAiEcho( 4126): (REDACTED) #postPredictionTargets: Sending updates to UISurface %s with targets# %s (types=[%s])
07-26 12:30:15.839 D/SsMediaDataProvider( 2433): Forwarding Smartspace updates []
07-26 12:30:15.841 I/BrdcstRcvrBProvider(12836): (REDACTED) handleMessage(): id:%d action:%s
07-26 12:30:15.842 I/AmbBrdcstRcvrBProvider(12836): (REDACTED) receive(): %s
07-26 12:30:15.842 W/HWUI    ( 4126): Image decoding logging dropped!
07-26 12:30:15.842 I/A       (12836): (REDACTED) handleIntent(): action:%s
07-26 12:30:15.844 I/HeadsetContextPlugin(12836): (REDACTED) headset state. %s
07-26 12:30:15.844 I/AiAiEcho( 4126): (REDACTED) #postPredictionTargets: Sending updates to UISurface %s with targets# %s (types=[%s])
07-26 12:30:15.846 I/anrv    (12836): (REDACTED) Enqueue background periodic task and save headphone connection log to geller: type: %s, state: %s, time: %d
07-26 12:30:15.847 I/A       (12836): (REDACTED) Applying result: %s
07-26 12:30:15.848 I/WeatherSmartspaceView( 2433): setFormattedContentDescription: text=80F, iconDescription=Rain showers, contentDescription=Rain showers, 80F
07-26 12:30:15.848 I/HeadsetContextPlugin(12836): (REDACTED) updating context. Connected %s, type %s, name %s
07-26 12:30:15.848 I/WeatherData( 2433): Weather data parsed SHOWERS_RAIN ("Rain showers") 80F from Bundle[{description=Rain showers, feedback_intent=null, explanation_intent=Supplier{VAL_PARCELABLE@152+1736}, is_gaia_linked_data=true, use_celsius=false, state=13, temperature=80}]
07-26 12:30:15.848 W/PageIndicator( 2433): Total number of pages invalid: 0. Assuming 1 page.
07-26 12:30:15.848 W/HWUI    ( 4126): Image decoding logging dropped!
07-26 12:30:15.849 I/A       (12836): (REDACTED) Applying result: %s
07-26 12:30:15.850 I/AiAiEcho( 4126): (REDACTED) #postPredictionTargets: Sending updates to UISurface %s with targets# %s (types=[%s])
07-26 12:30:15.853 D/SsBaseTemplateCard( 2808): No text view can be set up
07-26 12:30:15.850 I/SuggAggr(12836): onContextChanged
07-26 12:30:15.853 I/SsBaseTemplateCard( 2808): setFormattedContentDescription: text=80F, iconDescription=Rain showers, contentDescription=Rain showers, 80F
07-26 12:30:15.853 D/SsBaseTemplateCard( 2808): Passed-in item info is null
07-26 12:30:15.853 I/MediaRecsCtxProducer(12836): #shouldHandleContext(): Media AGSA-C path is disabled. Not handling...
07-26 12:30:15.853 D/SsBaseTemplateCard( 2808): Passed-in item info is null
07-26 12:30:15.853 I/SsBaseTemplateCard( 2808): Secondary card pane is null
07-26 12:30:15.855 I/smedia  ( 5315): SMediaNodeHelper.aliveConnection(): No connected node.
07-26 12:30:15.856 I/A       (12836): (REDACTED) set() chips:%s filtered:%s
07-26 12:30:15.868 W/CPDataMediator(12836): Missing weather card from content store
07-26 12:30:15.869 I/HeadsetContextPlugin(12836): Successfully saved the connection log
07-26 12:30:15.874 W/CPDataMediator(12836): Missing weather card from content store
07-26 12:30:15.877 I/BrdcstRcvrBProvider(12836): (REDACTED) handleMessage(): DONE id:%d
07-26 12:30:15.878 I/BrdcstRcvrMsgr( 4147): (REDACTED) handleMessage(): id:%d, DEC to %d
07-26 12:30:15.879 I/BrdcstRcvrMsgr( 4147): disconnect()
07-26 12:30:15.879 I/A       ( 4147): (REDACTED) HeadsetState: Got state %s
07-26 12:30:15.880 I/AmbBrdcstRcvrServClient( 4147): (REDACTED) onTrigger(): %s
07-26 12:30:15.886 I/BrdcstRcvrMsgr( 4147): (REDACTED) sendMessage(): received broadcast id:%d with action:%s
07-26 12:30:15.894 I/A       (12836): Calling beginBinderSession().
07-26 12:30:15.894 I/A       (12836): beginBinderSession(): calling binder
07-26 12:30:15.895 I/BrdcstRcvrMsgr( 4147): SvcConn: messenger connected
07-26 12:30:15.897 I/BrdcstRcvrBProvider(12836): (REDACTED) handleMessage(): id:%d action:%s
07-26 12:30:15.898 I/AmbBrdcstRcvrBProvider(12836): (REDACTED) receive(): %s
07-26 12:30:15.898 I/A       (12836): (REDACTED) handleIntent(): action:%s
07-26 12:30:15.900 I/HeadsetContextPlugin(12836): (REDACTED) headset state. %s
07-26 12:30:15.902 I/anrv    (12836): (REDACTED) Enqueue background periodic task and save headphone connection log to geller: type: %s, state: %s, time: %d
07-26 12:30:15.904 I/A       (12836): (REDACTED) Applying result: %s
07-26 12:30:15.904 I/HeadsetContextPlugin(12836): (REDACTED) updating context. Connected %s, type %s, name %s
07-26 12:30:15.904 I/A       (12836): (REDACTED) Applying result: %s
07-26 12:30:15.905 I/SuggAggr(12836): onContextChanged
07-26 12:30:15.906 I/MediaRecsCtxProducer(12836): #shouldHandleContext(): Media AGSA-C path is disabled. Not handling...
07-26 12:30:15.908 I/A       (12836): (REDACTED) set() chips:%s filtered:%s
07-26 12:30:15.928 W/CPDataMediator(12836): Missing weather card from content store
07-26 12:30:15.934 W/CPDataMediator(12836): Missing weather card from content store
07-26 12:30:15.936 I/HeadsetContextPlugin(12836): Successfully saved the connection log
07-26 12:30:15.940 I/BrdcstRcvrBProvider(12836): (REDACTED) handleMessage(): DONE id:%d
07-26 12:30:15.942 I/BrdcstRcvrMsgr( 4147): (REDACTED) handleMessage(): id:%d, DEC to %d
07-26 12:30:15.942 I/BrdcstRcvrMsgr( 4147): disconnect()
07-26 12:30:15.952 I/AiAiStatsd( 4126): (REDACTED) Successfully logged feature enablement for %s.
07-26 12:30:16.284 I/bthal.activity( 1267): bt_power: AclDataStat: 12:30:15:250 - 12:30:16:283, conn_handle: 11, duration: 1032, acl_data_count: 8, acl_tx_data_count: 4, acl_rx_data_count: 4, total_acl_data_count: 1779
07-26 12:30:16.286 E/bluetooth-a2dp( 2596): system/btif/src/btif_av.cc:536 SetActivePeer: Timed out waiting for A2DP source shutdown to complete.
07-26 12:30:16.286 I/bluetooth-a2dp( 2596): system/btif/src/btif_a2dp_source.cc:1061 btif_a2dp_source_audio_tx_flush_event: state=STATE_SHUTTING_DOWN
07-26 12:30:16.287 I/bluetooth-a2dp( 2596): system/btif/src/btif_a2dp_source.cc:889 btif_a2dp_source_audio_tx_stop_event: streaming false state=STATE_SHUTTING_DOWN
07-26 12:30:16.287 I/bluetooth-a2dp( 2596): system/btif/src/btif_a2dp_source.cc:889 btif_a2dp_source_audio_tx_stop_event: streaming false state=STATE_SHUTTING_DOWN
07-26 12:30:16.287 I/bluetooth-a2dp( 2596): system/btif/src/btif_a2dp_source.cc:542 btif_a2dp_source_end_session_delayed: peer_address=xx:xx:xx:xx:f2:e3 state=STATE_SHUTTING_DOWN
07-26 12:30:16.287 I/bluetooth-a2dp( 2596): system/btif/src/btif_av.cc:3711 btif_av_stream_stop: peer=xx:xx:xx:xx:f2:e3
07-26 12:30:16.300 I/BTAudioProviderStub( 1265): endSession - SessionType=A2DP_HARDWARE_OFFLOAD_ENCODING_DATAPATH
07-26 12:30:16.300 I/BTAudioSessionAidl( 1265): OnSessionEnded - SessionType=A2DP_HARDWARE_OFFLOAD_ENCODING_DATAPATH
07-26 12:30:16.304 I/BTAudioSessionAidl( 1265): ReportSessionStatus - SessionType=A2DP_HARDWARE_OFFLOAD_ENCODING_DATAPATH notify to bluetooth_audio=0x0200
07-26 12:30:16.305 I/AHal::Bt::A2dpWrapper( 1265): SessionChangedHandle: session_cb: 512 closed
07-26 12:30:16.305 D/AHal::Bt::A2dpWrapper( 1265): SessionChangedHandle: session_cb: 512 sent EVENT_READY_STATE_CHANGE
07-26 12:30:16.305 I/BTAudioProviderStub( 1265): binderUnlinkedCallbackAidl
07-26 12:30:16.305 I/BpBinder( 1265): onLastStrongRef automatically unlinking death recipients: android.hardware.bluetooth.audio.IBluetoothAudioPort
07-26 12:30:16.307 I/bluetooth-a2dp( 2596): system/btif/src/btif_a2dp_source.cc:889 btif_a2dp_source_audio_tx_stop_event: streaming false state=STATE_SHUTTING_DOWN
07-26 12:30:16.307 I/bluetooth-a2dp( 2596): system/btif/src/btif_a2dp_source.cc:693 btif_a2dp_source_cleanup_codec_delayed: state=STATE_SHUTTING_DOWN
07-26 12:30:16.315 I/bluetooth-a2dp( 2596): system/btif/src/btif_a2dp_source.cc:583 btif_a2dp_source_shutdown_delayed: state=STATE_SHUTTING_DOWN
07-26 12:30:16.315 I/BTAudioClientAIDL( 2596): system/audio_hal_interface/aidl/a2dp/client_interface_aidl.cc:437 EndSession: session ended already
07-26 12:30:16.316 E/bt_btu_hcif( 2596): system/stack/btu/btu_hcif.cc:986 btu_hcif_hdl_command_complete: Command complete for opcode:0x80d should not be handled here
07-26 12:30:16.316 I/bluetooth( 2596): system/btif/avrcp/avrcp_service.cc:556 DisconnectDevice: address=xx:xx:xx:xx:f2:e3
07-26 12:30:16.316 I/bluetooth-a2dp( 2596): system/btif/src/btif_av.cc:3488 set_active_peer_int: peer_sep=Sink peer=00:00:00:00:00:00
07-26 12:30:16.317 I/bluetooth-a2dp( 2596): system/btif/src/btif_av.cc:518 SetActivePeer: peer=00:00:00:00:00:00 active_peer=00:00:00:00:00:00
07-26 12:30:16.317 I/bt_shim_hci( 2596): system/main/shim/hci_layer.cc:270 operator(): ISO disconnection from GD, handle: 0x0b, reason: 0x13
07-26 12:30:16.318 I/bluetooth-a2dp( 2596): system/btif/src/btif_av.cc:1327 DeleteIdlePeers: peer=xx:xx:xx:xx:f2:e3 bta_handle=0x41
07-26 12:30:16.318 I/bluetooth-a2dp( 2596): system/btif/src/btif_av.cc:3088 btif_av_handle_event: peer=xx:xx:xx:xx:f2:e3 handle=0x0 event=BTIF_AV_STOP_STREAM_REQ_EVT(0x1d)
07-26 12:30:16.318 I/bluetooth-a2dp( 2596): system/btif/src/btif_av.cc:1256 FindOrCreatePeer: Create peer: peer=xx:xx:xx:xx:f2:e3 bta_handle=0x41 peer_id=0
07-26 12:30:16.318 I/bluetooth-a2dp( 2596): system/btif/src/btif_av.cc:1650 OnEnter: state=Idle peer=xx:xx:xx:xx:f2:e3
07-26 12:30:16.318 W/bluetooth-a2dp( 2596): system/btif/src/btif_av.cc:3885 btif_av_get_peer_sep: No active peer found
07-26 12:30:16.318 W/bluetooth-a2dp( 2596): system/btif/src/btif_av.cc:3885 btif_av_get_peer_sep: No active peer found
07-26 12:30:16.318 W/bluetooth-a2dp( 2596): system/btif/src/btif_av.cc:3885 btif_av_get_peer_sep: No active peer found
07-26 12:30:16.318 I/bluetooth-a2dp( 2596): system/btif/src/btif_av.cc:1686 ProcessEvent: state=Idle peer=xx:xx:xx:xx:f2:e3 event=BTIF_AV_STOP_STREAM_REQ_EVT(0x1d) flags=0x0(None) active_peer=false
07-26 12:30:16.318 I/bluetooth-a2dp( 2596): system/btif/src/btif_av.cc:1682 OnExit: state=Idle peer=xx:xx:xx:xx:f2:e3
07-26 12:30:16.318 I/bluetooth-a2dp( 2596): system/btif/src/btif_av.cc:1650 OnEnter: state=Idle peer=xx:xx:xx:xx:f2:e3
07-26 12:30:16.318 W/bluetooth-a2dp( 2596): system/btif/src/btif_av.cc:3885 btif_av_get_peer_sep: No active peer found
07-26 12:30:16.318 W/bluetooth-a2dp( 2596): system/btif/src/btif_av.cc:3885 btif_av_get_peer_sep: No active peer found
07-26 12:30:16.318 W/bluetooth-a2dp( 2596): system/btif/src/btif_av.cc:3885 btif_av_get_peer_sep: No active peer found
07-26 12:30:16.318 I/bluetooth-a2dp( 2596): system/btif/src/btif_av.cc:3949 btif_av_acl_disconnected: peer=xx:xx:xx:xx:f2:e3
07-26 12:30:16.319 I/bluetooth-a2dp( 2596): system/btif/src/btif_av.cc:3949 btif_av_acl_disconnected: peer=xx:xx:xx:xx:f2:e3
07-26 12:30:16.319 I/bluetooth-a2dp( 2596): system/btif/src/btif_av.cc:1327 DeleteIdlePeers: peer=xx:xx:xx:xx:f2:e3 bta_handle=0x41
07-26 12:30:16.319 I/bluetooth-a2dp( 2596): system/btif/src/btif_av.cc:3088 btif_av_handle_event: peer=xx:xx:xx:xx:f2:e3 handle=0x0 event=BTIF_AV_ACL_DISCONNECTED(0x20)
07-26 12:30:16.319 I/bluetooth-a2dp( 2596): system/btif/src/btif_av.cc:1256 FindOrCreatePeer: Create peer: peer=xx:xx:xx:xx:f2:e3 bta_handle=0x41 peer_id=0
07-26 12:30:16.319 I/BluetoothAdapterService( 2596): getActiveDevices: A2dp device: null
07-26 12:30:16.319 I/bluetooth-a2dp( 2596): system/btif/src/btif_av.cc:1650 OnEnter: state=Idle peer=xx:xx:xx:xx:f2:e3
07-26 12:30:16.319 W/bluetooth-a2dp( 2596): system/btif/src/btif_av.cc:3885 btif_av_get_peer_sep: No active peer found
07-26 12:30:16.319 W/bluetooth-a2dp( 2596): system/btif/src/btif_av.cc:3885 btif_av_get_peer_sep: No active peer found
07-26 12:30:16.319 W/bluetooth-a2dp( 2596): system/btif/src/btif_av.cc:3885 btif_av_get_peer_sep: No active peer found
07-26 12:30:16.319 I/bluetooth-a2dp( 2596): system/btif/src/btif_av.cc:1686 ProcessEvent: state=Idle peer=xx:xx:xx:xx:f2:e3 event=BTIF_AV_ACL_DISCONNECTED(0x20) flags=0x0(None) active_peer=false
07-26 12:30:16.319 I/bluetooth-a2dp( 2596): system/btif/src/btif_av.cc:1682 OnExit: state=Idle peer=xx:xx:xx:xx:f2:e3
07-26 12:30:16.319 I/bluetooth-a2dp( 2596): system/btif/src/btif_av.cc:1650 OnEnter: state=Idle peer=xx:xx:xx:xx:f2:e3
07-26 12:30:16.319 W/bluetooth-a2dp( 2596): system/btif/src/btif_av.cc:3885 btif_av_get_peer_sep: No active peer found
07-26 12:30:16.319 W/bluetooth-a2dp( 2596): system/btif/src/btif_av.cc:3885 btif_av_get_peer_sep: No active peer found
07-26 12:30:16.320 W/bluetooth-a2dp( 2596): system/btif/src/btif_av.cc:3885 btif_av_get_peer_sep: No active peer found
07-26 12:30:16.320 I/bluetooth-a2dp( 2596): system/btif/src/btif_av.cc:3088 btif_av_handle_event: peer=xx:xx:xx:xx:f2:e3 handle=0x0 event=BTIF_AV_ACL_DISCONNECTED(0x20)
07-26 12:30:16.320 I/bluetooth-a2dp( 2596): system/btif/src/btif_av.cc:1686 ProcessEvent: state=Idle peer=xx:xx:xx:xx:f2:e3 event=BTIF_AV_ACL_DISCONNECTED(0x20) flags=0x0(None) active_peer=false
07-26 12:30:16.320 I/bluetooth-a2dp( 2596): system/btif/src/btif_av.cc:1682 OnExit: state=Idle peer=xx:xx:xx:xx:f2:e3
07-26 12:30:16.320 I/bluetooth-a2dp( 2596): system/btif/src/btif_av.cc:1650 OnEnter: state=Idle peer=xx:xx:xx:xx:f2:e3
07-26 12:30:16.320 W/bluetooth-a2dp( 2596): system/btif/src/btif_av.cc:3885 btif_av_get_peer_sep: No active peer found
07-26 12:30:16.320 W/bluetooth-a2dp( 2596): system/btif/src/btif_av.cc:3885 btif_av_get_peer_sep: No active peer found
07-26 12:30:16.320 W/bluetooth-a2dp( 2596): system/btif/src/btif_av.cc:3885 btif_av_get_peer_sep: No active peer found
07-26 12:30:16.320 I/bluetooth-a2dp( 2596): system/btif/src/btif_av.cc:1327 DeleteIdlePeers: peer=xx:xx:xx:xx:f2:e3 bta_handle=0x41
07-26 12:30:16.322 D/BluetoothAdapter( 2433): getActiveDevices(HEADSET)
07-26 12:30:16.325 I/bt_btif_dm( 2596): system/btif/src/btif_dm.cc:852 btif_dm_get_connection_state: Acl is not connected to peer:xx:xx:xx:xx:f2:e3
07-26 12:30:16.328 I/bt_btif_dm( 2596): system/btif/src/btif_dm.cc:852 btif_dm_get_connection_state: Acl is not connected to peer:xx:xx:xx:xx:cb:f6
07-26 12:30:16.331 I/bt_btif_dm( 2596): system/btif/src/btif_dm.cc:852 btif_dm_get_connection_state: Acl is not connected to peer:xx:xx:xx:xx:09:92
07-26 12:30:16.340 I/BluetoothAdapterService( 2596): getActiveDevices: Headset device: null
07-26 12:30:16.345 D/BluetoothAdapter( 2433): getActiveDevices(HEARING_AID)
07-26 12:30:16.347 I/BluetoothAdapterService( 2596): getActiveDevices: Hearing Aid devices: Left[null] - Right[null]
07-26 12:30:16.348 D/BluetoothAdapter( 2433): getActiveDevices(LE_AUDIO)
07-26 12:30:16.350 I/BluetoothAdapterService( 2596): getActiveDevices: LeAudio devices: Lead[null] - member_1[null]
07-26 12:30:16.351 W/NearbyShared( 2893): BTConnStateMgr: proxy throw exception
07-26 12:30:16.351 W/NearbyShared( 2893): java.lang.UnsupportedOperationException: LE Audio Broadcasts are not connection-oriented.
07-26 12:30:16.351 W/NearbyShared( 2893): 	at android.bluetooth.BluetoothLeBroadcast.getConnectedDevices(BluetoothLeBroadcast.java:342)
07-26 12:30:16.351 W/NearbyShared( 2893): 	at gryu.s(:com.google.android.gms@252635035@25.26.35 (260400-783060121):1)
07-26 12:30:16.351 W/NearbyShared( 2893): 	at gryu.h(:com.google.android.gms@252635035@25.26.35 (260400-783060121):49)
07-26 12:30:16.351 W/NearbyShared( 2893): 	at gryu.a(:com.google.android.gms@252635035@25.26.35 (260400-783060121):1)
07-26 12:30:16.351 W/NearbyShared( 2893): 	at gryu.b(:com.google.android.gms@252635035@25.26.35 (260400-783060121):30)
07-26 12:30:16.351 W/NearbyShared( 2893): 	at ctfm.o(:com.google.android.gms@252635035@25.26.35 (260400-783060121):19)
07-26 12:30:16.351 W/NearbyShared( 2893): 	at ctfl.a(:com.google.android.gms@252635035@25.26.35 (260400-783060121):10)
07-26 12:30:16.351 W/NearbyShared( 2893): 	at grys.onReceive(:com.google.android.gms@252635035@25.26.35 (260400-783060121):170)
07-26 12:30:16.351 W/NearbyShared( 2893): 	at android.app.LoadedApk$ReceiverDispatcher$Args.lambda$getRunnable$0(LoadedApk.java:1825)
07-26 12:30:16.351 W/NearbyShared( 2893): 	at android.app.LoadedApk$ReceiverDispatcher$Args.$r8$lambda$mcNAAl1SQ4MyJPyDg8TJ2x2h0Rk(Unknown Source:0)
07-26 12:30:16.351 W/NearbyShared( 2893): 	at android.app.LoadedApk$ReceiverDispatcher$Args$$ExternalSyntheticLambda0.run(D8$$SyntheticClass:0)
07-26 12:30:16.351 W/NearbyShared( 2893): 	at android.os.Handler.handleCallback(Handler.java:991)
07-26 12:30:16.351 W/NearbyShared( 2893): 	at android.os.Handler.dispatchMessage(Handler.java:102)
07-26 12:30:16.351 W/NearbyShared( 2893): 	at android.os.Looper.loopOnce(Looper.java:232)
07-26 12:30:16.351 W/NearbyShared( 2893): 	at android.os.Looper.loop(Looper.java:317)
07-26 12:30:16.351 W/NearbyShared( 2893): 	at android.app.ActivityThread.main(ActivityThread.java:8934)
07-26 12:30:16.351 W/NearbyShared( 2893): 	at java.lang.reflect.Method.invoke(Native Method)
07-26 12:30:16.351 W/NearbyShared( 2893): 	at com.android.internal.os.RuntimeInit$MethodAndArgsCaller.run(RuntimeInit.java:591)
07-26 12:30:16.351 W/NearbyShared( 2893): 	at com.android.internal.os.ZygoteInit.main(ZygoteInit.java:911)
07-26 12:30:16.351 D/BluetoothLeBroadcastAssistant( 2893): getConnectedDevices()
07-26 12:30:16.362 D/CachedBluetoothDevice( 2433): onProfileStateChanged: profile HEADSET, device XX:XX:XX:XX:F2:E3, newProfileState 3
07-26 12:30:16.365 D/BluetoothAdapter( 2433): getActiveDevices(A2DP)
07-26 12:30:16.369 I/BluetoothAdapterService( 2596): getActiveDevices: A2dp device: null
