07-26 12:30:16.376 D/CellularQualityMonitor-0( 3114): Signal Strength Changed : SignalStrength:{mCdma=CellSignalStrengthCdma: cdmaDbm=2147483647 cdmaEcio=2147483647 evdoDbm=2147483647 evdoEcio=2147483647 evdoSnr=2147483647 level=0,mGsm=CellSignalStrengthGsm: rssi=2147483647 ber=2147483647 mTa=2147483647 mLevel=0,mWcdma=CellSignalStrengthWcdma: ss=2147483647 ber=2147483647 rscp=2147483647 ecno=2147483647 level=0,mTdscdma=CellSignalStrengthTdscdma: rssi=2147483647 ber=2147483647 rscp=2147483647 level=0,mLte=CellSignalStrengthLte: rssi=-93 rsrp=-115 rsrq=-9 rssnr=10 cqiTableIndex=1 cqi=12 ta=6 level=2 parametersUseForLevel=0,mNr=CellSignalStrengthNr:{ csiRsrp = 2147483647 csiRsrq = 2147483647 csiCqiTableIndex = 2147483647 csiCqiReport = [] ssRsrp = 2147483647 ssRsrq = 2147483647 ssSinr = 2147483647 level = 0 parametersUseForLevel = 0 timingAdvance = 2147483647 },primary=CellSignalStrengthLte}
07-26 12:30:16.372 I/SHANNON_IMS( 2668): 9083 [PROX] Received onSignalStrengthsChanged [CellSignalStrengthLte: rssi=-93 rsrp=-115 rsrq=-9 rssnr=10 cqiTableIndex=1 cqi=12 ta=6 level=2 parametersUseForLevel=0] [SLID:0 APM:false] (ImsConnectivityProxyListener$ImsPhoneStateListener%onSignalStrengthsChanged:413)
07-26 12:30:16.376 D/CellularQualityMonitor-0( 3114): CellSignalStrength Changed: CellSignalStrengthLte: rssi=-93 rsrp=-115 rsrq=-9 rssnr=10 cqiTableIndex=1 cqi=12 ta=6 level=2 parametersUseForLevel=0
07-26 12:30:16.385 D/BluetoothAdapter( 2433): getActiveDevices(HEADSET)
07-26 12:30:16.388 I/BluetoothAdapterService( 2596): getActiveDevices: Headset device: null
07-26 12:30:16.388 I/Nearby  ( 2893): (REDACTED) is blocked device type %s, isAuto=%s, isIot=%s, isLatchsky=%s, isChinaWearable=%s, isTv=%s, isWearable=%s (supportWearOs=%s), isChromeOsDevice=%s (supportChromeOs=%s)
07-26 12:30:16.389 I/NearbyDiscovery( 2893): (REDACTED) DiscoveryService onStartCommand action: %s
07-26 12:30:16.389 I/NearbyDiscovery( 2893): (REDACTED) onProfileConnectionStateChange: action=%s, prevState=%s, state=%s, %s
07-26 12:30:16.390 D/BluetoothAdapter( 2433): getActiveDevices(HEARING_AID)
07-26 12:30:16.393 I/bbwi    ( 4147): onReceive
07-26 12:30:16.393 I/BluetoothAdapterService( 2596): getActiveDevices: Hearing Aid devices: Left[null] - Right[null]
07-26 12:30:16.393 D/BluetoothAdapter( 2433): getActiveDevices(LE_AUDIO)
07-26 12:30:16.400 I/BluetoothAdapterService( 2596): getActiveDevices: LeAudio devices: Lead[null] - member_1[null]
07-26 12:30:16.400 I/NearbyFastPair( 2893): WDLS created [CONTEXT service_id=265 ]
07-26 12:30:16.401 I/NearbyDiscovery( 2893): (REDACTED) DiscoveryService onStartCommand action: %s
07-26 12:30:16.401 D/BluetoothA2dp( 1659): getCodecStatus(XX:XX:XX:XX:F2:E3)
07-26 12:30:16.401 I/NearbyDiscovery( 2893): (REDACTED) FastPair: HfpDevice is active, %s
07-26 12:30:16.405 D/BluetoothAdapter( 2893): registerBluetoothConnectionCallback()
07-26 12:30:16.405 D/CachedBluetoothDevice( 2433): onActiveDeviceChanged: profile HEADSET, device XX:XX:XX:XX:68:A3, isActive false
07-26 12:30:16.405 D/CachedBluetoothDevice( 2433): onActiveDeviceChanged: profile HEADSET, device XX:XX:XX:XX:8F:C1, isActive false
07-26 12:30:16.405 D/CachedBluetoothDevice( 2433): onActiveDeviceChanged: profile HEADSET, device XX:XX:XX:XX:96:4D, isActive false
07-26 12:30:16.405 D/CachedBluetoothDevice( 2433): onActiveDeviceChanged: profile HEADSET, device XX:XX:XX:XX:74:48, isActive false
07-26 12:30:16.405 D/CachedBluetoothDevice( 2433): onActiveDeviceChanged: profile HEADSET, device XX:XX:XX:XX:40:25, isActive false
07-26 12:30:16.405 D/CachedBluetoothDevice( 2433): onActiveDeviceChanged: profile HEADSET, device XX:XX:XX:XX:EC:4D, isActive false
07-26 12:30:16.405 D/CachedBluetoothDevice( 2433): onActiveDeviceChanged: profile HEADSET, device XX:XX:XX:XX:C9:8E, isActive false
07-26 12:30:16.405 D/CachedBluetoothDevice( 2433): onActiveDeviceChanged: profile HEADSET, device XX:XX:XX:XX:4D:19, isActive false
07-26 12:30:16.405 D/CachedBluetoothDevice( 2433): onActiveDeviceChanged: profile HEADSET, device XX:XX:XX:XX:1A:18, isActive false
07-26 12:30:16.405 D/CachedBluetoothDevice( 2433): onActiveDeviceChanged: profile HEADSET, device XX:XX:XX:XX:C4:DE, isActive false
07-26 12:30:16.405 D/CachedBluetoothDevice( 2433): onActiveDeviceChanged: profile HEADSET, device XX:XX:XX:XX:A7:9D, isActive false
07-26 12:30:16.405 D/CachedBluetoothDevice( 2433): onActiveDeviceChanged: profile HEADSET, device XX:XX:XX:XX:80:09, isActive false
07-26 12:30:16.405 D/CachedBluetoothDevice( 2433): onActiveDeviceChanged: profile HEADSET, device XX:XX:XX:XX:F2:E3, isActive false
07-26 12:30:16.405 D/CachedBluetoothDevice( 2433): onActiveDeviceChanged: profile HEADSET, device XX:XX:XX:XX:CB:F6, isActive false
07-26 12:30:16.405 D/CachedBluetoothDevice( 2433): onActiveDeviceChanged: profile HEADSET, device XX:XX:XX:XX:09:92, isActive false
07-26 12:30:16.406 D/CachedBluetoothDevice( 2433): onProfileStateChanged: profile A2DP, device XX:XX:XX:XX:F2:E3, newProfileState 0
07-26 12:30:16.406 D/BluetoothAdapter( 2433): getActiveDevices(A2DP)
07-26 12:30:16.407 I/AS.BtHelper( 1659): setAvrcpAbsoluteVolumeSupported supported=false
07-26 12:30:16.407 I/AS.AudioService( 1659): setAvrcpAbsoluteVolumeSupported support false
07-26 12:30:16.407 I/AudioPolicyInterfaceImpl( 1327): setDeviceAbsoluteVolumeEnabled: deviceAidl AudioDevice{type: AudioDeviceDescription{type: OUT_DEVICE, connection: bt-a2dp}, address: AudioDeviceAddress{id: }}, enabled 0, streamToDriveAbsAidl -1
07-26 12:30:16.408 I/APM_AudioPolicyManager( 1327): setDeviceAbsoluteVolumeEnabled: deviceType 0x80, enabled 0, streamToDriveAbs -1
07-26 12:30:16.408 I/APM_AudioPolicyManager( 1327): setDeviceAbsoluteVolumeEnabled: apply stream volumes for portId 1 and device type 128
07-26 12:30:16.408 I/NearbyShared( 2893): BTConnStateMgr: BluetoothConnectionCallback registered.
07-26 12:30:16.408 I/BluetoothAdapterService( 2596): getActiveDevices: A2dp device: null
07-26 12:30:16.409 D/BluetoothAdapter( 2433): getActiveDevices(HEADSET)
07-26 12:30:16.410 I/bdic    ( 4147): (REDACTED) bluetoothConnectionStateChanged. Action: %s
07-26 12:30:16.411 I/BluetoothAdapterService( 2596): getActiveDevices: Headset device: null
07-26 12:30:16.412 D/BluetoothAdapter( 2433): getActiveDevices(HEARING_AID)
07-26 12:30:16.413 I/AdapterProperties( 2596): getBondedDevices: length=15
07-26 12:30:16.418 I/Nearby  ( 2893): (REDACTED) is blocked device type %s, isAuto=%s, isIot=%s, isLatchsky=%s, isChinaWearable=%s, isTv=%s, isWearable=%s (supportWearOs=%s), isChromeOsDevice=%s (supportChromeOs=%s)
07-26 12:30:16.419 I/NearbyDiscovery( 2893): (REDACTED) DiscoveryService onStartCommand action: %s
07-26 12:30:16.419 I/NearbyDiscovery( 2893): (REDACTED) onProfileConnectionStateChange: action=%s, prevState=%s, state=%s, %s
07-26 12:30:16.421 I/bt_btif_dm( 2596): system/btif/src/btif_dm.cc:852 btif_dm_get_connection_state: Acl is not connected to peer:xx:xx:xx:xx:68:a3
07-26 12:30:16.421 I/BluetoothAdapterService( 2596): getActiveDevices: Hearing Aid devices: Left[null] - Right[null]
07-26 12:30:16.422 D/BluetoothAdapter( 2433): getActiveDevices(LE_AUDIO)
07-26 12:30:16.423 I/APM_AudioPolicyManager( 1327): setDeviceAbsoluteVolumeEnabled: apply stream volumes for portId 6 and device type 128
07-26 12:30:16.423 I/BluetoothAdapterService( 2596): getActiveDevices: LeAudio devices: Lead[null] - member_1[null]
07-26 12:30:16.426 I/bt_btif_dm( 2596): system/btif/src/btif_dm.cc:852 btif_dm_get_connection_state: Acl is not connected to peer:xx:xx:xx:xx:8f:c1
07-26 12:30:16.426 D/CachedBluetoothDevice( 2433): onProfileStateChanged: profile HEADSET, device XX:XX:XX:XX:F2:E3, newProfileState 0
07-26 12:30:16.426 D/BluetoothAdapter( 2433): getActiveDevices(A2DP)
07-26 12:30:16.428 I/BluetoothAdapterService( 2596): getActiveDevices: A2dp device: null
07-26 12:30:16.430 I/bt_btif_dm( 2596): system/btif/src/btif_dm.cc:852 btif_dm_get_connection_state: Acl is not connected to peer:xx:xx:xx:xx:96:4d
07-26 12:30:16.431 D/BluetoothAdapter( 2433): getActiveDevices(HEADSET)
07-26 12:30:16.433 I/NearbyDiscovery( 2893): (REDACTED) onProfileConnectionStateChange: action=%s, prevState=%s, state=%s, %s
07-26 12:30:16.433 I/BluetoothAdapterService( 2596): getActiveDevices: Headset device: null
07-26 12:30:16.434 D/BluetoothAdapter( 2433): getActiveDevices(HEARING_AID)
07-26 12:30:16.435 I/NearbyFastPair( 2893): (REDACTED) WDLS onStartCommand: receive intent action=%s
07-26 12:30:16.435 I/NearbyFastPair( 2893): (REDACTED) WDLS onStartCommand: %s: %s
07-26 12:30:16.436 I/BluetoothAdapterService( 2596): getActiveDevices: Hearing Aid devices: Left[null] - Right[null]
07-26 12:30:16.437 I/NearbyDiscovery( 2893): (REDACTED) FastPairController: DeviceStateManager: removeProfile: %s, action=%s
07-26 12:30:16.437 I/NearbyDiscovery( 2893): (REDACTED) FastPairController: adjustEventStreamAfterProfileDisconnection: profiles are all disconnected, %s
07-26 12:30:16.438 I/NearbyDiscovery( 2893): (REDACTED) FastPairController: destroyEventStream: %s
07-26 12:30:16.438 I/NearbyDiscovery( 2893): (REDACTED) EventStreamManager: Disconnect event stream, %s
07-26 12:30:16.438 I/Nearby  ( 2893): (REDACTED) is blocked device type %s, isAuto=%s, isIot=%s, isLatchsky=%s, isChinaWearable=%s, isTv=%s, isWearable=%s (supportWearOs=%s), isChromeOsDevice=%s (supportChromeOs=%s)
07-26 12:30:16.438 I/NearbyFastPair( 2893): (REDACTED) FastPair, isTelephonyCallActive, callState=%s
07-26 12:30:16.438 I/APM_AudioPolicyManager( 1327): setDeviceAbsoluteVolumeEnabled: apply stream volumes for portId 9 and device type 128
07-26 12:30:16.440 D/BluetoothAdapter( 2433): getActiveDevices(LE_AUDIO)
07-26 12:30:16.445 I/BluetoothAdapterService( 2596): getActiveDevices: LeAudio devices: Lead[null] - member_1[null]
07-26 12:30:16.445 I/bt_btif_dm( 2596): system/btif/src/btif_dm.cc:852 btif_dm_get_connection_state: Acl is not connected to peer:xx:xx:xx:xx:74:48
07-26 12:30:16.447 D/CachedBluetoothDevice( 2433): onActiveDeviceChanged: profile A2DP, device XX:XX:XX:XX:68:A3, isActive false
07-26 12:30:16.447 D/CachedBluetoothDevice( 2433): onActiveDeviceChanged: profile A2DP, device XX:XX:XX:XX:8F:C1, isActive false
07-26 12:30:16.447 D/CachedBluetoothDevice( 2433): onActiveDeviceChanged: profile A2DP, device XX:XX:XX:XX:96:4D, isActive false
07-26 12:30:16.447 D/CachedBluetoothDevice( 2433): onActiveDeviceChanged: profile A2DP, device XX:XX:XX:XX:74:48, isActive false
07-26 12:30:16.447 D/CachedBluetoothDevice( 2433): onActiveDeviceChanged: profile A2DP, device XX:XX:XX:XX:40:25, isActive false
07-26 12:30:16.447 D/CachedBluetoothDevice( 2433): onActiveDeviceChanged: profile A2DP, device XX:XX:XX:XX:EC:4D, isActive false
07-26 12:30:16.447 D/CachedBluetoothDevice( 2433): onActiveDeviceChanged: profile A2DP, device XX:XX:XX:XX:C9:8E, isActive false
07-26 12:30:16.447 D/CachedBluetoothDevice( 2433): onActiveDeviceChanged: profile A2DP, device XX:XX:XX:XX:4D:19, isActive false
07-26 12:30:16.447 D/CachedBluetoothDevice( 2433): onActiveDeviceChanged: profile A2DP, device XX:XX:XX:XX:1A:18, isActive false
07-26 12:30:16.447 D/CachedBluetoothDevice( 2433): onActiveDeviceChanged: profile A2DP, device XX:XX:XX:XX:C4:DE, isActive false
07-26 12:30:16.447 D/CachedBluetoothDevice( 2433): onActiveDeviceChanged: profile A2DP, device XX:XX:XX:XX:A7:9D, isActive false
07-26 12:30:16.447 D/CachedBluetoothDevice( 2433): onActiveDeviceChanged: profile A2DP, device XX:XX:XX:XX:80:09, isActive false
07-26 12:30:16.447 D/CachedBluetoothDevice( 2433): onActiveDeviceChanged: profile A2DP, device XX:XX:XX:XX:F2:E3, isActive false
07-26 12:30:16.447 D/CachedBluetoothDevice( 2433): onActiveDeviceChanged: profile A2DP, device XX:XX:XX:XX:CB:F6, isActive false
07-26 12:30:16.447 D/CachedBluetoothDevice( 2433): onActiveDeviceChanged: profile A2DP, device XX:XX:XX:XX:09:92, isActive false
07-26 12:30:16.448 I/bt_btif_dm( 2596): system/btif/src/btif_dm.cc:852 btif_dm_get_connection_state: Acl is not connected to peer:xx:xx:xx:xx:40:25
07-26 12:30:16.450 I/bt_btif_dm( 2596): system/btif/src/btif_dm.cc:852 btif_dm_get_connection_state: Acl is not connected to peer:xx:xx:xx:xx:ec:4d
07-26 12:30:16.451 W/NearbyShared( 2893): BTConnStateMgr: proxy throw exception
07-26 12:30:16.451 W/NearbyShared( 2893): java.lang.UnsupportedOperationException: LE Audio Broadcasts are not connection-oriented.
07-26 12:30:16.451 W/NearbyShared( 2893): 	at android.bluetooth.BluetoothLeBroadcast.getConnectedDevices(BluetoothLeBroadcast.java:342)
07-26 12:30:16.451 W/NearbyShared( 2893): 	at gryu.s(:com.google.android.gms@252635035@25.26.35 (260400-783060121):1)
07-26 12:30:16.451 W/NearbyShared( 2893): 	at gryu.h(:com.google.android.gms@252635035@25.26.35 (260400-783060121):49)
07-26 12:30:16.451 W/NearbyShared( 2893): 	at gryu.a(:com.google.android.gms@252635035@25.26.35 (260400-783060121):1)
07-26 12:30:16.451 W/NearbyShared( 2893): 	at gryu.b(:com.google.android.gms@252635035@25.26.35 (260400-783060121):30)
07-26 12:30:16.451 W/NearbyShared( 2893): 	at ctfm.o(:com.google.android.gms@252635035@25.26.35 (260400-783060121):19)
07-26 12:30:16.451 W/NearbyShared( 2893): 	at ctfl.a(:com.google.android.gms@252635035@25.26.35 (260400-783060121):10)
07-26 12:30:16.451 W/NearbyShared( 2893): 	at grys.onReceive(:com.google.android.gms@252635035@25.26.35 (260400-783060121):170)
07-26 12:30:16.451 W/NearbyShared( 2893): 	at android.app.LoadedApk$ReceiverDispatcher$Args.lambda$getRunnable$0(LoadedApk.java:1825)
07-26 12:30:16.451 W/NearbyShared( 2893): 	at android.app.LoadedApk$ReceiverDispatcher$Args.$r8$lambda$mcNAAl1SQ4MyJPyDg8TJ2x2h0Rk(Unknown Source:0)
07-26 12:30:16.451 W/NearbyShared( 2893): 	at android.app.LoadedApk$ReceiverDispatcher$Args$$ExternalSyntheticLambda0.run(D8$$SyntheticClass:0)
07-26 12:30:16.451 W/NearbyShared( 2893): 	at android.os.Handler.handleCallback(Handler.java:991)
07-26 12:30:16.451 W/NearbyShared( 2893): 	at android.os.Handler.dispatchMessage(Handler.java:102)
07-26 12:30:16.451 W/NearbyShared( 2893): 	at android.os.Looper.loopOnce(Looper.java:232)
07-26 12:30:16.451 W/NearbyShared( 2893): 	at android.os.Looper.loop(Looper.java:317)
07-26 12:30:16.451 W/NearbyShared( 2893): 	at android.app.ActivityThread.main(ActivityThread.java:8934)
07-26 12:30:16.451 W/NearbyShared( 2893): 	at java.lang.reflect.Method.invoke(Native Method)
07-26 12:30:16.451 W/NearbyShared( 2893): 	at com.android.internal.os.RuntimeInit$MethodAndArgsCaller.run(RuntimeInit.java:591)
07-26 12:30:16.451 W/NearbyShared( 2893): 	at com.android.internal.os.ZygoteInit.main(ZygoteInit.java:911)
07-26 12:30:16.451 D/BluetoothLeBroadcastAssistant( 2893): getConnectedDevices()
07-26 12:30:16.453 I/APM_AudioPolicyManager( 1327): setDeviceAbsoluteVolumeEnabled: apply stream volumes for portId 11 and device type 128
07-26 12:30:16.455 I/bt_btif_dm( 2596): system/btif/src/btif_dm.cc:852 btif_dm_get_connection_state: Acl is not connected to peer:xx:xx:xx:xx:c9:8e
07-26 12:30:16.456 I/AdapterProperties( 2596): getBondedDevices: length=15
07-26 12:30:16.462 I/bt_btif_dm( 2596): system/btif/src/btif_dm.cc:852 btif_dm_get_connection_state: Acl is not connected to peer:xx:xx:xx:xx:4d:19
07-26 12:30:16.464 I/NearbyDiscovery( 2893): (REDACTED) DiscoveryService onStartCommand action: %s
07-26 12:30:16.465 I/NearbyDiscovery( 2893): (REDACTED) onProfileConnectionStateChange: action=%s, prevState=%s, state=%s, %s
07-26 12:30:16.465 I/APM_AudioPolicyManager( 1327): setDeviceAbsoluteVolumeEnabled: apply stream volumes for portId 13 and device type 128
07-26 12:30:16.466 I/bt_btif_dm( 2596): system/btif/src/btif_dm.cc:852 btif_dm_get_connection_state: Acl is not connected to peer:xx:xx:xx:xx:1a:18
07-26 12:30:16.470 I/NearbyDiscovery( 2893): (REDACTED) DiscoveryService onStartCommand action: %s
07-26 12:30:16.473 I/bt_btif_dm( 2596): system/btif/src/btif_dm.cc:852 btif_dm_get_connection_state: Acl is not connected to peer:xx:xx:xx:xx:c4:de
07-26 12:30:16.477 I/APM_AudioPolicyManager( 1327): setDeviceAbsoluteVolumeEnabled: apply stream volumes for portId 17 and device type 128
07-26 12:30:16.478 I/APM_AudioPolicyManager( 1327): setDeviceAbsoluteVolumeEnabled: apply stream volumes for portId 2108 and device type 128
07-26 12:30:16.479 I/bt_btif_dm( 2596): system/btif/src/btif_dm.cc:852 btif_dm_get_connection_state: Acl is not connected to peer:xx:xx:xx:xx:a7:9d
07-26 12:30:16.479 I/Nearby  ( 2893): (REDACTED) is blocked device type %s, isAuto=%s, isIot=%s, isLatchsky=%s, isChinaWearable=%s, isTv=%s, isWearable=%s (supportWearOs=%s), isChromeOsDevice=%s (supportChromeOs=%s)
07-26 12:30:16.487 I/bt_btif_dm( 2596): system/btif/src/btif_dm.cc:852 btif_dm_get_connection_state: Acl is not connected to peer:xx:xx:xx:xx:80:09
07-26 12:30:16.491 I/bt_btif_dm( 2596): system/btif/src/btif_dm.cc:852 btif_dm_get_connection_state: Acl is not connected to peer:xx:xx:xx:xx:f2:e3
07-26 12:30:16.492 D/DeviceHalAidl( 1327): [default] prepareToDisconnectExternalDevice: device AudioPort{id: 2091, name: Airdopes 141 ANC, profiles: [AudioProfile{name: , format: AudioFormatDescription{type: PCM, pcm: DEFAULT, encoding: }, channelMasks: [AudioChannelLayout{layoutMask: 3}], sampleRates: [48000], encapsulationType: NONE}], flags: AudioIoFlags{output: 0}, extraAudioDescriptors: [], gains: [], ext: AudioPortExt{device: AudioPortDeviceExt{device: AudioDevice{type: AudioDeviceDescription{type: OUT_DEVICE, connection: bt-a2dp}, address: AudioDeviceAddress{mac: [8, 228, 223, 148, 242, 227]}}, flags: 0, encodedFormats: [], encapsulationModes: 0, encapsulationMetadataTypes: 0, speakerLayout: (null)}}}
07-26 12:30:16.492 I/ASvc::Module( 1265): prepareToDisconnectExternalDevice: prepare to disconnect external device from port 300025
07-26 12:30:16.492 D/DeviceHalAidl( 1327): [r_submix] prepareToDisconnectExternalDevice: device AudioPort{id: 2091, name: Airdopes 141 ANC, profiles: [AudioProfile{name: , format: AudioFormatDescription{type: PCM, pcm: DEFAULT, encoding: }, channelMasks: [AudioChannelLayout{layoutMask: 3}], sampleRates: [48000], encapsulationType: NONE}], flags: AudioIoFlags{output: 0}, extraAudioDescriptors: [], gains: [], ext: AudioPortExt{device: AudioPortDeviceExt{device: AudioDevice{type: AudioDeviceDescription{type: OUT_DEVICE, connection: bt-a2dp}, address: AudioDeviceAddress{mac: [8, 228, 223, 148, 242, 227]}}, flags: 0, encodedFormats: [], encapsulationModes: 0, encapsulationMetadataTypes: 0, speakerLayout: (null)}}}
07-26 12:30:16.493 D/DeviceHalAidl( 1327): [bluetooth] prepareToDisconnectExternalDevice: device AudioPort{id: 2091, name: Airdopes 141 ANC, profiles: [AudioProfile{name: , format: AudioFormatDescription{type: PCM, pcm: DEFAULT, encoding: }, channelMasks: [AudioChannelLayout{layoutMask: 3}], sampleRates: [48000], encapsulationType: NONE}], flags: AudioIoFlags{output: 0}, extraAudioDescriptors: [], gains: [], ext: AudioPortExt{device: AudioPortDeviceExt{device: AudioDevice{type: AudioDeviceDescription{type: OUT_DEVICE, connection: bt-a2dp}, address: AudioDeviceAddress{mac: [8, 228, 223, 148, 242, 227]}}, flags: 0, encodedFormats: [], encapsulationModes: 0, encapsulationMetadataTypes: 0, speakerLayout: (null)}}}
07-26 12:30:16.493 D/DeviceHalAidl( 1327): [default] setConnectedState: connected 0 port: AudioPort{id: 2091, name: Airdopes 141 ANC, profiles: [AudioProfile{name: , format: AudioFormatDescription{type: PCM, pcm: DEFAULT, encoding: }, channelMasks: [AudioChannelLayout{layoutMask: 3}], sampleRates: [48000], encapsulationType: NONE}], flags: AudioIoFlags{output: 0}, extraAudioDescriptors: [], gains: [], ext: AudioPortExt{device: AudioPortDeviceExt{device: AudioDevice{type: AudioDeviceDescription{type: OUT_DEVICE, connection: bt-a2dp}, address: AudioDeviceAddress{mac: [8, 228, 223, 148, 242, 227]}}, flags: 0, encodedFormats: [], encapsulationModes: 0, encapsulationMetadataTypes: 0, speakerLayout: (null)}}}
07-26 12:30:16.493 D/Hal2AidlMapper( 1327): [default] setDevicePortConnectedState: state disconnected, device AudioPort{id: 2091, name: Airdopes 141 ANC, profiles: [AudioProfile{name: , format: AudioFormatDescription{type: PCM, pcm: DEFAULT, encoding: }, channelMasks: [AudioChannelLayout{layoutMask: 3}], sampleRates: [48000], encapsulationType: NONE}], flags: AudioIoFlags{output: 0}, extraAudioDescriptors: [], gains: [], ext: AudioPortExt{device: AudioPortDeviceExt{device: AudioDevice{type: AudioDeviceDescription{type: OUT_DEVICE, connection: bt-a2dp}, address: AudioDeviceAddress{mac: [8, 228, 223, 148, 242, 227]}}, flags: 0, encodedFormats: [], encapsulationModes: 0, encapsulationMetadataTypes: 0, speakerLayout: (null)}}}
07-26 12:30:16.493 D/Hal2AidlMapper( 1327): [default] setDevicePortConnectedState: device port for device AudioDevice{type: AudioDeviceDescription{type: OUT_DEVICE, connection: bt-a2dp}, address: AudioDeviceAddress{mac: [8, 228, 223, 148, 242, 227]}} found
07-26 12:30:16.493 D/Hal2AidlMapper( 1327): [default] releaseAudioPatch: patchId 245
07-26 12:30:16.493 I/ASvc::Module( 1265): resetAudioPatch: patch id = 245
07-26 12:30:16.493 I/AHal::Router( 1265): InvalidateLocked: nothing change between graph #3032 and #3033
07-26 12:30:16.494 I/bt_btif_dm( 2596): system/btif/src/btif_dm.cc:852 btif_dm_get_connection_state: Acl is not connected to peer:xx:xx:xx:xx:cb:f6
07-26 12:30:16.494 D/Hal2AidlMapper( 1327): [default] resetPortConfig: AudioPortConfig{id: 400293, portId: 300025, sampleRate: Int{value: 48000}, channelMask: AudioChannelLayout{layoutMask: 3}, format: AudioFormatDescription{type: PCM, pcm: DEFAULT, encoding: }, gain: (null), flags: AudioIoFlags{output: 0}, ext: AudioPortExt{device: AudioPortDeviceExt{device: AudioDevice{type: AudioDeviceDescription{type: OUT_DEVICE, connection: bt-a2dp}, address: AudioDeviceAddress{mac: [8, 228, 223, 148, 242, 227]}}, flags: 0, encodedFormats: [], encapsulationModes: 0, encapsulationMetadataTypes: 0, speakerLayout: (null)}}}
07-26 12:30:16.494 I/ASvc::Module( 1265): resetAudioPortConfig: port config id = 400293
07-26 12:30:16.494 I/ASvc::Module( 1265): disconnectExternalDevice: disconnecting an external device from port 300025
07-26 12:30:16.494 I/AHal::PortRouteManager( 1265): UpdateRoutes: disconnect port 300025, template port 100007
07-26 12:30:16.494 I/AHal::PortRouteManager( 1265): UpdateHifiProfiles: port 300025, disconnecting
07-26 12:30:16.494 I/AHal::DeviceManager( 1265): RemoveDynamicPortMapping: dynamic port ID = 300025
07-26 12:30:16.494 I/AHal::BT( 1265): DisconnectDevice: bluetooth-a2dp-device
07-26 12:30:16.494 I/AHal::Bt::A2dpWrapper( 1265): TearDown: 0xb400007987f9c320 512
07-26 12:30:16.497 I/bt_btif_dm( 2596): system/btif/src/btif_dm.cc:852 btif_dm_get_connection_state: Acl is not connected to peer:xx:xx:xx:xx:09:92
07-26 12:30:16.497 I/bdhc    ( 4147): Deinitializing Gemini service client
07-26 12:30:16.499 I/bdhh    ( 4147): Deinitializing PhoneMediaHandler
07-26 12:30:16.511 I/bt_btif_dm( 2596): system/btif/src/btif_dm.cc:852 btif_dm_get_connection_state: Acl is not connected to peer:xx:xx:xx:xx:f2:e3
07-26 12:30:16.515 I/ActiveUnlock( 2893): (REDACTED) BluetoothDevice %s connection state changed: %s, transport: %d, hashcode: %s
07-26 12:30:16.517 W/NearbyFastPair( 2893): BluetoothDeviceHelper: cannot get uuids XX:XX:XX:XX:09:92 [CONTEXT service_id=265 ]
07-26 12:30:16.517 I/NearbyFastPair( 2893): (REDACTED) BluetoothDeviceHelper: bonded device %s [%s]
07-26 12:30:16.518 I/NearbyShared( 2893): (REDACTED) BTConnStateMgr: tryReconnectProxy called but proxy is not connected, try reconnect and wait, profile=%s
07-26 12:30:16.523 D/BluetoothAdapter( 2893): A2DP connected
07-26 12:30:16.533 I/NearbyDiscovery( 2893): (REDACTED) DiscoveryService onStartCommand action: %s
07-26 12:30:16.534 I/NearbyDiscovery( 2893): (REDACTED) FastPair: HfpDevice disconnected, %s
07-26 12:30:16.534 I/NearbyDiscovery( 2893): (REDACTED) onProfileConnectionStateChange: action=%s, prevState=%s, state=%s, %s
07-26 12:30:16.537 I/Nearby  ( 2893): (REDACTED) is blocked device type %s, isAuto=%s, isIot=%s, isLatchsky=%s, isChinaWearable=%s, isTv=%s, isWearable=%s (supportWearOs=%s), isChromeOsDevice=%s (supportChromeOs=%s)
07-26 12:30:16.538 I/NearbyShared( 2893): (REDACTED) BTConnStateMgr: onServiceConnected with profile %d.
07-26 12:30:16.538 I/NearbyShared( 2893): (REDACTED) BTConnStateMgr: tryReconnectProxy reconnect profile %d successful. Latency=%dms
07-26 12:30:16.540 I/NearbyShared( 2893): (REDACTED) BTConnStateMgr: tryReconnectProxy called but proxy is not connected, try reconnect and wait, profile=%s
07-26 12:30:16.541 D/BluetoothAdapter( 2893): HEADSET connected
07-26 12:30:16.545 I/NearbyDiscovery( 2893): (REDACTED) DiscoveryService onStartCommand action: %s
07-26 12:30:16.545 I/Nearby  ( 2893): (REDACTED) is blocked device type %s, isAuto=%s, isIot=%s, isLatchsky=%s, isChinaWearable=%s, isTv=%s, isWearable=%s (supportWearOs=%s), isChromeOsDevice=%s (supportChromeOs=%s)
07-26 12:30:16.546 I/NearbyShared( 2893): (REDACTED) BTConnStateMgr: onServiceConnected with profile %d.
07-26 12:30:16.546 I/NearbyShared( 2893): (REDACTED) BTConnStateMgr: tryReconnectProxy reconnect profile %d successful. Latency=%dms
07-26 12:30:16.548 I/NearbyDiscovery( 2893): (REDACTED) DiscoveryService onStartCommand action: %s
07-26 12:30:16.548 I/NearbyDiscovery( 2893): (REDACTED) onAclChange: state=%s, %s
07-26 12:30:16.551 I/Nearby  ( 2893): (REDACTED) is blocked device type %s, isAuto=%s, isIot=%s, isLatchsky=%s, isChinaWearable=%s, isTv=%s, isWearable=%s (supportWearOs=%s), isChromeOsDevice=%s (supportChromeOs=%s)
07-26 12:30:16.551 I/NearbyShared( 2893): (REDACTED) BTConnStateMgr: tryReconnectProxy called but proxy is not connected, try reconnect and wait, profile=%s
07-26 12:30:16.552 D/BluetoothAdapter( 2893): LE_AUDIO connected
07-26 12:30:16.553 I/NearbyShared( 2893): (REDACTED) BTConnStateMgr: onServiceConnected with profile %d.
07-26 12:30:16.553 I/NearbyShared( 2893): (REDACTED) BTConnStateMgr: tryReconnectProxy reconnect profile %d successful. Latency=%dms
07-26 12:30:16.553 I/NearbyFastPair( 2893): WDLS getConnectedProfiles: Add LE_AUDIO in profile list [CONTEXT service_id=265 ]
07-26 12:30:16.553 I/NearbyDiscovery( 2893): (REDACTED) DiscoveryService onStartCommand action: %s
07-26 12:30:16.553 I/NearbyDiscovery( 2893): (REDACTED) FastPair: HfpDevice disconnected, %s
07-26 12:30:16.554 I/NearbyDiscovery( 2893): (REDACTED) onProfileConnectionStateChange: action=%s, prevState=%s, state=%s, %s
07-26 12:30:16.557 I/NearbyFastPair( 2893): BluetoothDeviceHelper: getConnectedDeviceWithProfiles put devices for BluetoothLeAudio [CONTEXT service_id=265 ]
07-26 12:30:16.562 D/BluetoothAdapter( 2893): getActiveDevices(LE_AUDIO)
07-26 12:30:16.563 I/BluetoothAdapterService( 2596): getActiveDevices: LeAudio devices: Lead[null] - member_1[null]
07-26 12:30:16.564 W/NearbyShared( 2893): BluetoothDeviceInfoUtils: active device is null
07-26 12:30:16.564 W/NearbyShared( 2893): BluetoothDeviceInfoUtils: active device is null
07-26 12:30:16.565 I/NearbyFastPair( 2893): BluetoothDeviceHelper: getActiveDeviceWithProfiles no leAudioDevices [CONTEXT service_id=265 ]
07-26 12:30:16.583 I/NearbyShared( 2893): (REDACTED) ServiceBinder: bind service %s:%s, state=%s
07-26 12:30:16.583 I/AdapterProperties( 2596): getBondedDevices: length=15
07-26 12:30:16.587 I/AdapterProperties( 2596): getBondedDevices: length=15
07-26 12:30:16.601 I/NearbyShared( 2893): (REDACTED) ServiceBinder: bind service %s:%s, state=%s
07-26 12:30:16.609 I/NearbyShared( 2893): (REDACTED) ServiceBinder: bind service %s:%s, state=%s
07-26 12:30:16.616 I/NearbyShared( 2893): (REDACTED) ServiceBinder: bind service %s:%s, state=%s
07-26 12:30:16.624 I/NearbyShared( 2893): (REDACTED) ServiceBinder: bind service %s:%s, state=%s
07-26 12:30:16.632 I/NearbyShared( 2893): (REDACTED) ServiceBinder: bind service %s:%s, state=%s
07-26 12:30:16.643 I/NearbyShared( 2893): (REDACTED) ServiceBinder: bind service %s:%s, state=%s
07-26 12:30:16.648 I/NearbyShared( 2893): (REDACTED) ServiceBinder: bind service %s:%s, state=%s
07-26 12:30:16.653 I/NearbyShared( 2893): (REDACTED) ServiceBinder: bind service %s:%s, state=%s
07-26 12:30:16.658 I/NearbyShared( 2893): (REDACTED) ServiceBinder: bind service %s:%s, state=%s
07-26 12:30:16.664 I/NearbyShared( 2893): (REDACTED) ServiceBinder: bind service %s:%s, state=%s
07-26 12:30:16.669 I/NearbyShared( 2893): (REDACTED) ServiceBinder: bind service %s:%s, state=%s
07-26 12:30:16.674 I/NearbyShared( 2893): (REDACTED) ServiceBinder: bind service %s:%s, state=%s
07-26 12:30:16.679 I/NearbyShared( 2893): (REDACTED) ServiceBinder: bind service %s:%s, state=%s
07-26 12:30:16.682 I/NearbyFastPair( 2893): compareConnectedPeripherals: connected hfp change. [CONTEXT service_id=265 ]
07-26 12:30:16.699 I/NearbyFastPair( 2893): WDLS updateLocalNodeInfo: updated local node [CONTEXT service_id=265 ]
07-26 12:30:16.702 I/NearbyFastPair( 2893): (REDACTED) WDLS onStartCommand: receive intent action=%s
07-26 12:30:16.702 D/BluetoothAdapter( 2893): A2DP disconnected
07-26 12:30:16.702 D/BluetoothAdapter( 2893): HEADSET disconnected
07-26 12:30:16.702 D/BluetoothAdapter( 2893): LE_AUDIO disconnected
07-26 12:30:16.703 D/BluetoothAdapter( 2893): unregisterBluetoothConnectionCallback()
07-26 12:30:16.703 I/NearbyShared( 2893): (REDACTED) ServiceBinder: unbind service %s
07-26 12:30:16.704 I/NearbyFastPair( 2893): WDLS destroyed [CONTEXT service_id=265 ]
07-26 12:30:16.705 I/NearbyShared( 2893): (REDACTED) BTConnStateMgr: onServiceDisconnected with profile %d.
07-26 12:30:16.705 I/NearbyShared( 2893): (REDACTED) BTConnStateMgr: onServiceDisconnected with profile %d.
07-26 12:30:16.705 I/NearbyShared( 2893): (REDACTED) BTConnStateMgr: onServiceDisconnected with profile %d.
07-26 12:30:16.814 I/AHal::Bt::A2dpWrapper( 1265): PollingDelayThreadLoop: bt-polling-delay exit
07-26 12:30:16.814 I/pixel-thermal( 2092): VIRTUAL-SKIN-CPU-LIGHT-ODPM:36.4816 raw data: VIRTUAL-SKIN:36481.6 VIRTUAL-SKIN-CPU-LIGHT-ODPM:36481.6 VIRTUAL-SKIN-SUB-0:35452.6 VIRTUAL-SKIN-SUB-1:35805.1 VIRTUAL-SKIN-SUB-2:35743 VIRTUAL-SKIN-SUB-3:36481.6 VIRTUAL-SKIN-SUB-4:34803.9 VIRTUAL-SKIN-SUB-5:34969.3 VIRTUAL-SKIN-SUB-6:35646.9 VIRTUAL-SKIN-SUB-7:35384.3 VIRTUAL-SKIN-SUB-8:35670.9 battery:36400 cam_therm:36180 charge_therm:40929 disp_therm:36068 neutral_therm:38272 north_therm:35890 quiet_therm:36291 soc_therm:37782 usb_pwr_therm:37048 
07-26 12:30:16.814 I/AHal::Bt::A2dpWrapper( 1265): StopStream: A2DP 512 State::kDisabled (0)
07-26 12:30:16.815 I/ASvc::Module( 1265): getAudioRoutes: routes count = 27
07-26 12:30:16.815 D/DeviceHalAidl( 1327): [r_submix] setConnectedState: connected 0 port: AudioPort{id: 2091, name: Airdopes 141 ANC, profiles: [AudioProfile{name: , format: AudioFormatDescription{type: PCM, pcm: DEFAULT, encoding: }, channelMasks: [AudioChannelLayout{layoutMask: 3}], sampleRates: [48000], encapsulationType: NONE}], flags: AudioIoFlags{output: 0}, extraAudioDescriptors: [], gains: [], ext: AudioPortExt{device: AudioPortDeviceExt{device: AudioDevice{type: AudioDeviceDescription{type: OUT_DEVICE, connection: bt-a2dp}, address: AudioDeviceAddress{mac: [8, 228, 223, 148, 242, 227]}}, flags: 0, encodedFormats: [], encapsulationModes: 0, encapsulationMetadataTypes: 0, speakerLayout: (null)}}}
07-26 12:30:16.815 D/Hal2AidlMapper( 1327): [r_submix] setDevicePortConnectedState: state disconnected, device AudioPort{id: 2091, name: Airdopes 141 ANC, profiles: [AudioProfile{name: , format: AudioFormatDescription{type: PCM, pcm: DEFAULT, encoding: }, channelMasks: [AudioChannelLayout{layoutMask: 3}], sampleRates: [48000], encapsulationType: NONE}], flags: AudioIoFlags{output: 0}, extraAudioDescriptors: [], gains: [], ext: AudioPortExt{device: AudioPortDeviceExt{device: AudioDevice{type: AudioDeviceDescription{type: OUT_DEVICE, connection: bt-a2dp}, address: AudioDeviceAddress{mac: [8, 228, 223, 148, 242, 227]}}, flags: 0, encodedFormats: [], encapsulationModes: 0, encapsulationMetadataTypes: 0, speakerLayout: (null)}}}
07-26 12:30:16.815 D/DeviceHalAidl( 1327): [bluetooth] setConnectedState: connected 0 port: AudioPort{id: 2091, name: Airdopes 141 ANC, profiles: [AudioProfile{name: , format: AudioFormatDescription{type: PCM, pcm: DEFAULT, encoding: }, channelMasks: [AudioChannelLayout{layoutMask: 3}], sampleRates: [48000], encapsulationType: NONE}], flags: AudioIoFlags{output: 0}, extraAudioDescriptors: [], gains: [], ext: AudioPortExt{device: AudioPortDeviceExt{device: AudioDevice{type: AudioDeviceDescription{type: OUT_DEVICE, connection: bt-a2dp}, address: AudioDeviceAddress{mac: [8, 228, 223, 148, 242, 227]}}, flags: 0, encodedFormats: [], encapsulationModes: 0, encapsulationMetadataTypes: 0, speakerLayout: (null)}}}
07-26 12:30:16.815 D/Hal2AidlMapper( 1327): [bluetooth] setDevicePortConnectedState: state disconnected, device AudioPort{id: 2091, name: Airdopes 141 ANC, profiles: [AudioProfile{name: , format: AudioFormatDescription{type: PCM, pcm: DEFAULT, encoding: }, channelMasks: [AudioChannelLayout{layoutMask: 3}], sampleRates: [48000], encapsulationType: NONE}], flags: AudioIoFlags{output: 0}, extraAudioDescriptors: [], gains: [], ext: AudioPortExt{device: AudioPortDeviceExt{device: AudioDevice{type: AudioDeviceDescription{type: OUT_DEVICE, connection: bt-a2dp}, address: AudioDeviceAddress{mac: [8, 228, 223, 148, 242, 227]}}, flags: 0, encodedFormats: [], encapsulationModes: 0, encapsulationMetadataTypes: 0, speakerLayout: (null)}}}
07-26 12:30:16.818 D/DeviceHalAidl( 1327): [default] releaseAudioPatch: patch: 245
07-26 12:30:16.819 D/BTAudioSessionAidl( 1265): GetSupportedLatencyModes - SessionType=LE_AUDIO_HARDWARE_OFFLOAD_ENCODING_DATAPATH has NO session
07-26 12:30:16.819 D/BTAudioSessionAidl( 1265): SetLatencyMode - SessionType=LE_AUDIO_HARDWARE_OFFLOAD_ENCODING_DATAPATH has NO session
07-26 12:30:16.819 D/BTAudioSessionAidl( 1265): GetSupportedLatencyModes - SessionType=A2DP_HARDWARE_OFFLOAD_ENCODING_DATAPATH has NO session
07-26 12:30:16.819 D/BTAudioSessionAidl( 1265): SetLatencyMode - SessionType=A2DP_HARDWARE_OFFLOAD_ENCODING_DATAPATH has NO session
07-26 12:30:16.820 W/APM::Devices( 1327): DeviceVector::remove device 00000080 not in
07-26 12:30:16.822 I/AS.AudioDeviceInventory( 1659): A2DP device addr=XX:XX:XX:XX:F2:E3 made unavailable
07-26 12:30:16.824 V/MediaRouter(27927): Selecting route: RouteInfo{ name=Phone, description=null, status=null, category=RouteCategory{ name=System types=ROUTE_TYPE_LIVE_AUDIO ROUTE_TYPE_LIVE_VIDEO  groupable=false }, supportedTypes=ROUTE_TYPE_LIVE_AUDIO ROUTE_TYPE_LIVE_VIDEO , presentationDisplay=null }
07-26 12:30:16.825 V/MediaRouter( 5315): Selecting route: RouteInfo{ name=Phone, description=null, status=null, category=RouteCategory{ name=System types=ROUTE_TYPE_LIVE_AUDIO ROUTE_TYPE_LIVE_VIDEO  groupable=false }, supportedTypes=ROUTE_TYPE_LIVE_AUDIO ROUTE_TYPE_LIVE_VIDEO , presentationDisplay=null }
07-26 12:30:16.825 V/MediaRouter( 2893): Selecting route: RouteInfo{ name=Phone, description=null, status=null, category=RouteCategory{ name=System types=ROUTE_TYPE_LIVE_AUDIO ROUTE_TYPE_LIVE_VIDEO  groupable=false }, supportedTypes=ROUTE_TYPE_LIVE_AUDIO ROUTE_TYPE_LIVE_VIDEO , presentationDisplay=null }
07-26 12:30:16.826 I/pixel-thermal( 2092): VIRTUAL-SKIN-CPU-LIGHT-ODPM power_budget=1807.34 err=2.51836 s_power=800 time_elapsed_ms=7011 p=1007.34 i=0 d=0 compensation=0 budget transient=0 control target=2
07-26 12:30:16.826 I/pixel-thermal( 2092): VIRTUAL-SKIN-CPU-LIGHT-ODPM binded power rails: (S4M_VDD_CPUCL0: 55.14 mW)(S2M_VDD_CPUCL2: 0.98 mW)(S3M_VDD_CPUCL1: 9.43 mW)
07-26 12:30:16.826 I/pixel-thermal( 2092): cellular-emergency:36.4816 raw data: VIRTUAL-SKIN:36481.6 cellular-emergency:36481.6 
07-26 12:30:16.826 I/pixel-thermal( 2092): VIRTUAL-SKIN-CPU-MID:36.4816 raw data: VIRTUAL-SKIN:36481.6 VIRTUAL-SKIN-CPU-MID:36481.6 
07-26 12:30:16.826 I/pixel-thermal( 2092): VIRTUAL-SKIN-HINT:36.4816 raw data: VIRTUAL-SKIN:36481.6 VIRTUAL-SKIN-HINT:36481.6 
07-26 12:30:16.826 I/pixel-thermal( 2092): VIRTUAL-SKIN-CPU-HIGH:36.4816 raw data: VIRTUAL-SKIN:36481.6 VIRTUAL-SKIN-CPU-HIGH:36481.6 
07-26 12:30:16.826 I/pixel-thermal( 2092): VIRTUAL-SKIN-SOC:36.4816 raw data: VIRTUAL-SKIN:36481.6 VIRTUAL-SKIN-SOC:36481.6 
07-26 12:30:16.826 I/pixel-thermal( 2092): VIRTUAL-SKIN-SOC power_budget=3355.51 err=8.51836 s_power=800 time_elapsed_ms=7011 p=2555.51 i=0 d=0 compensation=0 budget transient=0 control target=3
07-26 12:30:16.826 I/pixel-thermal( 2092): VIRTUAL-SKIN-SOC binded power rails: (S4M_VDD_CPUCL0: 55.14 mW)(S2M_VDD_CPUCL2: 0.98 mW)(S3M_VDD_CPUCL1: 9.43 mW)(S2S_VDD_G3D: 0.45 mW)(S7M_VDD_TPU: 0.00 mW)
07-26 12:30:16.826 I/pixel-thermal( 2092): VIRTUAL-SKIN:36.4816 raw data: VIRTUAL-SKIN:36481.6 
07-26 12:30:16.826 I/pixel-thermal( 2092): VIRTUAL-SKIN-GPU:36.4816 raw data: VIRTUAL-SKIN:36481.6 VIRTUAL-SKIN-GPU:36481.6 
07-26 12:30:16.826 I/pixel-thermal( 2092): VIRTUAL-SKIN-SPEAKER:33.714 raw data: VIRTUAL-SKIN-SPEAKER:33714 VIRTUAL-SKIN-SPEAKER-SUB-0:32137.6 VIRTUAL-SKIN-SPEAKER-SUB-1:33714 VIRTUAL-SKIN-SPEAKER-SUB-2:33597.5 VIRTUAL-SKIN-SPEAKER-SUB-3:33455.4 battery:36400 cam_therm:36180 charge_therm:40929 disp_therm:36068 neutral_therm:38272 north_therm:35890 quiet_therm:36291 soc_therm:37782 usb_pwr_therm:37048 
07-26 12:30:16.826 I/pixel-thermal( 2092): VIRTUAL-SKIN-CHARGE-WIRED:36.2667 raw data: NO_WLC:1 VIRTUAL-SKIN-CHARGE:36266.7 VIRTUAL-SKIN-CHARGE-SUB-0:35775.5 VIRTUAL-SKIN-CHARGE-SUB-1:34915 VIRTUAL-SKIN-CHARGE-SUB-2:35766 VIRTUAL-SKIN-CHARGE-SUB-3:35937.6 VIRTUAL-SKIN-CHARGE-SUB-4:36266.7 VIRTUAL-SKIN-CHARGE-SUB-5:35799.4 VIRTUAL-SKIN-CHARGE-SUB-6:34516.3 VIRTUAL-SKIN-CHARGE-WIRED:36266.7 WLC_CHECK:1 battery:36400 cam_therm:36180 charge_therm:40929 disp_therm:36068 neutral_therm:38272 north_therm:35890 quiet_therm:36291 soc_therm:37782 thb_hda:54 usb_pwr_therm:37048 
07-26 12:30:16.826 I/pixel-thermal( 2092): VIRTUAL-SKIN-CHARGE-WIRED power_budget=3678.06 err=1.73331 s_power=2404 time_elapsed_ms=7011 p=175.064 i=1099 d=-0 compensation=0 budget transient=0 control target=2
07-26 12:30:16.826 I/pixel-thermal( 2092): VIRTUAL-SKIN-CHARGE-WIRED power budget=3646.01 after (PARTIAL_SYSTEM_POWER: 320.50 mW, cdev_weight: 0.100000) is excluded
07-26 12:30:16.826 I/pixel-thermal( 2092): VIRTUAL-SKIN-CHARGE-WIRED binded power rails: (PARTIAL_SYSTEM_POWER: 320.50 mW, cdev_weight: 0.100000)
07-26 12:30:16.826 I/pixel-thermal( 2092): VIRTUAL-SKIN-CHARGE-PERSIST:36.2667 raw data: VIRTUAL-SKIN-CHARGE:36266.7 VIRTUAL-SKIN-CHARGE-PERSIST:36266.7 
07-26 12:30:16.826 I/pixel-thermal( 2092): VIRTUAL-SKIN-CHARGE-PERSIST power_budget=3908.26 err=4.73331 s_power=2066 time_elapsed_ms=7011 p=776.262 i=1066 d=-0 compensation=0 budget transient=0 control target=2
07-26 12:30:16.826 I/pixel-thermal( 2092): VIRTUAL-SKIN-CHARGE-PERSIST power budget=3856.98 after (PARTIAL_SYSTEM_POWER: 320.50 mW, cdev_weight: 0.160000) is excluded
07-26 12:30:16.826 I/pixel-thermal( 2092): VIRTUAL-SKIN-CHARGE-PERSIST binded power rails: (PARTIAL_SYSTEM_POWER: 320.50 mW, cdev_weight: 0.160000)
07-26 12:30:16.827 V/MediaRouter( 1659): Selecting route: RouteInfo{ name=Phone, description=null, status=null, category=RouteCategory{ name=System types=ROUTE_TYPE_LIVE_AUDIO ROUTE_TYPE_LIVE_VIDEO  groupable=false }, supportedTypes=ROUTE_TYPE_LIVE_AUDIO ROUTE_TYPE_LIVE_VIDEO , presentationDisplay=null }
07-26 12:30:16.827 I/MediaRouter( 1659): Skip setBluetoothA2dpOn(): types=8388615, isPlaybackActive()=false, BT route=null
07-26 12:30:16.827 V/MediaRouter( 1659): Audio routes updated: AudioRoutesInfo{ type=SPEAKER }, a2dp=false
07-26 12:30:16.827 V/MediaRouter( 1659): Selecting route: RouteInfo{ name=Phone, description=null, status=null, category=RouteCategory{ name=System types=ROUTE_TYPE_LIVE_AUDIO ROUTE_TYPE_LIVE_VIDEO  groupable=false }, supportedTypes=ROUTE_TYPE_LIVE_AUDIO ROUTE_TYPE_LIVE_VIDEO , presentationDisplay=null }
07-26 12:30:16.828 V/MediaRouter( 2433): Selecting route: RouteInfo{ name=Phone, description=null, status=null, category=RouteCategory{ name=System types=ROUTE_TYPE_LIVE_AUDIO ROUTE_TYPE_LIVE_VIDEO  groupable=false }, supportedTypes=ROUTE_TYPE_LIVE_AUDIO ROUTE_TYPE_LIVE_VIDEO , presentationDisplay=null }
07-26 12:30:16.829 I/MediaRouter( 5315): Skip setBluetoothA2dpOn(): types=8388615, isPlaybackActive()=false, BT route=null
07-26 12:30:16.829 I/MediaRouter( 2433): Skip setBluetoothA2dpOn(): types=8388615, isPlaybackActive()=false, BT route=null
07-26 12:30:16.830 V/MediaRouter( 2433): Audio routes updated: AudioRoutesInfo{ type=SPEAKER }, a2dp=false
07-26 12:30:16.830 V/MediaRouter( 2433): Selecting route: RouteInfo{ name=Phone, description=null, status=null, category=RouteCategory{ name=System types=ROUTE_TYPE_LIVE_AUDIO ROUTE_TYPE_LIVE_VIDEO  groupable=false }, supportedTypes=ROUTE_TYPE_LIVE_AUDIO ROUTE_TYPE_LIVE_VIDEO , presentationDisplay=null }
07-26 12:30:16.830 I/MediaRouter(27927): Skip setBluetoothA2dpOn(): types=8388615, isPlaybackActive()=false, BT route=null
07-26 12:30:16.831 V/MediaRouter( 5315): Audio routes updated: AudioRoutesInfo{ type=SPEAKER }, a2dp=false
07-26 12:30:16.831 I/MediaRouter( 2893): Skip setBluetoothA2dpOn(): types=8388615, isPlaybackActive()=false, BT route=null
07-26 12:30:16.831 V/MediaRouter( 5315): Selecting route: RouteInfo{ name=Phone, description=null, status=null, category=RouteCategory{ name=System types=ROUTE_TYPE_LIVE_AUDIO ROUTE_TYPE_LIVE_VIDEO  groupable=false }, supportedTypes=ROUTE_TYPE_LIVE_AUDIO ROUTE_TYPE_LIVE_VIDEO , presentationDisplay=null }
07-26 12:30:16.833 I/Telecom ( 1659): WiredHeadsetManager: ACTION_HEADSET_PLUG event, plugged in: false, : WHC.oADR@T44
07-26 12:30:16.846 W/AxMediaRouter(27927): Changing selection(Airdopes 141 ANC(BT=true, syncMediaRoute1Provider=false)) to default while BT is available: pkgName=com.google.android.youtube- Stacktrace: [dyx.m:204, dzw.j:9, eai.i:67, eac.onRouteSelected:3, android.media.MediaRouter.dispatchRouteSelected:1364, android.media.MediaRouter.selectRouteStatic:1120, android.media.MediaRouter.selectDefaultRouteStatic:1133, android.media.MediaRouter.removeRouteStatic:1246, android.media.MediaRouter$Static.updateAudioRoutes:264, android.media.MediaRouter$Static$1$1.run:132, android.os.Handler.handleCallback:991, android.os.Handler.dispatchMessage:102, android.os.Looper.loopOnce:232, android.os.Looper.loop:317, android.app.ActivityThread.main:8934, java.lang.reflect.Method.invoke:-2, com.android.internal.os.RuntimeInit$MethodAndArgsCaller.run:591, com.android.internal.os.ZygoteInit.main:911]
07-26 12:30:16.846 V/MediaRouter(27927): Audio routes updated: AudioRoutesInfo{ type=SPEAKER }, a2dp=false
07-26 12:30:16.846 V/MediaRouter(27927): Selecting route: RouteInfo{ name=Phone, description=null, status=null, category=RouteCategory{ name=System types=ROUTE_TYPE_LIVE_AUDIO ROUTE_TYPE_LIVE_VIDEO  groupable=false }, supportedTypes=ROUTE_TYPE_LIVE_AUDIO ROUTE_TYPE_LIVE_VIDEO , presentationDisplay=null }
07-26 12:30:16.847 I/MR2ServiceImpl( 1659): removeProviderRoutes | provider: com.android.server.media/.SystemMediaRoute2Provider, routes: [08:E4:DF:94:F2:E3 | Airdopes 141 ANC]
07-26 12:30:16.849 I/AS.SpatializerHelper( 1659): Device incompatible with Spatial Audio dev:AudioDeviceAttributes: role:output type:speaker addr: name: profiles:[] descriptors:[]
07-26 12:30:16.849 I/AS.SpatializerHelper( 1659): onRoutingUpdated: device:AudioDeviceAttributes: role:output type:speaker addr: name: profiles:[] descriptors:[] not available for Spatial Audio
07-26 12:30:16.849 I/AS.SpatializerHelper( 1659): setDispatchAvailableState(false) mState:STATE_ENABLED_UNAVAILABLE
07-26 12:30:16.849 I/AS.SpatializerHelper( 1659): Disabling Spatial Audio since disabled for media device:AudioDeviceAttributes: role:output type:speaker addr: name: profiles:[] descriptors:[]
07-26 12:30:16.849 I/AS.SpatializerHelper( 1659): Setting spatialization level to: 0
07-26 12:30:16.850 I/AdapterProperties( 2596): getBondedDevices: length=15
07-26 12:30:16.851 D/Spatializer( 1327): checkSensorsState_l: setRequestedLatencyMode for output thread(501) to FREE returned 0
07-26 12:30:16.851 I/bntz    ( 4147): (REDACTED) #onAudioDevicesRemoved count: %s
07-26 12:30:16.851 I/AS.SpatializerHelper( 1659): setDispatchFeatureEnabledState(false) mState:STATE_DISABLED_UNAVAILABLE
07-26 12:30:16.851 I/AS.SpatializerHelper( 1659): SpatializerCallback.onLevelChanged level:0
07-26 12:30:16.851 I/bntt    ( 4147): (REDACTED) #isBluetoothOrWiredHeadsetConnected Number of connected audio devices: %s
07-26 12:30:16.852 I/bntz    ( 4147): (REDACTED) #onChange eventType: %s
07-26 12:30:16.852 I/bmkb    ( 4147): (REDACTED) #onHeadsetConnectionEvent: %s
07-26 12:30:16.852 I/bmif    ( 4147): (REDACTED) starting updateConfig, reason: %s
07-26 12:30:16.854 I/ASvc::Effect( 1265): command (0xb400007a17f9aaa0): Decibel Spatializer Library receive command STOP
07-26 12:30:16.854 I/EHal::OffloadEffect( 1265): Stop (Decibel Spatializer Library): stop
07-26 12:30:16.854 W/ASvc::Effect( 1265): Stop: no start time, skip end time
07-26 12:30:16.854 I/ASvc::Effect( 1265): command (0xb400007a17f9aaa0): Decibel Spatializer Library current state = IDLE
07-26 12:30:16.854 I/ASvc::Effect( 1265): close (0xb400007a17f9aaa0): close Decibel Spatializer Library
07-26 12:30:16.854 I/ASvc::OffloadLibrary( 1265): DestroyEffect: destroy effect 0xb400007a17f9aaa0
07-26 12:30:16.855 W/audioserver( 1327): Binder 0xb400007983f570c0 destroyed after setInheritRt before being parceled.
07-26 12:30:16.855 W/audioserver( 1327): Binder 0xb400007983f570c0 destroyed after setMinSchedulerPolicy before being parceled.
07-26 12:30:16.855 I/bmtk    ( 4147): #getEarcons
07-26 12:30:16.855 I/ASvc::Factory( 1265): createEffect: create effect from libdownmixaidl.so
07-26 12:30:16.855 I/ASvc::Factory( 1265): createEffect: effect 0xb400007907fbbc50
07-26 12:30:16.855 I/bntt    ( 4147): (REDACTED) #isBluetoothOrWiredHeadsetConnected Number of connected audio devices: %s
07-26 12:30:16.856 I/EffectHalAidl( 1327): createAidlConversion create UUID AudioUuid{timeLow: 941509068, timeMid: 43096, timeHiAndVersion: 19106, clockSeq: 34806, node: [232, 56, 142, 118, 1, 178]}
07-26 12:30:16.856 I/AS.SpatializerHelper( 1659): SpatializerCallback.onOutputChanged output:0
07-26 12:30:16.856 D/EffectConversionHelperAidl( 1327): handleSetConfig at state INIT, opening effect with input AudioConfig{base: AudioConfigBase{sampleRate: 48000, channelMask: AudioChannelLayout{layoutMask: 63}, format: AudioFormatDescription{type: PCM, pcm: FLOAT_32_BIT, encoding: }}, offloadInfo: AudioOffloadInfo{base: AudioConfigBase{sampleRate: 0, channelMask: AudioChannelLayout{none: 0}, format: AudioFormatDescription{type: DEFAULT, pcm: DEFAULT, encoding: }}, streamType: INVALID, bitRatePerSecond: 0, durationUs: 0, hasVideo: false, isStreaming: false, bitWidth: 16, offloadBufferSize: 0, usage: INVALID, encapsulationMode: INVALID, contentId: 0, syncId: 0}, frameCount: 480} output AudioConfig{base: AudioConfigBase{sampleRate: 48000, channelMask: AudioChannelLayout{layoutMask: 63}, format: AudioFormatDescription{type: PCM, pcm: FLOAT_32_BIT, encoding: }}, offloadInfo: AudioOffloadInfo{base: AudioConfigBase{sampleRate: 0, channelMask: AudioChannelLayout{none: 0}, format: AudioFormatDescription{type: DEFAULT, pcm: DEFAULT, encoding: }}, streamType: INVALID, b
07-26 12:30:16.856 I/bqha    ( 4147): (REDACTED) #isRobinOnlyLocale checkedLocale:%s language:%s list:%s
07-26 12:30:16.857 E/AHAL_DownmixContext( 1265): validateCommonConfig: output should be stereo, not AudioChannelLayout{layoutMask: 63}
07-26 12:30:16.857 E/AHAL_EffectImpl( 1265): open: line92 return with expr !mImplContext
07-26 12:30:16.857 E/EffectConversionHelperAidl( 1327): Function: handleSetConfig Line: 192 Failed 
07-26 12:30:16.858 D/EffectConversionHelperAidl( 1327): handleSetConfig at state INIT, opening effect with input AudioConfig{base: AudioConfigBase{sampleRate: 48000, channelMask: AudioChannelLayout{layoutMask: 63}, format: AudioFormatDescription{type: PCM, pcm: FLOAT_32_BIT, encoding: }}, offloadInfo: AudioOffloadInfo{base: AudioConfigBase{sampleRate: 0, channelMask: AudioChannelLayout{none: 0}, format: AudioFormatDescription{type: DEFAULT, pcm: DEFAULT, encoding: }}, streamType: INVALID, bitRatePerSecond: 0, durationUs: 0, hasVideo: false, isStreaming: false, bitWidth: 16, offloadBufferSize: 0, usage: INVALID, encapsulationMode: INVALID, contentId: 0, syncId: 0}, frameCount: 480} output AudioConfig{base: AudioConfigBase{sampleRate: 48000, channelMask: AudioChannelLayout{layoutMask: 63}, format: AudioFormatDescription{type: PCM, pcm: FLOAT_32_BIT, encoding: }}, offloadInfo: AudioOffloadInfo{base: AudioConfigBase{sampleRate: 0, channelMask: AudioChannelLayout{none: 0}, format: AudioFormatDescription{type: DEFAULT, pcm: DEFAULT, encoding: }}, streamType: INVALID, b
07-26 12:30:16.858 E/AHAL_DownmixContext( 1265): validateCommonConfig: output should be stereo, not AudioChannelLayout{layoutMask: 63}
07-26 12:30:16.858 E/AHAL_EffectImpl( 1265): open: line92 return with expr !mImplContext
07-26 12:30:16.858 E/EffectConversionHelperAidl( 1327): Function: handleSetConfig Line: 192 Failed 
07-26 12:30:16.858 D/StreamHalAidl( 1327): [out|ioHandle:501] dump
07-26 12:30:16.860 W/AudioFlinger( 1327): checkEffectCompatibility_l: non post processing effect Multichannel Downmix To Stereo not allowed on output stage session
07-26 12:30:16.860 W/AudioFlinger( 1327): moveEffectChain_ll: effect chain failed because destination thread 0xb400007aa106dfe8 is not compatible with effects in the chain
07-26 12:30:16.861 D/StreamHalAidl( 1327): [out|ioHandle:501] exit
07-26 12:30:16.861 I/ASvc::StreamCommonImpl( 1265): prepareToClose
07-26 12:30:16.861 I/bmuh    ( 4147): (REDACTED) FCF System FeatureName to check: %s
07-26 12:30:16.861 E/AHAL_EffectImpl( 1265): command: line271 return with expr mState == State::INIT
07-26 12:30:16.861 I/AHAL_EffectImpl( 1265): close: line125 return with expr mState == State::INIT
